Archive member included to satisfy reference by file (symbol)

/usr/bin/../lib/gcc/arm-none-eabi/7.3.1/thumb/v7-m/libgcc.a(_aeabi_ldivmod.o)
                              obj_cc2538dk/spi-legacy.o (__aeabi_ldivmod)
/usr/bin/../lib/gcc/arm-none-eabi/7.3.1/thumb/v7-m/libgcc.a(_aeabi_uldivmod.o)
                              obj_cc2538dk/spi-legacy.o (__aeabi_uldivmod)
/usr/bin/../lib/gcc/arm-none-eabi/7.3.1/thumb/v7-m/libgcc.a(_udivmoddi4.o)
                              /usr/bin/../lib/gcc/arm-none-eabi/7.3.1/thumb/v7-m/libgcc.a(_aeabi_ldivmod.o) (__udivmoddi4)
/usr/bin/../lib/gcc/arm-none-eabi/7.3.1/thumb/v7-m/libgcc.a(_dvmd_tls.o)
                              /usr/bin/../lib/gcc/arm-none-eabi/7.3.1/thumb/v7-m/libgcc.a(_aeabi_ldivmod.o) (__aeabi_ldiv0)
/usr/bin/../lib/gcc/arm-none-eabi/7.3.1/../../../../arm-none-eabi/lib/thumb/v7-m/libc.a(lib_a-locale.o)
                              obj_cc2538dk/resolv.o (__locale_ctype_ptr)
/usr/bin/../lib/gcc/arm-none-eabi/7.3.1/../../../../arm-none-eabi/lib/thumb/v7-m/libc.a(lib_a-mbtowc_r.o)
                              /usr/bin/../lib/gcc/arm-none-eabi/7.3.1/../../../../arm-none-eabi/lib/thumb/v7-m/libc.a(lib_a-locale.o) (__ascii_mbtowc)
/usr/bin/../lib/gcc/arm-none-eabi/7.3.1/../../../../arm-none-eabi/lib/thumb/v7-m/libc.a(lib_a-memchr-stub.o)
                              obj_cc2538dk/coap.o (memchr)
/usr/bin/../lib/gcc/arm-none-eabi/7.3.1/../../../../arm-none-eabi/lib/thumb/v7-m/libc.a(lib_a-memcmp.o)
                              obj_cc2538dk/coap-observe-client.o (memcmp)
/usr/bin/../lib/gcc/arm-none-eabi/7.3.1/../../../../arm-none-eabi/lib/thumb/v7-m/libc.a(lib_a-memcpy.o)
                              obj_cc2538dk/ecc-algorithm.o (memcpy)
/usr/bin/../lib/gcc/arm-none-eabi/7.3.1/../../../../arm-none-eabi/lib/thumb/v7-m/libc.a(lib_a-memmove.o)
                              obj_cc2538dk/coap.o (memmove)
/usr/bin/../lib/gcc/arm-none-eabi/7.3.1/../../../../arm-none-eabi/lib/thumb/v7-m/libc.a(lib_a-memset.o)
                              obj_cc2538dk/udma.o (memset)
/usr/bin/../lib/gcc/arm-none-eabi/7.3.1/../../../../arm-none-eabi/lib/thumb/v7-m/libc.a(lib_a-rand.o)
                              obj_cc2538dk/coap-transactions.o (rand)
/usr/bin/../lib/gcc/arm-none-eabi/7.3.1/../../../../arm-none-eabi/lib/thumb/v7-m/libc.a(lib_a-reent.o)
                              obj_cc2538dk/syscalls.o (errno)
/usr/bin/../lib/gcc/arm-none-eabi/7.3.1/../../../../arm-none-eabi/lib/thumb/v7-m/libc.a(lib_a-strcasecmp.o)
                              obj_cc2538dk/resolv.o (strcasecmp)
/usr/bin/../lib/gcc/arm-none-eabi/7.3.1/../../../../arm-none-eabi/lib/thumb/v7-m/libc.a(lib_a-strchr.o)
                              obj_cc2538dk/coap.o (strchr)
/usr/bin/../lib/gcc/arm-none-eabi/7.3.1/../../../../arm-none-eabi/lib/thumb/v7-m/libc.a(lib_a-strcmp.o)
                              obj_cc2538dk/cfs-coffee.o (strcmp)
/usr/bin/../lib/gcc/arm-none-eabi/7.3.1/../../../../arm-none-eabi/lib/thumb/v7-m/libc.a(lib_a-strlen-stub.o)
                              obj_cc2538dk/sensors.o (strlen)
/usr/bin/../lib/gcc/arm-none-eabi/7.3.1/../../../../arm-none-eabi/lib/thumb/v7-m/libc.a(lib_a-strncasecmp.o)
                              obj_cc2538dk/resolv.o (strncasecmp)
/usr/bin/../lib/gcc/arm-none-eabi/7.3.1/../../../../arm-none-eabi/lib/thumb/v7-m/libc.a(lib_a-strncat.o)
                              obj_cc2538dk/resolv.o (strncat)
/usr/bin/../lib/gcc/arm-none-eabi/7.3.1/../../../../arm-none-eabi/lib/thumb/v7-m/libc.a(lib_a-strncmp.o)
                              obj_cc2538dk/sensors.o (strncmp)
/usr/bin/../lib/gcc/arm-none-eabi/7.3.1/../../../../arm-none-eabi/lib/thumb/v7-m/libc.a(lib_a-strncpy.o)
                              obj_cc2538dk/cfs-coffee.o (strncpy)
/usr/bin/../lib/gcc/arm-none-eabi/7.3.1/../../../../arm-none-eabi/lib/thumb/v7-m/libc.a(lib_a-wctomb_r.o)
                              /usr/bin/../lib/gcc/arm-none-eabi/7.3.1/../../../../arm-none-eabi/lib/thumb/v7-m/libc.a(lib_a-locale.o) (__ascii_wctomb)
/usr/bin/../lib/gcc/arm-none-eabi/7.3.1/../../../../arm-none-eabi/lib/thumb/v7-m/libc.a(lib_a-ctype_.o)
                              /usr/bin/../lib/gcc/arm-none-eabi/7.3.1/../../../../arm-none-eabi/lib/thumb/v7-m/libc.a(lib_a-locale.o) (_ctype_)
/usr/bin/../lib/gcc/arm-none-eabi/7.3.1/../../../../arm-none-eabi/lib/thumb/v7-m/libc.a(lib_a-freer.o)
                              /usr/bin/../lib/gcc/arm-none-eabi/7.3.1/../../../../arm-none-eabi/lib/thumb/v7-m/libc.a(lib_a-reent.o) (_free_r)
/usr/bin/../lib/gcc/arm-none-eabi/7.3.1/../../../../arm-none-eabi/lib/thumb/v7-m/libc.a(lib_a-impure.o)
                              /usr/bin/../lib/gcc/arm-none-eabi/7.3.1/../../../../arm-none-eabi/lib/thumb/v7-m/libc.a(lib_a-locale.o) (_impure_ptr)
/usr/bin/../lib/gcc/arm-none-eabi/7.3.1/../../../../arm-none-eabi/lib/thumb/v7-m/libc.a(lib_a-mallocr.o)
[...]
Memory Configuration

Name             Origin             Length             Attributes
FLASH_FW         0x0000000000202000 0x000000000007dfd4 xr
FLASH_CCA        0x000000000027ffd4 0x000000000000002c xr
NRSRAM           0x0000000020000000 0x0000000000000000 xrw
FRSRAM           0x0000000020000000 0x0000000000008000 xrw
*default*        0x0000000000000000 0xffffffffffffffff

Linker script and memory map

LOAD obj_cc2538dk/startup-gcc.o
LOAD obj_cc2538dk/serial-protocol.o
LOAD obj_cc2538dk/example-ipso-temperature.o
LOAD obj_cc2538dk/leds-arch.o
LOAD obj_cc2538dk/platform.o
LOAD obj_cc2538dk/sensors.o
LOAD obj_cc2538dk/smartrf-sensors.o
LOAD obj_cc2538dk/board-buttons.o
LOAD obj_cc2538dk/als-sensor.o
LOAD obj_cc2538dk/soc.o
LOAD obj_cc2538dk/clock.o
LOAD obj_cc2538dk/rtimer-arch.o
LOAD obj_cc2538dk/uart.o
LOAD obj_cc2538dk/watchdog.o
LOAD obj_cc2538dk/nvic.o
LOAD obj_cc2538dk/sys-ctrl.o
LOAD obj_cc2538dk/gpio.o
LOAD obj_cc2538dk/ioc.o
LOAD obj_cc2538dk/spi-legacy.o
LOAD obj_cc2538dk/adc.o
LOAD obj_cc2538dk/spi-arch.o
LOAD obj_cc2538dk/crypto.o
LOAD obj_cc2538dk/aes.o
LOAD obj_cc2538dk/ecb.o
LOAD obj_cc2538dk/cbc.o
LOAD obj_cc2538dk/ctr.o
LOAD obj_cc2538dk/cbc-mac.o
LOAD obj_cc2538dk/gcm.o
LOAD obj_cc2538dk/ccm.o
LOAD obj_cc2538dk/sha256.o
LOAD obj_cc2538dk/gpio-hal-arch.o
LOAD obj_cc2538dk/cc2538-aes-128.o
LOAD obj_cc2538dk/cc2538-ccm-star.o
LOAD obj_cc2538dk/cc2538-rf.o
LOAD obj_cc2538dk/udma.o
LOAD obj_cc2538dk/lpm.o
LOAD obj_cc2538dk/int-master.o
LOAD obj_cc2538dk/pka.o
LOAD obj_cc2538dk/bignum-driver.o
LOAD obj_cc2538dk/ecc-driver.o
LOAD obj_cc2538dk/ecc-algorithm.o
LOAD obj_cc2538dk/ecc-curve.o
LOAD obj_cc2538dk/dbg.o
LOAD obj_cc2538dk/ieee-addr.o
LOAD obj_cc2538dk/slip-arch.o
LOAD obj_cc2538dk/slip.o
LOAD obj_cc2538dk/i2c.o
LOAD obj_cc2538dk/cc2538-temp-sensor.o
LOAD obj_cc2538dk/vdd3-sensor.o
LOAD obj_cc2538dk/cfs-coffee.o
LOAD obj_cc2538dk/cfs-coffee-arch.o
LOAD obj_cc2538dk/pwm.o
LOAD obj_cc2538dk/usb-core.o
LOAD obj_cc2538dk/cdc-acm.o
LOAD obj_cc2538dk/usb-arch.o
LOAD obj_cc2538dk/usb-serial.o
LOAD obj_cc2538dk/cdc-acm-descriptors.o
LOAD obj_cc2538dk/coap-observe-client.o
LOAD obj_cc2538dk/coap-blocking-api.o
LOAD obj_cc2538dk/coap-callback-api.o
LOAD obj_cc2538dk/coap-engine.o
LOAD obj_cc2538dk/coap-observe.o
LOAD obj_cc2538dk/coap-timer-default.o
LOAD obj_cc2538dk/coap-transactions.o
LOAD obj_cc2538dk/coap-res-well-known-core.o
LOAD obj_cc2538dk/coap-keystore-simple.o
LOAD obj_cc2538dk/coap-log.o
LOAD obj_cc2538dk/coap-uip.o
LOAD obj_cc2538dk/coap-separate.o
LOAD obj_cc2538dk/coap-timer.o
LOAD obj_cc2538dk/coap-block1.o
LOAD obj_cc2538dk/coap.o
LOAD obj_cc2538dk/lwm2m-engine.o
LOAD obj_cc2538dk/lwm2m-json.o
LOAD obj_cc2538dk/lwm2m-plain-text.o
LOAD obj_cc2538dk/lwm2m-tlv.o
LOAD obj_cc2538dk/lwm2m-tlv-writer.o
LOAD obj_cc2538dk/lwm2m-queue-mode.o
LOAD obj_cc2538dk/lwm2m-rd-client.o
LOAD obj_cc2538dk/lwm2m-device.o
LOAD obj_cc2538dk/lwm2m-security.o
LOAD obj_cc2538dk/lwm2m-tlv-reader.o
LOAD obj_cc2538dk/lwm2m-server.o
LOAD obj_cc2538dk/lwm2m-notification-queue.o
LOAD obj_cc2538dk/lwm2m-queue-mode-object.o
LOAD obj_cc2538dk/lwm2m-firmware.o
LOAD obj_cc2538dk/ipso-control-template.o
LOAD obj_cc2538dk/ipso-sensor-template.o
LOAD obj_cc2538dk/ipso-light-control.o
LOAD obj_cc2538dk/ipso-leds-control.o
LOAD obj_cc2538dk/ipso-button.o
LOAD obj_cc2538dk/ipso-blockwise-test.o
LOAD obj_cc2538dk/ipso-objects.o
LOAD obj_cc2538dk/ipso-temperature.o
LOAD obj_cc2538dk/contiki-main.o
LOAD obj_cc2538dk/stimer.o
LOAD obj_cc2538dk/autostart.o
LOAD obj_cc2538dk/energest.o
LOAD obj_cc2538dk/etimer.o
LOAD obj_cc2538dk/log.o
LOAD obj_cc2538dk/mutex.o
LOAD obj_cc2538dk/ctimer.o
LOAD obj_cc2538dk/compower.o
LOAD obj_cc2538dk/process.o
LOAD obj_cc2538dk/rtimer.o
LOAD obj_cc2538dk/node-id.o
LOAD obj_cc2538dk/timer.o
LOAD obj_cc2538dk/stack-check.o
LOAD obj_cc2538dk/button-hal.o
LOAD obj_cc2538dk/serial-line.o
LOAD obj_cc2538dk/spi.o
LOAD obj_cc2538dk/leds.o
LOAD obj_cc2538dk/nullradio.o
LOAD obj_cc2538dk/gpio-hal.o
LOAD obj_cc2538dk/dbl-circ-list.o
LOAD obj_cc2538dk/crc16.o
LOAD obj_cc2538dk/ifft.o
LOAD obj_cc2538dk/trickle-timer.o
LOAD obj_cc2538dk/ccm-star.o
LOAD obj_cc2538dk/dbl-list.o
LOAD obj_cc2538dk/ringbufindex.o
LOAD obj_cc2538dk/list.o
LOAD obj_cc2538dk/circular-list.o
LOAD obj_cc2538dk/aes-128.o
LOAD obj_cc2538dk/memb.o
LOAD obj_cc2538dk/heapmem.o
LOAD obj_cc2538dk/random.o
LOAD obj_cc2538dk/assert.o
LOAD obj_cc2538dk/ringbuf.o
LOAD obj_cc2538dk/queuebuf.o
LOAD obj_cc2538dk/nbr-table.o
LOAD obj_cc2538dk/packetbuf.o
LOAD obj_cc2538dk/netstack.o
LOAD obj_cc2538dk/linkaddr.o
LOAD obj_cc2538dk/net-debug.o
LOAD obj_cc2538dk/link-stats.o
LOAD obj_cc2538dk/mac-sequence.o
LOAD obj_cc2538dk/mac.o
LOAD obj_cc2538dk/frame802154e-ie.o
LOAD obj_cc2538dk/framer-802154.o
LOAD obj_cc2538dk/nullframer.o
LOAD obj_cc2538dk/frame802154.o
LOAD obj_cc2538dk/strformat.o
LOAD obj_cc2538dk/printf.o
LOAD obj_cc2538dk/sprintf.o
LOAD obj_cc2538dk/snprintf.o
LOAD obj_cc2538dk/puts.o
LOAD obj_cc2538dk/putchar.o
LOAD obj_cc2538dk/syscalls.o
LOAD obj_cc2538dk/csma.o
LOAD obj_cc2538dk/csma-output.o
LOAD obj_cc2538dk/uipbuf.o
LOAD obj_cc2538dk/uip-icmp6.o
LOAD obj_cc2538dk/uip-sr.o
LOAD obj_cc2538dk/uip-ds6.o
LOAD obj_cc2538dk/uip-packetqueue.o
LOAD obj_cc2538dk/tcp-socket.o
LOAD obj_cc2538dk/ip64-addr.o
LOAD obj_cc2538dk/uip-udp-packet.o
LOAD obj_cc2538dk/uip-ds6-route.o
LOAD obj_cc2538dk/psock.o
LOAD obj_cc2538dk/uip-ds6-nbr.o
LOAD obj_cc2538dk/tcpip.o
LOAD obj_cc2538dk/uip6.o
LOAD obj_cc2538dk/resolv.o
LOAD obj_cc2538dk/uip-nameserver.o
LOAD obj_cc2538dk/uip-nd6.o
LOAD obj_cc2538dk/udp-socket.o
LOAD obj_cc2538dk/simple-udp.o
LOAD obj_cc2538dk/sicslowpan.o
LOAD obj_cc2538dk/uiplib.o
LOAD obj_cc2538dk/rpl-nbr-policy.o
LOAD obj_cc2538dk/rpl-of0.o
LOAD obj_cc2538dk/rpl-neighbor.o
LOAD obj_cc2538dk/rpl-dag.o
LOAD obj_cc2538dk/rpl-timers.o
LOAD obj_cc2538dk/rpl-ext-header.o
LOAD obj_cc2538dk/rpl.o
LOAD obj_cc2538dk/rpl-mrhof.o
LOAD obj_cc2538dk/rpl-icmp6.o
LOAD obj_cc2538dk/rpl-dag-root.o
LOAD example-ipso-temperature.o
LOAD /usr/bin/../lib/gcc/arm-none-eabi/7.3.1/../../../../arm-none-eabi/lib/thumb/v7-m/libm.a
START GROUP
LOAD /usr/bin/../lib/gcc/arm-none-eabi/7.3.1/thumb/v7-m/libgcc.a
LOAD /usr/bin/../lib/gcc/arm-none-eabi/7.3.1/../../../../arm-none-eabi/lib/thumb/v7-m/libc.a
END GROUP

.text           0x0000000000202000     0xb854
                0x0000000000202000                _text = .
 *(SORT_BY_ALIGNMENT(.vectors))
 .vectors       0x0000000000202000      0x28c obj_cc2538dk/startup-gcc.o
                0x0000000000202000                vectors
 *(SORT_BY_ALIGNMENT(.text*))
 .text.reset_handler
                0x000000000020228c       0x40 obj_cc2538dk/startup-gcc.o
                0x000000000020228c                reset_handler
 .text.platform_init_stage_two
                0x00000000002022cc       0x4c obj_cc2538dk/platform.o
                0x00000000002022cc                platform_init_stage_two
 .text.platform_init_stage_three
                0x0000000000202318       0x8c obj_cc2538dk/platform.o
                0x0000000000202318                platform_init_stage_three
 .text.process_thread_sensors_process
                0x00000000002023a4       0xd4 obj_cc2538dk/sensors.o
 .text.value    0x0000000000202478       0x24 obj_cc2538dk/als-sensor.o
 .text.configure
                0x000000000020249c       0x54 obj_cc2538dk/als-sensor.o
 .text.soc_get_rev
                0x00000000002024f0       0x18 obj_cc2538dk/soc.o
                0x00000000002024f0                soc_get_rev
 .text.soc_print_info
                0x0000000000202508       0x10 obj_cc2538dk/soc.o
                0x0000000000202508                soc_print_info
 .text.update_ticks
                0x0000000000202518       0x58 obj_cc2538dk/clock.o
 .text.clock_init
                0x0000000000202570       0x4c obj_cc2538dk/clock.o
                0x0000000000202570                clock_init
 .text.clock_time
                0x00000000002025bc       0x14 obj_cc2538dk/clock.o
                0x00000000002025bc                clock_time
 .text.clock_seconds
                0x00000000002025d0       0x14 obj_cc2538dk/clock.o
                0x00000000002025d0                clock_seconds
 .text.clock_delay_usec
                0x00000000002025e4       0x1c obj_cc2538dk/clock.o
                0x00000000002025e4                clock_delay_usec
 .text.clock_adjust
                0x0000000000202600       0x20 obj_cc2538dk/clock.o
                0x0000000000202600                clock_adjust
 .text.rtimer_arch_next_trigger
                0x0000000000202620        0xc obj_cc2538dk/rtimer-arch.o
                0x0000000000202620                rtimer_arch_next_trigger
 .text.rtimer_arch_now
                0x000000000020262c       0x24 obj_cc2538dk/rtimer-arch.o
                0x000000000020262c                rtimer_arch_now
 .text.rtimer_arch_schedule
                0x0000000000202650       0x58 obj_cc2538dk/rtimer-arch.o
                0x0000000000202650                rtimer_arch_schedule
 .text.rtimer_isr
                0x00000000002026a8       0x2c obj_cc2538dk/rtimer-arch.o
                0x00000000002026a8                rtimer_isr
 .text.permit_pm1
                0x00000000002026d4       0x24 obj_cc2538dk/uart.o
 .text.uart_isr
                0x00000000002026f8       0x60 obj_cc2538dk/uart.o
 .text.uart_init
                0x0000000000202758      0x198 obj_cc2538dk/uart.o
                0x0000000000202758                uart_init
 .text.uart_set_input
                0x00000000002028f0       0x10 obj_cc2538dk/uart.o
                0x00000000002028f0                uart_set_input
 .text.uart_write_byte
                0x0000000000202900       0x1c obj_cc2538dk/uart.o
                0x0000000000202900                uart_write_byte
 .text.watchdog_init
                0x000000000020291c        0xc obj_cc2538dk/watchdog.o
                0x000000000020291c                watchdog_init
 .text.watchdog_start
                0x0000000000202928        0xc obj_cc2538dk/watchdog.o
                0x0000000000202928                watchdog_start
 .text.watchdog_periodic
                0x0000000000202934       0x10 obj_cc2538dk/watchdog.o
                0x0000000000202934                watchdog_periodic
 .text.nvic_init
                0x0000000000202944       0x10 obj_cc2538dk/nvic.o
                0x0000000000202944                nvic_init
 .text.sys_ctrl_init
                0x0000000000202954       0x74 obj_cc2538dk/sys-ctrl.o
                0x0000000000202954                sys_ctrl_init
 .text.gpio_port_isr
                0x00000000002029c8       0x48 obj_cc2538dk/gpio.o
 .text.ioc_init
                0x0000000000202a10       0x1c obj_cc2538dk/ioc.o
                0x0000000000202a10                ioc_init
 .text.ioc_set_over
                0x0000000000202a2c       0x14 obj_cc2538dk/ioc.o
                0x0000000000202a2c                ioc_set_over
 .text.ioc_set_sel
                0x0000000000202a40       0x14 obj_cc2538dk/ioc.o
                0x0000000000202a40                ioc_set_sel
 .text.adc_init
                0x0000000000202a54       0x10 obj_cc2538dk/adc.o
                0x0000000000202a54                adc_init
 .text.adc_get  0x0000000000202a64       0x74 obj_cc2538dk/adc.o
                0x0000000000202a64                adc_get
 .text.permit_pm1
                0x0000000000202ad8       0x10 obj_cc2538dk/crypto.o
 .text.crypto_isr
                0x0000000000202ae8       0x28 obj_cc2538dk/crypto.o
                0x0000000000202ae8                crypto_isr
 .text.crypto_enable
                0x0000000000202b10       0x20 obj_cc2538dk/crypto.o
                0x0000000000202b10                crypto_enable
 .text.crypto_init
                0x0000000000202b30       0x3c obj_cc2538dk/crypto.o
                0x0000000000202b30                crypto_init
 .text.crypto_disable
                0x0000000000202b6c       0x20 obj_cc2538dk/crypto.o
                0x0000000000202b6c                crypto_disable
 .text.gpio_hal_arch_pin_cfg_set
                0x0000000000202b8c       0xd8 obj_cc2538dk/gpio-hal-arch.o
                0x0000000000202b8c                gpio_hal_arch_pin_cfg_set
 .text.off      0x0000000000202c64       0x40 obj_cc2538dk/cc2538-rf.o
 .text.receiving_packet
                0x0000000000202ca4       0x18 obj_cc2538dk/cc2538-rf.o
 .text.pending_packet
                0x0000000000202cbc       0x10 obj_cc2538dk/cc2538-rf.o
 .text.set_poll_mode
                0x0000000000202ccc       0x98 obj_cc2538dk/cc2538-rf.o
 .text.on       0x0000000000202d64       0x2c obj_cc2538dk/cc2538-rf.o
 .text.set_channel
                0x0000000000202d90       0x48 obj_cc2538dk/cc2538-rf.o
 .text.get_value
                0x0000000000202dd8      0x160 obj_cc2538dk/cc2538-rf.o
 .text.channel_clear
                0x0000000000202f38       0x3c obj_cc2538dk/cc2538-rf.o
 .text.set_value
                0x0000000000202f74       0xf4 obj_cc2538dk/cc2538-rf.o
 .text.prepare  0x0000000000203068       0x64 obj_cc2538dk/cc2538-rf.o
 .text.transmit
                0x00000000002030cc       0x9c obj_cc2538dk/cc2538-rf.o
 .text.set_object
                0x0000000000203168       0x30 obj_cc2538dk/cc2538-rf.o
 .text.read     0x0000000000203198       0xe4 obj_cc2538dk/cc2538-rf.o
 .text.init     0x000000000020327c       0xc8 obj_cc2538dk/cc2538-rf.o
 .text.process_thread_cc2538_rf_process
                0x0000000000203344       0x90 obj_cc2538dk/cc2538-rf.o
 .text.get_object
                0x00000000002033d4      0x148 obj_cc2538dk/cc2538-rf.o
 .text.cc2538_rf_rx_tx_isr
                0x000000000020351c       0x24 obj_cc2538dk/cc2538-rf.o
                0x000000000020351c                cc2538_rf_rx_tx_isr
 .text.cc2538_rf_err_isr
                0x0000000000203540       0x28 obj_cc2538dk/cc2538-rf.o
                0x0000000000203540                cc2538_rf_err_isr
 .text.udma_init
                0x0000000000203568       0x34 obj_cc2538dk/udma.o
                0x0000000000203568                udma_init
 .text.udma_set_channel_src
                0x000000000020359c       0x10 obj_cc2538dk/udma.o
                0x000000000020359c                udma_set_channel_src
 .text.udma_set_channel_dst
                0x00000000002035ac       0x14 obj_cc2538dk/udma.o
                0x00000000002035ac                udma_set_channel_dst
 .text.udma_set_channel_control_word
                0x00000000002035c0       0x14 obj_cc2538dk/udma.o
                0x00000000002035c0                udma_set_channel_control_word
 .text.udma_channel_enable
                0x00000000002035d4       0x18 obj_cc2538dk/udma.o
                0x00000000002035d4                udma_channel_enable
 .text.udma_channel_mask_set
                0x00000000002035ec       0x18 obj_cc2538dk/udma.o
                0x00000000002035ec                udma_channel_mask_set
 .text.udma_channel_sw_request
                0x0000000000203604       0x18 obj_cc2538dk/udma.o
                0x0000000000203604                udma_channel_sw_request
 .text.udma_channel_get_mode
                0x000000000020361c       0x1c obj_cc2538dk/udma.o
                0x000000000020361c                udma_channel_get_mode
 .text.udma_isr
                0x0000000000203638       0x10 obj_cc2538dk/udma.o
                0x0000000000203638                udma_isr
 .text.udma_err_isr
                0x0000000000203648        0xc obj_cc2538dk/udma.o
                0x0000000000203648                udma_err_isr
 .text.select_32_mhz_xosc
                0x0000000000203654       0x2c obj_cc2538dk/lpm.o
 .text.lpm_exit
                0x0000000000203680       0x34 obj_cc2538dk/lpm.o
                0x0000000000203680                lpm_exit
 .text.lpm_enter
                0x00000000002036b4       0xb4 obj_cc2538dk/lpm.o
                0x00000000002036b4                lpm_enter
 .text.lpm_register_peripheral
                0x0000000000203768       0x20 obj_cc2538dk/lpm.o
                0x0000000000203768                lpm_register_peripheral
 .text.lpm_init
                0x0000000000203788       0x24 obj_cc2538dk/lpm.o
                0x0000000000203788                lpm_init
 .text.pka_isr  0x00000000002037ac       0x28 obj_cc2538dk/pka.o
                0x00000000002037ac                pka_isr
 .text.ieee_addr_cpy_to
                0x00000000002037d4       0x5c obj_cc2538dk/ieee-addr.o
                0x00000000002037d4                ieee_addr_cpy_to
 .text.simple_reply.isra.1
                0x0000000000203830       0x38 obj_cc2538dk/coap-observe-client.o
 .text.coap_get_obs_subject_by_token
                0x0000000000203868       0x34 obj_cc2538dk/coap-observe-client.o
                0x0000000000203868                coap_get_obs_subject_by_token
 .text.process_callback
                0x000000000020389c       0x3c obj_cc2538dk/coap-engine.o
 .text.coap_call_handlers
                0x00000000002038d8       0x50 obj_cc2538dk/coap-engine.o
                0x00000000002038d8                coap_call_handlers
 .text.coap_receive
                0x0000000000203928      0x398 obj_cc2538dk/coap-engine.o
                0x0000000000203928                coap_receive
 .text.coap_activate_resource
                0x0000000000203cc0       0x40 obj_cc2538dk/coap-engine.o
                0x0000000000203cc0                coap_activate_resource
 .text.coap_engine_init
                0x0000000000203d00       0x44 obj_cc2538dk/coap-engine.o
                0x0000000000203d00                coap_engine_init
 .text.coap_get_first_resource
                0x0000000000203d44        0xc obj_cc2538dk/coap-engine.o
                0x0000000000203d44                coap_get_first_resource
 .text.coap_remove_observer
                0x0000000000203d50       0x20 obj_cc2538dk/coap-observe.o
                0x0000000000203d50                coap_remove_observer
 .text.coap_remove_observer_by_client
                0x0000000000203d70       0x30 obj_cc2538dk/coap-observe.o
                0x0000000000203d70                coap_remove_observer_by_client
 .text.coap_remove_observer_by_token
                0x0000000000203da0       0x50 obj_cc2538dk/coap-observe.o
                0x0000000000203da0                coap_remove_observer_by_token
 .text.coap_remove_observer_by_uri
                0x0000000000203df0       0x58 obj_cc2538dk/coap-observe.o
                0x0000000000203df0                coap_remove_observer_by_uri
 .text.coap_remove_observer_by_mid
                0x0000000000203e48       0x38 obj_cc2538dk/coap-observe.o
                0x0000000000203e48                coap_remove_observer_by_mid
 .text.coap_observe_handler
                0x0000000000203e80       0xd4 obj_cc2538dk/coap-observe.o
                0x0000000000203e80                coap_observe_handler
 .text.update   0x0000000000203f54        0xc obj_cc2538dk/coap-timer-default.o
 .text.process_thread_coap_timer_process
                0x0000000000203f60       0x84 obj_cc2538dk/coap-timer-default.o
 .text.uptime   0x0000000000203fe4       0x48 obj_cc2538dk/coap-timer-default.o
 .text.init     0x000000000020402c        0xc obj_cc2538dk/coap-timer-default.o
 .text.coap_new_transaction
                0x0000000000204038       0x34 obj_cc2538dk/coap-transactions.o
                0x0000000000204038                coap_new_transaction
 .text.coap_clear_transaction
                0x000000000020406c       0x2c obj_cc2538dk/coap-transactions.o
                0x000000000020406c                coap_clear_transaction
 .text.coap_send_transaction
                0x0000000000204098       0x90 obj_cc2538dk/coap-transactions.o
                0x0000000000204098                coap_send_transaction
 .text.coap_get_transaction_by_mid
                0x0000000000204128       0x1c obj_cc2538dk/coap-transactions.o
                0x0000000000204128                coap_get_transaction_by_mid
 .text.well_known_core_get_handler
                0x0000000000204144      0x168 obj_cc2538dk/coap-res-well-known-core.o
 .text.process_thread_coap_engine
                0x00000000002042ac       0xa0 obj_cc2538dk/coap-uip.o
 .text.coap_databuf
                0x000000000020434c        0xc obj_cc2538dk/coap-uip.o
                0x000000000020434c                coap_databuf
 .text.coap_transport_init
                0x0000000000204358        0xc obj_cc2538dk/coap-uip.o
                0x0000000000204358                coap_transport_init
 .text.coap_sendto
                0x0000000000204364       0x34 obj_cc2538dk/coap-uip.o
                0x0000000000204364                coap_sendto
 .text.coap_timer_uptime
                0x0000000000204398        0xc obj_cc2538dk/coap-timer.o
 .text.coap_timer_stop
                0x00000000002043a4       0x1c obj_cc2538dk/coap-timer.o
                0x00000000002043a4                coap_timer_stop
 .text.coap_timer_time_to_next_expiration
                0x00000000002043c0       0x3c obj_cc2538dk/coap-timer.o
                0x00000000002043c0                coap_timer_time_to_next_expiration
 .text.coap_timer_run
                0x00000000002043fc       0x64 obj_cc2538dk/coap-timer.o
                0x00000000002043fc                coap_timer_run
 .text.coap_timer_init
                0x0000000000204460       0x2c obj_cc2538dk/coap-timer.o
                0x0000000000204460                coap_timer_init
 .text.add_timer
                0x000000000020448c       0x74 obj_cc2538dk/coap-timer.o
 .text.coap_init_connection
                0x0000000000204500       0x10 obj_cc2538dk/coap.o
                0x0000000000204500                coap_init_connection
 .text.coap_get_mid
                0x0000000000204510       0x10 obj_cc2538dk/coap.o
                0x0000000000204510                coap_get_mid
 .text.coap_serialize_message
                0x0000000000204520      0x35c obj_cc2538dk/coap.o
                0x0000000000204520                coap_serialize_message
 .text.coap_parse_message
                0x000000000020487c      0x2d0 obj_cc2538dk/coap.o
                0x000000000020487c                coap_parse_message
 .text.startup.main
                0x0000000000204b4c      0x1ec obj_cc2538dk/contiki-main.o
                0x0000000000204b4c                main
 .text.stimer_expired
                0x0000000000204d38       0x20 obj_cc2538dk/stimer.o
                0x0000000000204d38                stimer_expired
 .text.update_time
                0x0000000000204d58       0x44 obj_cc2538dk/etimer.o
 .text.etimer_request_poll
                0x0000000000204d9c        0xc obj_cc2538dk/etimer.o
                0x0000000000204d9c                etimer_request_poll
 .text.process_thread_etimer_process
                0x0000000000204da8       0xac obj_cc2538dk/etimer.o
 .text.add_timer
                0x0000000000204e54       0x40 obj_cc2538dk/etimer.o
 .text.etimer_pending
                0x0000000000204e94       0x10 obj_cc2538dk/etimer.o
                0x0000000000204e94                etimer_pending
 .text.etimer_stop
                0x0000000000204ea4       0x34 obj_cc2538dk/etimer.o
                0x0000000000204ea4                etimer_stop
 .text.log_6addr
                0x0000000000204ed8       0x20 obj_cc2538dk/log.o
                0x0000000000204ed8                log_6addr
 .text.log_lladdr
                0x0000000000204ef8       0x40 obj_cc2538dk/log.o
                0x0000000000204ef8                log_lladdr
 .text.process_thread_ctimer_process
                0x0000000000204f38       0x7c obj_cc2538dk/ctimer.o
 .text.ctimer_init
                0x0000000000204fb4       0x28 obj_cc2538dk/ctimer.o
                0x0000000000204fb4                ctimer_init
 .text.ctimer_set_with_process
                0x0000000000204fdc       0x44 obj_cc2538dk/ctimer.o
                0x0000000000204fdc                ctimer_set_with_process
 .text.ctimer_set
                0x0000000000205020       0x14 obj_cc2538dk/ctimer.o
                0x0000000000205020                ctimer_set
 .text.ctimer_reset
                0x0000000000205034       0x38 obj_cc2538dk/ctimer.o
                0x0000000000205034                ctimer_reset
 .text.ctimer_stop
                0x000000000020506c       0x2c obj_cc2538dk/ctimer.o
                0x000000000020506c                ctimer_stop
 .text.ctimer_expired
                0x0000000000205098       0x34 obj_cc2538dk/ctimer.o
                0x0000000000205098                ctimer_expired
 .text.call_process.part.0
                0x00000000002050cc       0x38 obj_cc2538dk/process.o
 .text.exit_process
                0x0000000000205104       0x80 obj_cc2538dk/process.o
 .text.do_poll  0x0000000000205184       0x30 obj_cc2538dk/process.o
 .text.process_alloc_event
                0x00000000002051b4       0x10 obj_cc2538dk/process.o
                0x00000000002051b4                process_alloc_event
 .text.process_init
                0x00000000002051c4       0x30 obj_cc2538dk/process.o
                0x00000000002051c4                process_init
 .text.process_run
                0x00000000002051f4       0x88 obj_cc2538dk/process.o
                0x00000000002051f4                process_run
 .text.process_nevents
                0x000000000020527c       0x14 obj_cc2538dk/process.o
                0x000000000020527c                process_nevents
 .text.process_post
                0x0000000000205290       0x3c obj_cc2538dk/process.o
                0x0000000000205290                process_post
 .text.process_post_synch
                0x00000000002052cc       0x14 obj_cc2538dk/process.o
                0x00000000002052cc                process_post_synch
 .text.process_start
                0x00000000002052e0       0x30 obj_cc2538dk/process.o
                0x00000000002052e0                process_start
 .text.process_poll
                0x0000000000205310       0x18 obj_cc2538dk/process.o
                0x0000000000205310                process_poll
 .text.rtimer_run_next
                0x0000000000205328       0x28 obj_cc2538dk/rtimer.o
                0x0000000000205328                rtimer_run_next
 .text.node_id_init
                0x0000000000205350       0x18 obj_cc2538dk/node-id.o
                0x0000000000205350                node_id_init
 .text.stack_check_init
                0x0000000000205368       0x28 obj_cc2538dk/stack-check.o
                0x0000000000205368                stack_check_init
 .text.stack_check_get_usage
                0x0000000000205390       0x40 obj_cc2538dk/stack-check.o
                0x0000000000205390                stack_check_get_usage
 .text.process_thread_stack_check_process
                0x00000000002053d0       0x84 obj_cc2538dk/stack-check.o
 .text.duration_exceeded_callback
                0x0000000000205454       0x34 obj_cc2538dk/button-hal.o
 .text.process_thread_button_hal_process
                0x0000000000205488       0x78 obj_cc2538dk/button-hal.o
 .text.press_release_handler
                0x0000000000205500       0x18 obj_cc2538dk/button-hal.o
 .text.debounce_handler
                0x0000000000205518       0x64 obj_cc2538dk/button-hal.o
 .text.button_hal_init
                0x000000000020557c       0xfc obj_cc2538dk/button-hal.o
                0x000000000020557c                button_hal_init
 .text.process_thread_serial_line_process
                0x0000000000205678       0x98 obj_cc2538dk/serial-line.o
 .text.serial_line_input_byte
                0x0000000000205710       0x48 obj_cc2538dk/serial-line.o
                0x0000000000205710                serial_line_input_byte
 .text.serial_line_init
                0x0000000000205758       0x24 obj_cc2538dk/serial-line.o
                0x0000000000205758                serial_line_init
 .text.leds_on  0x000000000020577c       0x4c obj_cc2538dk/leds.o
                0x000000000020577c                leds_on
 .text.leds_off
                0x00000000002057c8       0x48 obj_cc2538dk/leds.o
                0x00000000002057c8                leds_off
 .text.leds_init
                0x0000000000205810       0x48 obj_cc2538dk/leds.o
                0x0000000000205810                leds_init
 .text.gpio_hal_register_handler
                0x0000000000205858        0xc obj_cc2538dk/gpio-hal.o
                0x0000000000205858                gpio_hal_register_handler
 .text.gpio_hal_event_handler
                0x0000000000205864       0x24 obj_cc2538dk/gpio-hal.o
                0x0000000000205864                gpio_hal_event_handler
 .text.gpio_hal_init
                0x0000000000205888        0xc obj_cc2538dk/gpio-hal.o
                0x0000000000205888                gpio_hal_init
 .text.random_rand
                0x0000000000205894       0x24 obj_cc2538dk/random.o
                0x0000000000205894                random_rand
 .text.random_init
                0x00000000002058b8       0x78 obj_cc2538dk/random.o
                0x00000000002058b8                random_init
 .text.queuebuf_init
                0x0000000000205930       0x1c obj_cc2538dk/queuebuf.o
                0x0000000000205930                queuebuf_init
 .text.queuebuf_numfree
                0x000000000020594c        0xc obj_cc2538dk/queuebuf.o
                0x000000000020594c                queuebuf_numfree
 .text.queuebuf_new_from_packetbuf
                0x0000000000205958       0x44 obj_cc2538dk/queuebuf.o
                0x0000000000205958                queuebuf_new_from_packetbuf
 .text.queuebuf_free
                0x000000000020599c       0x2c obj_cc2538dk/queuebuf.o
                0x000000000020599c                queuebuf_free
 .text.queuebuf_to_packetbuf
                0x00000000002059c8       0x30 obj_cc2538dk/queuebuf.o
                0x00000000002059c8                queuebuf_to_packetbuf
 .text.index_from_key
                0x00000000002059f8       0x20 obj_cc2538dk/nbr-table.o
 .text.index_from_lladdr
                0x0000000000205a18       0x40 obj_cc2538dk/nbr-table.o
 .text.nbr_get_bit.constprop.0
                0x0000000000205a58       0x24 obj_cc2538dk/nbr-table.o
 .text.nbr_table_is_registered
                0x0000000000205a7c       0x20 obj_cc2538dk/nbr-table.o
                0x0000000000205a7c                nbr_table_is_registered
 .text.nbr_table_register
                0x0000000000205a9c       0x30 obj_cc2538dk/nbr-table.o
                0x0000000000205a9c                nbr_table_register
 .text.nbr_table_next
                0x0000000000205acc       0x48 obj_cc2538dk/nbr-table.o
                0x0000000000205acc                nbr_table_next
 .text.nbr_table_head
                0x0000000000205b14       0x38 obj_cc2538dk/nbr-table.o
                0x0000000000205b14                nbr_table_head
 .text.nbr_table_add_lladdr
                0x0000000000205b4c      0x14c obj_cc2538dk/nbr-table.o
                0x0000000000205b4c                nbr_table_add_lladdr
 .text.nbr_table_remove
                0x0000000000205c98       0x2c obj_cc2538dk/nbr-table.o
                0x0000000000205c98                nbr_table_remove
 .text.nbr_table_lock
                0x0000000000205cc4       0x10 obj_cc2538dk/nbr-table.o
                0x0000000000205cc4                nbr_table_lock
 .text.nbr_table_unlock
                0x0000000000205cd4       0x10 obj_cc2538dk/nbr-table.o
                0x0000000000205cd4                nbr_table_unlock
 .text.nbr_table_get_lladdr
                0x0000000000205ce4       0x24 obj_cc2538dk/nbr-table.o
                0x0000000000205ce4                nbr_table_get_lladdr
 .text.packetbuf_hdrreduce
                0x0000000000205d08       0x28 obj_cc2538dk/packetbuf.o
                0x0000000000205d08                packetbuf_hdrreduce
 .text.packetbuf_set_datalen
                0x0000000000205d30        0xc obj_cc2538dk/packetbuf.o
                0x0000000000205d30                packetbuf_set_datalen
 .text.packetbuf_hdrptr
                0x0000000000205d3c        0x8 obj_cc2538dk/packetbuf.o
                0x0000000000205d3c                packetbuf_hdrptr
 .text.packetbuf_datalen
                0x0000000000205d44        0xc obj_cc2538dk/packetbuf.o
                0x0000000000205d44                packetbuf_datalen
 .text.packetbuf_hdrlen
                0x0000000000205d50       0x18 obj_cc2538dk/packetbuf.o
                0x0000000000205d50                packetbuf_hdrlen
 .text.packetbuf_dataptr
                0x0000000000205d68       0x10 obj_cc2538dk/packetbuf.o
                0x0000000000205d68                packetbuf_dataptr
 .text.packetbuf_copyto
                0x0000000000205d78       0x44 obj_cc2538dk/packetbuf.o
                0x0000000000205d78                packetbuf_copyto
 .text.packetbuf_totlen
                0x0000000000205dbc       0x14 obj_cc2538dk/packetbuf.o
                0x0000000000205dbc                packetbuf_totlen
 .text.packetbuf_hdralloc
                0x0000000000205dd0       0x3c obj_cc2538dk/packetbuf.o
                0x0000000000205dd0                packetbuf_hdralloc
 .text.packetbuf_attr_clear
                0x0000000000205e0c       0x34 obj_cc2538dk/packetbuf.o
                0x0000000000205e0c                packetbuf_attr_clear
 .text.packetbuf_clear
                0x0000000000205e40       0x20 obj_cc2538dk/packetbuf.o
                0x0000000000205e40                packetbuf_clear
 .text.packetbuf_copyfrom
                0x0000000000205e60       0x2c obj_cc2538dk/packetbuf.o
                0x0000000000205e60                packetbuf_copyfrom
 .text.packetbuf_attr_copyto
                0x0000000000205e8c       0x24 obj_cc2538dk/packetbuf.o
                0x0000000000205e8c                packetbuf_attr_copyto
 .text.packetbuf_attr_copyfrom
                0x0000000000205eb0       0x24 obj_cc2538dk/packetbuf.o
                0x0000000000205eb0                packetbuf_attr_copyfrom
 .text.packetbuf_set_attr
                0x0000000000205ed4       0x10 obj_cc2538dk/packetbuf.o
                0x0000000000205ed4                packetbuf_set_attr
 .text.packetbuf_attr
                0x0000000000205ee4        0xc obj_cc2538dk/packetbuf.o
                0x0000000000205ee4                packetbuf_attr
 .text.packetbuf_set_addr
                0x0000000000205ef0       0x18 obj_cc2538dk/packetbuf.o
                0x0000000000205ef0                packetbuf_set_addr
 .text.packetbuf_addr
                0x0000000000205f08       0x10 obj_cc2538dk/packetbuf.o
                0x0000000000205f08                packetbuf_addr
 .text.packetbuf_holds_broadcast
                0x0000000000205f18       0x10 obj_cc2538dk/packetbuf.o
                0x0000000000205f18                packetbuf_holds_broadcast
 .text.netstack_process_ip_callback
                0x0000000000205f28       0x40 obj_cc2538dk/netstack.o
                0x0000000000205f28                netstack_process_ip_callback
 .text.netstack_init
                0x0000000000205f68       0x24 obj_cc2538dk/netstack.o
                0x0000000000205f68                netstack_init
 .text.periodic
                0x0000000000205f8c       0x2c obj_cc2538dk/link-stats.o
 .text.link_stats_from_lladdr
                0x0000000000205fb8        0xc obj_cc2538dk/link-stats.o
                0x0000000000205fb8                link_stats_from_lladdr
 .text.link_stats_packet_sent
                0x0000000000205fc4       0x74 obj_cc2538dk/link-stats.o
                0x0000000000205fc4                link_stats_packet_sent
 .text.link_stats_input_callback
                0x0000000000206038       0x4c obj_cc2538dk/link-stats.o
                0x0000000000206038                link_stats_input_callback
 .text.link_stats_reset
                0x0000000000206084       0x28 obj_cc2538dk/link-stats.o
                0x0000000000206084                link_stats_reset
 .text.link_stats_init
                0x00000000002060ac       0x28 obj_cc2538dk/link-stats.o
                0x00000000002060ac                link_stats_init
 .text.mac_sequence_is_duplicate
                0x00000000002060d4       0x48 obj_cc2538dk/mac-sequence.o
                0x00000000002060d4                mac_sequence_is_duplicate
 .text.mac_sequence_register_seqno
                0x000000000020611c       0x58 obj_cc2538dk/mac-sequence.o
                0x000000000020611c                mac_sequence_register_seqno
 .text.create_frame
                0x0000000000206174       0xd0 obj_cc2538dk/framer-802154.o
 .text.frame802154_get_pan_id
                0x0000000000206244        0xc obj_cc2538dk/frame802154.o
                0x0000000000206244                frame802154_get_pan_id
 .text.frame802154_parse
                0x0000000000206250      0x12c obj_cc2538dk/frame802154.o
                0x0000000000206250                frame802154_parse
 .text.fill_space
                0x000000000020637c       0x34 obj_cc2538dk/strformat.o
 .text.format_str_v
                0x00000000002063b0      0x6dc obj_cc2538dk/strformat.o
                0x00000000002063b0                format_str_v
 .text.printf   0x0000000000206a8c       0x20 obj_cc2538dk/printf.o
                0x0000000000206a8c                printf
 .text.vsnprintf
                0x0000000000206aac       0x28 obj_cc2538dk/snprintf.o
                0x0000000000206aac                vsnprintf
 .text.on       0x0000000000206ad4        0xc obj_cc2538dk/csma.o
 .text.off      0x0000000000206ae0        0xc obj_cc2538dk/csma.o
 .text.input_packet
                0x0000000000206aec       0x54 obj_cc2538dk/csma.o
 .text.schedule_transmission
                0x0000000000206b40       0x38 obj_cc2538dk/csma-output.o
 .text.tx_done  0x0000000000206b78       0x7c obj_cc2538dk/csma-output.o
 .text.transmit_from_queue
                0x0000000000206bf4      0x1dc obj_cc2538dk/csma-output.o
 .text.csma_output_packet
                0x0000000000206dd0      0x13c obj_cc2538dk/csma-output.o
                0x0000000000206dd0                csma_output_packet
 .text.csma_output_init
                0x0000000000206f0c       0x28 obj_cc2538dk/csma-output.o
                0x0000000000206f0c                csma_output_init
 .text.uipbuf_get_attr
                0x0000000000206f34       0x14 obj_cc2538dk/uipbuf.o
                0x0000000000206f34                uipbuf_get_attr
 .text.uipbuf_clear_attr
                0x0000000000206f48       0x18 obj_cc2538dk/uipbuf.o
                0x0000000000206f48                uipbuf_clear_attr
 .text.echo_reply_input
                0x0000000000206f60       0xa4 obj_cc2538dk/uip-icmp6.o
 .text.echo_request_input
                0x0000000000207004       0xd0 obj_cc2538dk/uip-icmp6.o
 .text.uip_icmp6_input
                0x00000000002070d4       0x38 obj_cc2538dk/uip-icmp6.o
                0x00000000002070d4                uip_icmp6_input
 .text.uip_icmp6_register_input_handler
                0x000000000020710c        0xc obj_cc2538dk/uip-icmp6.o
                0x000000000020710c                uip_icmp6_register_input_handler
 .text.uip_icmp6_error_output
                0x0000000000207118      0x150 obj_cc2538dk/uip-icmp6.o
                0x0000000000207118                uip_icmp6_error_output
 .text.uip_icmp6_send
                0x0000000000207268       0x78 obj_cc2538dk/uip-icmp6.o
                0x0000000000207268                uip_icmp6_send
 .text.uip_icmp6_init
                0x00000000002072e0       0x1c obj_cc2538dk/uip-icmp6.o
                0x00000000002072e0                uip_icmp6_init
 .text.node_matches_address.part.0
                0x00000000002072fc       0x28 obj_cc2538dk/uip-sr.o
 .text.uip_sr_get_node
                0x0000000000207324       0x38 obj_cc2538dk/uip-sr.o
                0x0000000000207324                uip_sr_get_node
 .text.uip_sr_is_addr_reachable
                0x000000000020735c       0x44 obj_cc2538dk/uip-sr.o
                0x000000000020735c                uip_sr_is_addr_reachable
 .text.uip_sr_update_node
                0x00000000002073a0       0xa4 obj_cc2538dk/uip-sr.o
                0x00000000002073a0                uip_sr_update_node
 .text.uip_sr_init
                0x0000000000207444       0x24 obj_cc2538dk/uip-sr.o
                0x0000000000207444                uip_sr_init
 .text.uip_sr_periodic
                0x0000000000207468       0x74 obj_cc2538dk/uip-sr.o
                0x0000000000207468                uip_sr_periodic
 .text.uip_sr_free_all
                0x00000000002074dc       0x48 obj_cc2538dk/uip-sr.o
                0x00000000002074dc                uip_sr_free_all
 .text.uip_ds6_prefix_add
                0x0000000000207524       0x64 obj_cc2538dk/uip-ds6.o
                0x0000000000207524                uip_ds6_prefix_add
 .text.uip_ds6_is_addr_onlink
                0x0000000000207588       0x40 obj_cc2538dk/uip-ds6.o
                0x0000000000207588                uip_ds6_is_addr_onlink
 .text.uip_ds6_addr_lookup
                0x00000000002075c8       0x2c obj_cc2538dk/uip-ds6.o
                0x00000000002075c8                uip_ds6_addr_lookup
 .text.uip_ds6_get_link_local
                0x00000000002075f4       0x3c obj_cc2538dk/uip-ds6.o
                0x00000000002075f4                uip_ds6_get_link_local
 .text.uip_ds6_maddr_add
                0x0000000000207630       0x4c obj_cc2538dk/uip-ds6.o
                0x0000000000207630                uip_ds6_maddr_add
 .text.uip_ds6_addr_add
                0x000000000020767c       0x98 obj_cc2538dk/uip-ds6.o
                0x000000000020767c                uip_ds6_addr_add
 .text.uip_ds6_maddr_lookup
                0x0000000000207714       0x2c obj_cc2538dk/uip-ds6.o
                0x0000000000207714                uip_ds6_maddr_lookup
 .text.uip_ds6_addr_rm
                0x0000000000207740       0x44 obj_cc2538dk/uip-ds6.o
                0x0000000000207740                uip_ds6_addr_rm
 .text.uip_ds6_periodic
                0x0000000000207784       0x48 obj_cc2538dk/uip-ds6.o
                0x0000000000207784                uip_ds6_periodic
 .text.uip_ds6_select_src
                0x00000000002077cc       0x94 obj_cc2538dk/uip-ds6.o
                0x00000000002077cc                uip_ds6_select_src
 .text.uip_ds6_compute_reachable_time
                0x0000000000207860       0x2c obj_cc2538dk/uip-ds6.o
                0x0000000000207860                uip_ds6_compute_reachable_time
 .text.uip_ds6_init
                0x000000000020788c       0xe0 obj_cc2538dk/uip-ds6.o
                0x000000000020788c                uip_ds6_init
 .text.uip_udp_packet_send
                0x000000000020796c       0x34 obj_cc2538dk/uip-udp-packet.o
                0x000000000020796c                uip_udp_packet_send
 .text.uip_ds6_route_init
                0x00000000002079a0       0x1c obj_cc2538dk/uip-ds6-route.o
                0x00000000002079a0                uip_ds6_route_init
 .text.uip_ds6_defrt_rm
                0x00000000002079bc       0x38 obj_cc2538dk/uip-ds6-route.o
                0x00000000002079bc                uip_ds6_defrt_rm
 .text.uip_ds6_defrt_lookup
                0x00000000002079f4       0x34 obj_cc2538dk/uip-ds6-route.o
                0x00000000002079f4                uip_ds6_defrt_lookup
 .text.uip_ds6_defrt_add
                0x0000000000207a28       0x60 obj_cc2538dk/uip-ds6-route.o
                0x0000000000207a28                uip_ds6_defrt_add
 .text.uip_ds6_defrt_choose
                0x0000000000207a88       0x30 obj_cc2538dk/uip-ds6-route.o
                0x0000000000207a88                uip_ds6_defrt_choose
 .text.uip_ds6_defrt_periodic
                0x0000000000207ab8       0x3c obj_cc2538dk/uip-ds6-route.o
                0x0000000000207ab8                uip_ds6_defrt_periodic
 .text.uip_ds6_nbr_rm
                0x0000000000207af4       0x24 obj_cc2538dk/uip-ds6-nbr.o
                0x0000000000207af4                uip_ds6_nbr_rm
 .text.uip_ds6_neighbors_init
                0x0000000000207b18       0x1c obj_cc2538dk/uip-ds6-nbr.o
                0x0000000000207b18                uip_ds6_neighbors_init
 .text.uip_ds6_nbr_add
                0x0000000000207b34       0x44 obj_cc2538dk/uip-ds6-nbr.o
                0x0000000000207b34                uip_ds6_nbr_add
 .text.uip_ds6_nbr_get_ll
                0x0000000000207b78       0x10 obj_cc2538dk/uip-ds6-nbr.o
                0x0000000000207b78                uip_ds6_nbr_get_ll
 .text.uip_ds6_nbr_lookup
                0x0000000000207b88       0x38 obj_cc2538dk/uip-ds6-nbr.o
                0x0000000000207b88                uip_ds6_nbr_lookup
 .text.uip_ds6_nbr_ll_lookup
                0x0000000000207bc0       0x10 obj_cc2538dk/uip-ds6-nbr.o
                0x0000000000207bc0                uip_ds6_nbr_ll_lookup
 .text.tcpip_output
                0x0000000000207bd0       0x40 obj_cc2538dk/tcpip.o
                0x0000000000207bd0                tcpip_output
 .text.udp_new  0x0000000000207c10       0x18 obj_cc2538dk/tcpip.o
                0x0000000000207c10                udp_new
 .text.tcpip_input
                0x0000000000207c28       0x34 obj_cc2538dk/tcpip.o
                0x0000000000207c28                tcpip_input
 .text.tcpip_ipv6_output
                0x0000000000207c5c       0xfc obj_cc2538dk/tcpip.o
                0x0000000000207c5c                tcpip_ipv6_output
 .text.packet_input.part.4
                0x0000000000207d58       0x1c obj_cc2538dk/tcpip.o
 .text.process_thread_tcpip_process
                0x0000000000207d74       0xcc obj_cc2538dk/tcpip.o
 .text.tcpip_uipcall
                0x0000000000207e40       0x2c obj_cc2538dk/tcpip.o
                0x0000000000207e40                tcpip_uipcall
 .text.upper_layer_chksum
                0x0000000000207e6c       0x50 obj_cc2538dk/uip6.o
 .text.ext_hdr_options_process
                0x0000000000207ebc       0xc0 obj_cc2538dk/uip6.o
 .text.uip_init
                0x0000000000207f7c       0x40 obj_cc2538dk/uip6.o
                0x0000000000207f7c                uip_init
 .text.remove_ext_hdr
                0x0000000000207fbc       0x5c obj_cc2538dk/uip6.o
                0x0000000000207fbc                remove_ext_hdr
 .text.uip_udp_new
                0x0000000000208018       0x90 obj_cc2538dk/uip6.o
                0x0000000000208018                uip_udp_new
 .text.uip_process
                0x00000000002080a8      0x3e8 obj_cc2538dk/uip6.o
                0x00000000002080a8                uip_process
 .text.uip_htonl
                0x0000000000208490       0x1c obj_cc2538dk/uip6.o
                0x0000000000208490                uip_htonl
 .text.ns_input
                0x00000000002084ac      0x270 obj_cc2538dk/uip-nd6.o
 .text.uip_nd6_init
                0x000000000020871c        0xc obj_cc2538dk/uip-nd6.o
                0x000000000020871c                uip_nd6_init
 .text.clear_fragments
                0x0000000000208728       0x3c obj_cc2538dk/sicslowpan.o
 .text.sicslowpan_init
                0x0000000000208764       0x18 obj_cc2538dk/sicslowpan.o
                0x0000000000208764                sicslowpan_init
 .text.set_packet_attrs
                0x000000000020877c       0x40 obj_cc2538dk/sicslowpan.o
 .text.compress_addr_64
                0x00000000002087bc       0x90 obj_cc2538dk/sicslowpan.o
 .text.addr_context_lookup_by_prefix
                0x000000000020884c       0x24 obj_cc2538dk/sicslowpan.o
 .text.send_packet
                0x0000000000208870       0x24 obj_cc2538dk/sicslowpan.o
 .text.fragment_copy_payload_and_send
                0x0000000000208894       0x6c obj_cc2538dk/sicslowpan.o
 .text.output   0x0000000000208900      0x74c obj_cc2538dk/sicslowpan.o
 .text.packet_sent
                0x000000000020904c       0x5c obj_cc2538dk/sicslowpan.o
 .text.store_fragment
                0x00000000002090a8       0x64 obj_cc2538dk/sicslowpan.o
 .text.uncompress_addr
                0x000000000020910c       0x94 obj_cc2538dk/sicslowpan.o
 .text.add_fragment
                0x00000000002091a0      0x148 obj_cc2538dk/sicslowpan.o
 .text.input    0x00000000002092e8      0x6e4 obj_cc2538dk/sicslowpan.o
 .text.uiplib_ipaddr_snprint
                0x00000000002099cc       0xf4 obj_cc2538dk/uiplib.o
                0x00000000002099cc                uiplib_ipaddr_snprint
 .text.update_state
                0x0000000000209ac0       0x84 obj_cc2538dk/rpl-nbr-policy.o
 .text.rpl_nbr_policy_find_removable
                0x0000000000209b44       0x50 obj_cc2538dk/rpl-nbr-policy.o
                0x0000000000209b44                rpl_nbr_policy_find_removable
 .text.remove_neighbor
                0x0000000000209b94       0x3c obj_cc2538dk/rpl-neighbor.o
 .text.rpl_neighbor_get_from_lladdr
                0x0000000000209bd0       0x10 obj_cc2538dk/rpl-neighbor.o
                0x0000000000209bd0                rpl_neighbor_get_from_lladdr
 .text.rpl_neighbor_rank_via_nbr
                0x0000000000209be0       0x18 obj_cc2538dk/rpl-neighbor.o
                0x0000000000209be0                rpl_neighbor_rank_via_nbr
 .text.rpl_neighbor_get_lladdr
                0x0000000000209bf8       0x10 obj_cc2538dk/rpl-neighbor.o
                0x0000000000209bf8                rpl_neighbor_get_lladdr
 .text.best_parent
                0x0000000000209c08       0x88 obj_cc2538dk/rpl-neighbor.o
 .text.rpl_neighbor_is_parent
                0x0000000000209c90       0x18 obj_cc2538dk/rpl-neighbor.o
                0x0000000000209c90                rpl_neighbor_is_parent
 .text.rpl_neighbor_set_preferred_parent
                0x0000000000209ca8       0x44 obj_cc2538dk/rpl-neighbor.o
                0x0000000000209ca8                rpl_neighbor_set_preferred_parent
 .text.rpl_neighbor_remove_all
                0x0000000000209cec       0x2c obj_cc2538dk/rpl-neighbor.o
                0x0000000000209cec                rpl_neighbor_remove_all
 .text.rpl_neighbor_get_from_ipaddr
                0x0000000000209d18       0x1c obj_cc2538dk/rpl-neighbor.o
                0x0000000000209d18                rpl_neighbor_get_from_ipaddr
 .text.rpl_neighbor_select_best
                0x0000000000209d34       0x54 obj_cc2538dk/rpl-neighbor.o
                0x0000000000209d34                rpl_neighbor_select_best
 .text.rpl_neighbor_init
                0x0000000000209d88       0x14 obj_cc2538dk/rpl-neighbor.o
                0x0000000000209d88                rpl_neighbor_init
 .text.init_dag
                0x0000000000209d9c       0x74 obj_cc2538dk/rpl-dag.o
 .text.init_dag_from_dio
                0x0000000000209e10       0x84 obj_cc2538dk/rpl-dag.o
 .text.rpl_dag_get_root_ipaddr
                0x0000000000209e94       0x30 obj_cc2538dk/rpl-dag.o
                0x0000000000209e94                rpl_dag_get_root_ipaddr
 .text.rpl_dag_leave
                0x0000000000209ec4       0x50 obj_cc2538dk/rpl-dag.o
                0x0000000000209ec4                rpl_dag_leave
 .text.rpl_dag_poison_and_leave
                0x0000000000209f14       0x10 obj_cc2538dk/rpl-dag.o
                0x0000000000209f14                rpl_dag_poison_and_leave
 .text.rpl_dag_periodic
                0x0000000000209f24       0x44 obj_cc2538dk/rpl-dag.o
                0x0000000000209f24                rpl_dag_periodic
 .text.rpl_is_addr_in_our_dag
                0x0000000000209f68       0x24 obj_cc2538dk/rpl-dag.o
                0x0000000000209f68                rpl_is_addr_in_our_dag
 .text.rpl_get_any_dag
                0x0000000000209f8c       0x14 obj_cc2538dk/rpl-dag.o
                0x0000000000209f8c                rpl_get_any_dag
 .text.rpl_local_repair
                0x0000000000209fa0       0x34 obj_cc2538dk/rpl-dag.o
                0x0000000000209fa0                rpl_local_repair
 .text.rpl_global_repair
                0x0000000000209fd4       0x38 obj_cc2538dk/rpl-dag.o
                0x0000000000209fd4                rpl_global_repair
 .text.rpl_dag_ready_to_advertise
                0x000000000020a00c       0x24 obj_cc2538dk/rpl-dag.o
                0x000000000020a00c                rpl_dag_ready_to_advertise
 .text.rpl_dag_update_state
                0x000000000020a030      0x118 obj_cc2538dk/rpl-dag.o
                0x000000000020a030                rpl_dag_update_state
 .text.rpl_process_dio
                0x000000000020a148      0x190 obj_cc2538dk/rpl-dag.o
                0x000000000020a148                rpl_process_dio
 .text.rpl_process_dis
                0x000000000020a2d8       0x2c obj_cc2538dk/rpl-dag.o
                0x000000000020a2d8                rpl_process_dis
 .text.rpl_process_dao
                0x000000000020a304       0x4c obj_cc2538dk/rpl-dag.o
                0x000000000020a304                rpl_process_dao
 .text.rpl_process_dao_ack
                0x000000000020a350       0x54 obj_cc2538dk/rpl-dag.o
                0x000000000020a350                rpl_process_dao_ack
 .text.rpl_dag_init_root
                0x000000000020a3a4       0xa8 obj_cc2538dk/rpl-dag.o
                0x000000000020a3a4                rpl_dag_init_root
 .text.rpl_dag_init
                0x000000000020a44c       0x10 obj_cc2538dk/rpl-dag.o
                0x000000000020a44c                rpl_dag_init
 .text.new_dio_interval
                0x000000000020a45c       0x54 obj_cc2538dk/rpl-timers.o
 .text.handle_unicast_dio_timer
                0x000000000020a4b0       0x1c obj_cc2538dk/rpl-timers.o
 .text.handle_dao_timer
                0x000000000020a4cc       0xd8 obj_cc2538dk/rpl-timers.o
 .text.handle_dao_ack_timer
                0x000000000020a5a4       0x14 obj_cc2538dk/rpl-timers.o
 .text.handle_leaving_timer
                0x000000000020a5b8       0x10 obj_cc2538dk/rpl-timers.o
 .text.handle_dio_timer
                0x000000000020a5c8       0x70 obj_cc2538dk/rpl-timers.o
 .text.rpl_timers_schedule_periodic_dis
                0x000000000020a638       0x38 obj_cc2538dk/rpl-timers.o
                0x000000000020a638                rpl_timers_schedule_periodic_dis
 .text.handle_dis_timer
                0x000000000020a670       0x34 obj_cc2538dk/rpl-timers.o
 .text.handle_periodic_timer
                0x000000000020a6a4       0x44 obj_cc2538dk/rpl-timers.o
 .text.rpl_timers_dio_reset
                0x000000000020a6e8       0x28 obj_cc2538dk/rpl-timers.o
                0x000000000020a6e8                rpl_timers_dio_reset
 .text.rpl_timers_schedule_unicast_dio
                0x000000000020a710       0x28 obj_cc2538dk/rpl-timers.o
                0x000000000020a710                rpl_timers_schedule_unicast_dio
 .text.rpl_timers_schedule_dao
                0x000000000020a738       0x4c obj_cc2538dk/rpl-timers.o
                0x000000000020a738                rpl_timers_schedule_dao
 .text.rpl_timers_schedule_dao_ack
                0x000000000020a784       0x48 obj_cc2538dk/rpl-timers.o
                0x000000000020a784                rpl_timers_schedule_dao_ack
 .text.get_probing_target
                0x000000000020a7cc       0xbc obj_cc2538dk/rpl-timers.o
                0x000000000020a7cc                get_probing_target
 .text.rpl_schedule_probing
                0x000000000020a888       0x28 obj_cc2538dk/rpl-timers.o
                0x000000000020a888                rpl_schedule_probing
 .text.rpl_schedule_probing_now
                0x000000000020a8b0       0x2c obj_cc2538dk/rpl-timers.o
                0x000000000020a8b0                rpl_schedule_probing_now
 .text.rpl_timers_unschedule_leaving
                0x000000000020a8dc       0x24 obj_cc2538dk/rpl-timers.o
                0x000000000020a8dc                rpl_timers_unschedule_leaving
 .text.rpl_timers_schedule_leaving
                0x000000000020a900       0x30 obj_cc2538dk/rpl-timers.o
                0x000000000020a900                rpl_timers_schedule_leaving
 .text.rpl_timers_init
                0x000000000020a930       0x20 obj_cc2538dk/rpl-timers.o
                0x000000000020a930                rpl_timers_init
 .text.rpl_timers_stop_dag_timers
                0x000000000020a950       0x44 obj_cc2538dk/rpl-timers.o
                0x000000000020a950                rpl_timers_stop_dag_timers
 .text.rpl_timers_unschedule_state_update
                0x000000000020a994       0x14 obj_cc2538dk/rpl-timers.o
                0x000000000020a994                rpl_timers_unschedule_state_update
 .text.rpl_timers_schedule_state_update
                0x000000000020a9a8       0x1c obj_cc2538dk/rpl-timers.o
                0x000000000020a9a8                rpl_timers_schedule_state_update
 .text.update_hbh_header
                0x000000000020a9c4       0x60 obj_cc2538dk/rpl-ext-header.o
 .text.rpl_ext_header_srh_get_next_hop
                0x000000000020aa24       0xc8 obj_cc2538dk/rpl-ext-header.o
                0x000000000020aa24                rpl_ext_header_srh_get_next_hop
 .text.rpl_ext_header_srh_update
                0x000000000020aaec       0xe4 obj_cc2538dk/rpl-ext-header.o
                0x000000000020aaec                rpl_ext_header_srh_update
 .text.rpl_ext_header_hbh_update
                0x000000000020abd0       0xb8 obj_cc2538dk/rpl-ext-header.o
                0x000000000020abd0                rpl_ext_header_hbh_update
 .text.rpl_ext_header_remove
                0x000000000020ac88       0xa0 obj_cc2538dk/rpl-ext-header.o
                0x000000000020ac88                rpl_ext_header_remove
 .text.rpl_ext_header_update
                0x000000000020ad28      0x288 obj_cc2538dk/rpl-ext-header.o
                0x000000000020ad28                rpl_ext_header_update
 .text.rpl_has_joined
                0x000000000020afb0       0x18 obj_cc2538dk/rpl.o
                0x000000000020afb0                rpl_has_joined
 .text.rpl_is_reachable
                0x000000000020afc8       0x18 obj_cc2538dk/rpl.o
                0x000000000020afc8                rpl_is_reachable
 .text.set_ip_from_prefix
                0x000000000020afe0       0x2c obj_cc2538dk/rpl.o
 .text.init     0x000000000020b00c       0x40 obj_cc2538dk/rpl.o
 .text.rpl_link_callback
                0x000000000020b04c       0x2c obj_cc2538dk/rpl.o
                0x000000000020b04c                rpl_link_callback
 .text.get_sr_node_ipaddr
                0x000000000020b078       0x2c obj_cc2538dk/rpl.o
 .text.rpl_get_global_address
                0x000000000020b0a4       0x70 obj_cc2538dk/rpl.o
                0x000000000020b0a4                rpl_get_global_address
 .text.rpl_reset_prefix
                0x000000000020b114       0x28 obj_cc2538dk/rpl.o
                0x000000000020b114                rpl_reset_prefix
 .text.rpl_set_prefix_from_addr
                0x000000000020b13c       0x68 obj_cc2538dk/rpl.o
                0x000000000020b13c                rpl_set_prefix_from_addr
 .text.rpl_get_leaf_only
                0x000000000020b1a4        0xc obj_cc2538dk/rpl.o
                0x000000000020b1a4                rpl_get_leaf_only
 .text.update_metric_container
                0x000000000020b1b0        0xc obj_cc2538dk/rpl-mrhof.o
 .text.within_hysteresis
                0x000000000020b1bc       0x3c obj_cc2538dk/rpl-mrhof.o
 .text.rank_via_nbr
                0x000000000020b1f8       0x30 obj_cc2538dk/rpl-mrhof.o
 .text.best_parent
                0x000000000020b228       0x68 obj_cc2538dk/rpl-mrhof.o
 .text.dao_ack_input
                0x000000000020b290       0x44 obj_cc2538dk/rpl-icmp6.o
 .text.dao_input
                0x000000000020b2d4      0x110 obj_cc2538dk/rpl-icmp6.o
 .text.dio_input
                0x000000000020b3e4      0x22c obj_cc2538dk/rpl-icmp6.o
 .text.dis_input
                0x000000000020b610       0x3c obj_cc2538dk/rpl-icmp6.o
 .text.rpl_icmp6_dis_output
                0x000000000020b64c       0x38 obj_cc2538dk/rpl-icmp6.o
                0x000000000020b64c                rpl_icmp6_dis_output
 .text.rpl_icmp6_dio_output
                0x000000000020b684      0x1c8 obj_cc2538dk/rpl-icmp6.o
                0x000000000020b684                rpl_icmp6_dio_output
 .text.rpl_icmp6_dao_output
                0x000000000020b84c       0xc4 obj_cc2538dk/rpl-icmp6.o
                0x000000000020b84c                rpl_icmp6_dao_output
 .text.rpl_icmp6_dao_ack_output
                0x000000000020b910       0x44 obj_cc2538dk/rpl-icmp6.o
                0x000000000020b910                rpl_icmp6_dao_ack_output
 .text.rpl_icmp6_init
                0x000000000020b954       0x30 obj_cc2538dk/rpl-icmp6.o
                0x000000000020b954                rpl_icmp6_init
 .text.rpl_dag_root_set_prefix
                0x000000000020b984       0x64 obj_cc2538dk/rpl-dag-root.o
                0x000000000020b984                rpl_dag_root_set_prefix
 .text.rpl_dag_root_start
                0x000000000020b9e8       0x68 obj_cc2538dk/rpl-dag-root.o
                0x000000000020b9e8                rpl_dag_root_start
 .text.rpl_dag_root_is_root
                0x000000000020ba50       0x18 obj_cc2538dk/rpl-dag-root.o
                0x000000000020ba50                rpl_dag_root_is_root
 .text          0x000000000020ba68       0x30 /usr/bin/../lib/gcc/arm-none-eabi/7.3.1/thumb/v7-m/libgcc.a(_aeabi_uldivmod.o)
                0x000000000020ba68                __aeabi_uldivmod
 .text          0x000000000020ba98      0x2d0 /usr/bin/../lib/gcc/arm-none-eabi/7.3.1/thumb/v7-m/libgcc.a(_udivmoddi4.o)
                0x000000000020ba98                __udivmoddi4
 .text          0x000000000020bd68        0x4 /usr/bin/../lib/gcc/arm-none-eabi/7.3.1/thumb/v7-m/libgcc.a(_dvmd_tls.o)
                0x000000000020bd68                __aeabi_ldiv0
                0x000000000020bd68                __aeabi_idiv0
 .text.memcmp   0x000000000020bd6c       0x64 /usr/bin/../lib/gcc/arm-none-eabi/7.3.1/../../../../arm-none-eabi/lib/thumb/v7-m/libc.a(lib_a-memcmp.o)
                0x000000000020bd6c                memcmp
 .text          0x000000000020bdd0       0xec /usr/bin/../lib/gcc/arm-none-eabi/7.3.1/../../../../arm-none-eabi/lib/thumb/v7-m/libc.a(lib_a-memcpy.o)
                0x000000000020bdd0                memcpy
 .text.memmove  0x000000000020bebc       0xc4 /usr/bin/../lib/gcc/arm-none-eabi/7.3.1/../../../../arm-none-eabi/lib/thumb/v7-m/libc.a(lib_a-memmove.o)
                0x000000000020bebc                memmove
 .text.memset   0x000000000020bf80       0x94 /usr/bin/../lib/gcc/arm-none-eabi/7.3.1/../../../../arm-none-eabi/lib/thumb/v7-m/libc.a(lib_a-memset.o)
                0x000000000020bf80                memset
 .text.rand     0x000000000020c014       0x3c /usr/bin/../lib/gcc/arm-none-eabi/7.3.1/../../../../arm-none-eabi/lib/thumb/v7-m/libc.a(lib_a-rand.o)
                0x000000000020c014                rand
 .text.strlen   0x000000000020c050       0x5c /usr/bin/../lib/gcc/arm-none-eabi/7.3.1/../../../../arm-none-eabi/lib/thumb/v7-m/libc.a(lib_a-strlen-stub.o)
                0x000000000020c050                strlen
 .text.strncmp  0x000000000020c0ac       0x94 /usr/bin/../lib/gcc/arm-none-eabi/7.3.1/../../../../arm-none-eabi/lib/thumb/v7-m/libc.a(lib_a-strncmp.o)
                0x000000000020c0ac                strncmp
 .text.default_handler
                0x000000000020c140        0x2 obj_cc2538dk/startup-gcc.o
                0x000000000020c140                default_handler
 .text.nmi_handler
                0x000000000020c142        0x6 obj_cc2538dk/startup-gcc.o
                0x000000000020c142                nmi_handler
 .text.fade     0x000000000020c148       0x58 obj_cc2538dk/platform.o
 .text.platform_init_stage_one
                0x000000000020c1a0       0x14 obj_cc2538dk/platform.o
                0x000000000020c1a0                platform_init_stage_one
 .text.platform_idle
                0x000000000020c1b4        0x4 obj_cc2538dk/platform.o
                0x000000000020c1b4                platform_idle
 .text.status   0x000000000020c1b8        0x4 obj_cc2538dk/als-sensor.o
 .text.soc_init
                0x000000000020c1bc       0x22 obj_cc2538dk/soc.o
                0x000000000020c1bc                soc_init
 .text.clock_isr
                0x000000000020c1de        0x4 obj_cc2538dk/clock.o
                0x000000000020c1de                clock_isr
 .text.rtimer_arch_init
                0x000000000020c1e2        0x2 obj_cc2538dk/rtimer-arch.o
                0x000000000020c1e2                rtimer_arch_init
 .text.uart0_isr
                0x000000000020c1e4        0x6 obj_cc2538dk/uart.o
                0x000000000020c1e4                uart0_isr
 .text.uart1_isr
                0x000000000020c1ea        0x6 obj_cc2538dk/uart.o
                0x000000000020c1ea                uart1_isr
 .text.gpio_port_a_isr
                0x000000000020c1f0        0x6 obj_cc2538dk/gpio.o
                0x000000000020c1f0                gpio_port_a_isr
 .text.gpio_port_b_isr
                0x000000000020c1f6        0x6 obj_cc2538dk/gpio.o
                0x000000000020c1f6                gpio_port_b_isr
 .text.gpio_port_c_isr
                0x000000000020c1fc        0x6 obj_cc2538dk/gpio.o
                0x000000000020c1fc                gpio_port_c_isr
 .text.gpio_port_d_isr
                0x000000000020c202        0x6 obj_cc2538dk/gpio.o
                0x000000000020c202                gpio_port_d_isr
 .text.send     0x000000000020c208       0x12 obj_cc2538dk/cc2538-rf.o
 .text.int_master_read_and_disable
                0x000000000020c21a        0x8 obj_cc2538dk/int-master.o
                0x000000000020c21a                int_master_read_and_disable
 .text.int_master_status_set
                0x000000000020c222        0x6 obj_cc2538dk/int-master.o
                0x000000000020c222                int_master_status_set
 .text.dbg_putchar
                0x000000000020c228       0x10 obj_cc2538dk/dbg.o
                0x000000000020c228                dbg_putchar
 .text.dbg_send_bytes
                0x000000000020c238       0x20 obj_cc2538dk/dbg.o
                0x000000000020c238                dbg_send_bytes
 .text.configure
                0x000000000020c258        0x4 obj_cc2538dk/cc2538-temp-sensor.o
 .text.status   0x000000000020c25c        0x4 obj_cc2538dk/cc2538-temp-sensor.o
 .text.value    0x000000000020c260       0x34 obj_cc2538dk/cc2538-temp-sensor.o
 .text.configure
                0x000000000020c294        0x4 obj_cc2538dk/vdd3-sensor.o
 .text.status   0x000000000020c298        0x4 obj_cc2538dk/vdd3-sensor.o
 .text.value    0x000000000020c29c       0x2a obj_cc2538dk/vdd3-sensor.o
 .text.coap_handle_notification
                0x000000000020c2c6       0x6c obj_cc2538dk/coap-observe-client.o
                0x000000000020c2c6                coap_handle_notification
 .text.coap_get_next_resource
                0x000000000020c332        0x4 obj_cc2538dk/coap-engine.o
                0x000000000020c332                coap_get_next_resource
 .text.coap_retransmit_transaction
                0x000000000020c336       0x14 obj_cc2538dk/coap-transactions.o
 .text.coap_endpoint_copy
                0x000000000020c34a       0x20 obj_cc2538dk/coap-uip.o
                0x000000000020c34a                coap_endpoint_copy
 .text.coap_endpoint_cmp
                0x000000000020c36a       0x26 obj_cc2538dk/coap-uip.o
                0x000000000020c36a                coap_endpoint_cmp
 .text.coap_endpoint_is_connected
                0x000000000020c390        0xe obj_cc2538dk/coap-uip.o
                0x000000000020c390                coap_endpoint_is_connected
 .text.coap_timer_set
                0x000000000020c39e       0x20 obj_cc2538dk/coap-timer.o
                0x000000000020c39e                coap_timer_set
 .text.coap_is_option
                0x000000000020c3be       0x12 obj_cc2538dk/coap.o
 .text.coap_parse_int_option
                0x000000000020c3d0       0x16 obj_cc2538dk/coap.o
 .text.coap_merge_multi_option
                0x000000000020c3e6       0x32 obj_cc2538dk/coap.o
 .text.coap_set_option_header
                0x000000000020c418       0x7e obj_cc2538dk/coap.o
 .text.coap_serialize_int_option
                0x000000000020c496       0x62 obj_cc2538dk/coap.o
 .text.coap_serialize_array_option.part.1
                0x000000000020c4f8       0x20 obj_cc2538dk/coap.o
 .text.coap_serialize_array_option
                0x000000000020c518       0x68 obj_cc2538dk/coap.o
 .text.coap_init_message
                0x000000000020c580       0x1a obj_cc2538dk/coap.o
                0x000000000020c580                coap_init_message
 .text.coap_set_status_code
                0x000000000020c59a        0xc obj_cc2538dk/coap.o
                0x000000000020c59a                coap_set_status_code
 .text.coap_set_token
                0x000000000020c5a6       0x16 obj_cc2538dk/coap.o
                0x000000000020c5a6                coap_set_token
 .text.coap_set_header_content_format
                0x000000000020c5bc        0xe obj_cc2538dk/coap.o
                0x000000000020c5bc                coap_set_header_content_format
 .text.coap_get_header_uri_path
                0x000000000020c5ca       0x16 obj_cc2538dk/coap.o
                0x000000000020c5ca                coap_get_header_uri_path
 .text.coap_get_header_observe
                0x000000000020c5e0       0x16 obj_cc2538dk/coap.o
                0x000000000020c5e0                coap_get_header_observe
 .text.coap_set_header_observe
                0x000000000020c5f6        0xe obj_cc2538dk/coap.o
                0x000000000020c5f6                coap_set_header_observe
 .text.coap_get_header_block2
                0x000000000020c604       0x30 obj_cc2538dk/coap.o
                0x000000000020c604                coap_get_header_block2
 .text.coap_set_header_block2
                0x000000000020c634       0x32 obj_cc2538dk/coap.o
                0x000000000020c634                coap_set_header_block2
 .text.coap_set_payload
                0x000000000020c666       0x12 obj_cc2538dk/coap.o
                0x000000000020c666                coap_set_payload
 .text.stimer_set
                0x000000000020c678        0xe obj_cc2538dk/stimer.o
                0x000000000020c678                stimer_set
 .text.autostart_start
                0x000000000020c686       0x14 obj_cc2538dk/autostart.o
                0x000000000020c686                autostart_start
 .text.energest_init
                0x000000000020c69a        0x2 obj_cc2538dk/energest.o
                0x000000000020c69a                energest_init
 .text.etimer_set
                0x000000000020c69c       0x12 obj_cc2538dk/etimer.o
                0x000000000020c69c                etimer_set
 .text.etimer_reset
                0x000000000020c6ae       0x12 obj_cc2538dk/etimer.o
                0x000000000020c6ae                etimer_reset
 .text.etimer_expired
                0x000000000020c6c0        0xa obj_cc2538dk/etimer.o
                0x000000000020c6c0                etimer_expired
 .text.call_process
                0x000000000020c6ca        0xc obj_cc2538dk/process.o
 .text.rtimer_init
                0x000000000020c6d6        0x4 obj_cc2538dk/rtimer.o
                0x000000000020c6d6                rtimer_init
 .text.timer_set
                0x000000000020c6da        0xe obj_cc2538dk/timer.o
                0x000000000020c6da                timer_set
 .text.timer_reset
                0x000000000020c6e8        0xa obj_cc2538dk/timer.o
                0x000000000020c6e8                timer_reset
 .text.timer_expired
                0x000000000020c6f2       0x1c obj_cc2538dk/timer.o
                0x000000000020c6f2                timer_expired
 .text.button_hal_get_state
                0x000000000020c70e       0x28 obj_cc2538dk/button-hal.o
                0x000000000020c70e                button_hal_get_state
 .text.list_init
                0x000000000020c736        0x6 obj_cc2538dk/list.o
                0x000000000020c736                list_init
 .text.list_head
                0x000000000020c73c        0x4 obj_cc2538dk/list.o
                0x000000000020c73c                list_head
 .text.list_tail
                0x000000000020c740       0x10 obj_cc2538dk/list.o
                0x000000000020c740                list_tail
 .text.list_remove
                0x000000000020c750       0x26 obj_cc2538dk/list.o
                0x000000000020c750                list_remove
 .text.list_add
                0x000000000020c776       0x1a obj_cc2538dk/list.o
                0x000000000020c776                list_add
 .text.list_push
                0x000000000020c790       0x10 obj_cc2538dk/list.o
                0x000000000020c790                list_push
 .text.list_length
                0x000000000020c7a0        0xe obj_cc2538dk/list.o
                0x000000000020c7a0                list_length
 .text.list_insert
                0x000000000020c7ae       0x1e obj_cc2538dk/list.o
                0x000000000020c7ae                list_insert
 .text.list_item_next
                0x000000000020c7cc        0x6 obj_cc2538dk/list.o
                0x000000000020c7cc                list_item_next
 .text.memb_init
                0x000000000020c7d2       0x20 obj_cc2538dk/memb.o
                0x000000000020c7d2                memb_init
 .text.memb_alloc
                0x000000000020c7f2       0x28 obj_cc2538dk/memb.o
                0x000000000020c7f2                memb_alloc
 .text.memb_free
                0x000000000020c81a       0x2c obj_cc2538dk/memb.o
                0x000000000020c81a                memb_free
 .text.memb_inmemb
                0x000000000020c846       0x1c obj_cc2538dk/memb.o
                0x000000000020c846                memb_inmemb
 .text.memb_numfree
                0x000000000020c862       0x1c obj_cc2538dk/memb.o
                0x000000000020c862                memb_numfree
 .text.ringbuf_init
                0x000000000020c87e        0xe obj_cc2538dk/ringbuf.o
                0x000000000020c87e                ringbuf_init
 .text.ringbuf_put
                0x000000000020c88c       0x26 obj_cc2538dk/ringbuf.o
                0x000000000020c88c                ringbuf_put
 .text.ringbuf_get
                0x000000000020c8b2       0x20 obj_cc2538dk/ringbuf.o
                0x000000000020c8b2                ringbuf_get
 .text.queuebuf_update_attr_from_packetbuf
                0x000000000020c8d2        0xc obj_cc2538dk/queuebuf.o
                0x000000000020c8d2                queuebuf_update_attr_from_packetbuf
 .text.queuebuf_attr
                0x000000000020c8de        0xc obj_cc2538dk/queuebuf.o
                0x000000000020c8de                queuebuf_attr
 .text.item_from_index
                0x000000000020c8ea       0x14 obj_cc2538dk/nbr-table.o
 .text.index_from_item
                0x000000000020c8fe       0x16 obj_cc2538dk/nbr-table.o
 .text.nbr_set_bit
                0x000000000020c914       0x3a obj_cc2538dk/nbr-table.o
 .text.nbr_table_get_from_lladdr
                0x000000000020c94e       0x26 obj_cc2538dk/nbr-table.o
                0x000000000020c94e                nbr_table_get_from_lladdr
 .text.linkaddr_copy
                0x000000000020c974        0x6 obj_cc2538dk/linkaddr.o
                0x000000000020c974                linkaddr_copy
 .text.linkaddr_cmp
                0x000000000020c97a       0x10 obj_cc2538dk/linkaddr.o
                0x000000000020c97a                linkaddr_cmp
 .text.link_stats_is_fresh
                0x000000000020c98a       0x24 obj_cc2538dk/link-stats.o
                0x000000000020c98a                link_stats_is_fresh
 .text.guess_etx_from_rssi
                0x000000000020c9ae       0x42 obj_cc2538dk/link-stats.o
                0x000000000020c9ae                guess_etx_from_rssi
 .text.mac_call_sent_callback
                0x000000000020c9f0       0x18 obj_cc2538dk/mac.o
                0x000000000020c9f0                mac_call_sent_callback
 .text.parse    0x000000000020ca08       0x8a obj_cc2538dk/framer-802154.o
 .text.framer_802154_setup_params.part.0
                0x000000000020ca92       0x7c obj_cc2538dk/framer-802154.o
 .text.create   0x000000000020cb0e        0x6 obj_cc2538dk/framer-802154.o
 .text.hdr_length
                0x000000000020cb14        0x6 obj_cc2538dk/framer-802154.o
 .text.frame802154_has_panid
                0x000000000020cb1a       0xbc obj_cc2538dk/frame802154.o
                0x000000000020cb1a                frame802154_has_panid
 .text.field_len
                0x000000000020cbd6       0x84 obj_cc2538dk/frame802154.o
 .text.frame802154_is_broadcast_addr
                0x000000000020cc5a       0x1e obj_cc2538dk/frame802154.o
                0x000000000020cc5a                frame802154_is_broadcast_addr
 .text.frame802154_hdrlen
                0x000000000020cc78       0x32 obj_cc2538dk/frame802154.o
                0x000000000020cc78                frame802154_hdrlen
 .text.frame802154_create_fcf
                0x000000000020ccaa       0x5e obj_cc2538dk/frame802154.o
                0x000000000020ccaa                frame802154_create_fcf
 .text.frame802154_create
                0x000000000020cd08       0x8e obj_cc2538dk/frame802154.o
                0x000000000020cd08                frame802154_create
 .text.frame802154_parse_fcf
                0x000000000020cd96       0x66 obj_cc2538dk/frame802154.o
                0x000000000020cd96                frame802154_parse_fcf
 .text.write_str
                0x000000000020cdfc       0x10 obj_cc2538dk/printf.o
 .text.buffer_str
                0x000000000020ce0c       0x28 obj_cc2538dk/snprintf.o
 .text.snprintf
                0x000000000020ce34       0x1a obj_cc2538dk/snprintf.o
                0x000000000020ce34                snprintf
 .text.putchar  0x000000000020ce4e        0xc obj_cc2538dk/putchar.o
                0x000000000020ce4e                putchar
 .text.send_packet
                0x000000000020ce5a        0x4 obj_cc2538dk/csma.o
 .text.init     0x000000000020ce5e        0xe obj_cc2538dk/csma.o
 .text.uip_sr_expire_parent
                0x000000000020ce6c       0x28 obj_cc2538dk/uip-sr.o
                0x000000000020ce6c                uip_sr_expire_parent
 .text.uip_ds6_list_loop
                0x000000000020ce94       0x4c obj_cc2538dk/uip-ds6.o
                0x000000000020ce94                uip_ds6_list_loop
 .text.uip_ds6_maddr_rm
                0x000000000020cee0        0x8 obj_cc2538dk/uip-ds6.o
                0x000000000020cee0                uip_ds6_maddr_rm
 .text.uip_ds6_set_addr_iid
                0x000000000020cee8       0x16 obj_cc2538dk/uip-ds6.o
                0x000000000020cee8                uip_ds6_set_addr_iid
 .text.uip_ds6_set_lladdr_from_iid
                0x000000000020cefe       0x16 obj_cc2538dk/uip-ds6.o
                0x000000000020cefe                uip_ds6_set_lladdr_from_iid
 .text.get_match_length
                0x000000000020cf14       0x36 obj_cc2538dk/uip-ds6.o
                0x000000000020cf14                get_match_length
 .text.uip_udp_packet_sendto
                0x000000000020cf4a       0x50 obj_cc2538dk/uip-udp-packet.o
                0x000000000020cf4a                uip_udp_packet_sendto
 .text.uip_ds6_route_nexthop
                0x000000000020cf9a        0x4 obj_cc2538dk/uip-ds6-route.o
                0x000000000020cf9a                uip_ds6_route_nexthop
 .text.uip_ds6_route_lookup
                0x000000000020cf9e        0x4 obj_cc2538dk/uip-ds6-route.o
                0x000000000020cf9e                uip_ds6_route_lookup
 .text.uip_ds6_route_rm
                0x000000000020cfa2        0x2 obj_cc2538dk/uip-ds6-route.o
                0x000000000020cfa2                uip_ds6_route_rm
 .text.uip_ds6_nbr_update_ll
                0x000000000020cfa4       0x5e obj_cc2538dk/uip-ds6-nbr.o
                0x000000000020cfa4                uip_ds6_nbr_update_ll
 .text.uip_ds6_nbr_ipaddr_from_lladdr
                0x000000000020d002        0x4 obj_cc2538dk/uip-ds6-nbr.o
                0x000000000020d002                uip_ds6_nbr_ipaddr_from_lladdr
 .text.uip_ds6_nbr_lladdr_from_ipaddr
                0x000000000020d006       0x12 obj_cc2538dk/uip-ds6-nbr.o
                0x000000000020d006                uip_ds6_nbr_lladdr_from_ipaddr
 .text.uip_ds6_link_callback
                0x000000000020d018        0x2 obj_cc2538dk/uip-ds6-nbr.o
                0x000000000020d018                uip_ds6_link_callback
 .text.chksum   0x000000000020d01a       0x38 obj_cc2538dk/uip6.o
 .text.uip_icmp6chksum
                0x000000000020d052        0x6 obj_cc2538dk/uip6.o
                0x000000000020d052                uip_icmp6chksum
 .text.uip_udpchksum
                0x000000000020d058        0x6 obj_cc2538dk/uip6.o
                0x000000000020d058                uip_udpchksum
 .text.rpl_neighbor_get_ipaddr
                0x000000000020d05e        0xe obj_cc2538dk/rpl-neighbor.o
                0x000000000020d05e                rpl_neighbor_get_ipaddr
 .text.rpl_neighbor_get_link_stats
                0x000000000020d06c        0xe obj_cc2538dk/rpl-neighbor.o
                0x000000000020d06c                rpl_neighbor_get_link_stats
 .text.rpl_neighbor_is_fresh
                0x000000000020d07a        0xe obj_cc2538dk/rpl-neighbor.o
                0x000000000020d07a                rpl_neighbor_is_fresh
 .text.rpl_process_hbh
                0x000000000020d088       0x1c obj_cc2538dk/rpl-dag.o
                0x000000000020d088                rpl_process_hbh
 .text.handle_state_update
                0x000000000020d0a4        0x4 obj_cc2538dk/rpl-timers.o
 .text.get_probing_delay
                0x000000000020d0a8       0x1a obj_cc2538dk/rpl-timers.o
                0x000000000020d0a8                get_probing_delay
 .text.handle_probing_timer
                0x000000000020d0c2       0x24 obj_cc2538dk/rpl-timers.o
 .text.neighbor_state_changed
                0x000000000020d0e6        0x2 obj_cc2538dk/rpl.o
 .text.drop_route
                0x000000000020d0e8        0x2 obj_cc2538dk/rpl.o
 .text.rpl_lollipop_greater_than
                0x000000000020d0ea       0x34 obj_cc2538dk/rpl.o
                0x000000000020d0ea                rpl_lollipop_greater_than
 .text.reset    0x000000000020d11e        0x2 obj_cc2538dk/rpl-mrhof.o
 .text.nbr_link_metric
                0x000000000020d120       0x12 obj_cc2538dk/rpl-mrhof.o
 .text.nbr_path_cost
                0x000000000020d132       0x28 obj_cc2538dk/rpl-mrhof.o
 .text.nbr_has_usable_link
                0x000000000020d15a       0x12 obj_cc2538dk/rpl-mrhof.o
 .text.nbr_is_acceptable_parent
                0x000000000020d16c       0x1e obj_cc2538dk/rpl-mrhof.o
 .text.get32    0x000000000020d18a       0x18 obj_cc2538dk/rpl-icmp6.o
 .text.set32    0x000000000020d1a2       0x12 obj_cc2538dk/rpl-icmp6.o
 .text.get16    0x000000000020d1b4        0xc obj_cc2538dk/rpl-icmp6.o
 .text.set16    0x000000000020d1c0        0xa obj_cc2538dk/rpl-icmp6.o
 .text.rpl_icmp6_update_nbr_table
                0x000000000020d1ca       0x2e obj_cc2538dk/rpl-icmp6.o
                0x000000000020d1ca                rpl_icmp6_update_nbr_table
 *(SORT_BY_ALIGNMENT(.rodata*))
 .rodata.als_sensor
                0x000000000020d1f8       0x10 obj_cc2538dk/als-sensor.o
                0x000000000020d1f8                als_sensor
 .rodata.uart_regs
                0x000000000020d208       0x58 obj_cc2538dk/uart.o
 .rodata.cc2538_rf_driver
                0x000000000020d260       0x38 obj_cc2538dk/cc2538-rf.o
                0x000000000020d260                cc2538_rf_driver
 .rodata.output_power
                0x000000000020d298       0x70 obj_cc2538dk/cc2538-rf.o
 .rodata.cc2538_temp_sensor
                0x000000000020d308       0x10 obj_cc2538dk/cc2538-temp-sensor.o
                0x000000000020d308                cc2538_temp_sensor
 .rodata.vdd3_sensor
                0x000000000020d318       0x10 obj_cc2538dk/vdd3-sensor.o
                0x000000000020d318                vdd3_sensor
 .rodata.coap_timer_default_driver
                0x000000000020d328        0xc obj_cc2538dk/coap-timer-default.o
                0x000000000020d328                coap_timer_default_driver
 .rodata.framer_802154
                0x000000000020d334        0xc obj_cc2538dk/framer-802154.o
                0x000000000020d334                framer_802154
 .rodata.csma_driver
                0x000000000020d340       0x18 obj_cc2538dk/csma.o
                0x000000000020d340                csma_driver
 .rodata.sicslowpan_driver
                0x000000000020d358       0x10 obj_cc2538dk/sicslowpan.o
                0x000000000020d358                sicslowpan_driver
 .rodata.rpl_lite_driver
                0x000000000020d368       0x50 obj_cc2538dk/rpl.o
                0x000000000020d368                rpl_lite_driver
 .rodata.linkaddr_null
                0x000000000020d3b8        0x8 obj_cc2538dk/linkaddr.o
                0x000000000020d3b8                linkaddr_null
 .rodata.leds_arch_leds
                0x000000000020d3c0        0x8 obj_cc2538dk/leds-arch.o
                0x000000000020d3c0                leds_arch_leds
 .rodata.platform_init_stage_three.str1.1
                0x000000000020d3c8       0x35 obj_cc2538dk/platform.o
                                         0x39 (size before relaxing)
 .rodata.str1.1
                0x000000000020d3fd        0x8 obj_cc2538dk/sensors.o
 .rodata.str1.1
                0x000000000020d405       0x2e obj_cc2538dk/board-buttons.o
 .rodata.str1.1
                0x000000000020d433        0x4 obj_cc2538dk/als-sensor.o
 .rodata.str1.1
                0x000000000020d437       0x11 obj_cc2538dk/cc2538-rf.o
 .rodata.str1.1
                0x000000000020d448       0x14 obj_cc2538dk/cc2538-temp-sensor.o
 .rodata.str1.1
                0x000000000020d45c        0x5 obj_cc2538dk/vdd3-sensor.o
 .rodata.coap_engine_init.str1.1
                0x000000000020d461       0x11 obj_cc2538dk/coap-engine.o
 .rodata.coap_receive.str1.1
                0x000000000020d472       0x30 obj_cc2538dk/coap-engine.o
 .rodata.coap_observe_handler.str1.1
                0x000000000020d4a2       0x11 obj_cc2538dk/coap-observe.o
 .rodata.str1.1
                0x000000000020d4b3       0x13 obj_cc2538dk/coap-timer-default.o
 .rodata.str1.1
                0x000000000020d4c6        0x6 obj_cc2538dk/coap-res-well-known-core.o
 .rodata.well_known_core_get_handler.str1.1
                0x000000000020d4cc        0x3 obj_cc2538dk/coap-res-well-known-core.o
                                         0x13 (size before relaxing)
 .rodata.str1.1
                0x000000000020d4cf        0xc obj_cc2538dk/coap-uip.o
 .rodata.coap_parse_message.str1.1
                0x000000000020d4db       0x7f obj_cc2538dk/coap.o
 .rodata.coap_serialize_message.str1.1
                0x000000000020d55a       0x2f obj_cc2538dk/coap.o
 .rodata.str1.1
                0x000000000020d589       0x2f obj_cc2538dk/coap.o
                                          0x1 (size before relaxing)
 .rodata.main.str1.1
                0x000000000020d589       0xdf obj_cc2538dk/contiki-main.o
                                         0xf5 (size before relaxing)
 .rodata.str1.1
                0x000000000020d668        0xc obj_cc2538dk/etimer.o
 .rodata.log_6addr.str1.1
                0x000000000020d674        0x3 obj_cc2538dk/log.o
 .rodata.log_lladdr.str1.1
                0x000000000020d674       0x16 obj_cc2538dk/log.o
 .rodata.str1.1
                0x000000000020d68a        0xf obj_cc2538dk/ctimer.o
 .rodata.process_thread_stack_check_process.str1.1
                0x000000000020d699       0x23 obj_cc2538dk/stack-check.o
                                         0x32 (size before relaxing)
 .rodata.str1.1
                0x000000000020d6bc        0xc obj_cc2538dk/stack-check.o
 .rodata.str1.1
                0x000000000020d6c8       0x13 obj_cc2538dk/button-hal.o
 .rodata.str1.1
                0x000000000020d6db        0xe obj_cc2538dk/serial-line.o
 .rodata.buffer.5319
                0x000000000020d6e9       0x10 obj_cc2538dk/strformat.o
 .rodata.buffer.5328
                0x000000000020d6f9       0x10 obj_cc2538dk/strformat.o
 .rodata.format_str_v.str1.1
                0x000000000020d709       0x35 obj_cc2538dk/strformat.o
                                         0x37 (size before relaxing)
 .rodata.str1.1
                0x000000000020d73e        0x5 obj_cc2538dk/csma.o
 .rodata.str1.1
                0x000000000020d743        0xd obj_cc2538dk/tcpip.o
 .rodata        0x000000000020d750        0x2 obj_cc2538dk/sicslowpan.o
 .rodata.llprefix
                0x000000000020d752        0x2 obj_cc2538dk/sicslowpan.o
                0x000000000020d752                llprefix
 .rodata.str1.1
                0x000000000020d754        0xb obj_cc2538dk/sicslowpan.o
 .rodata.ttl_values
                0x000000000020d75f        0x4 obj_cc2538dk/sicslowpan.o
 .rodata.unc_ctxconf
                0x000000000020d763        0x4 obj_cc2538dk/sicslowpan.o
                0x000000000020d763                unc_ctxconf
 .rodata.unc_llconf
                0x000000000020d767        0x4 obj_cc2538dk/sicslowpan.o
                0x000000000020d767                unc_llconf
 .rodata.unc_mxconf
                0x000000000020d76b        0x4 obj_cc2538dk/sicslowpan.o
                0x000000000020d76b                unc_mxconf
 .rodata.uiplib_ipaddr_snprint.str1.1
                0x000000000020d76f       0x28 obj_cc2538dk/uiplib.o
                                         0x2a (size before relaxing)
 .rodata.rpl_dag_init_root.str1.1
                0x000000000020d797        0xa obj_cc2538dk/rpl-dag.o
 .rodata.rpl_dag_update_state.str1.1
                0x000000000020d7a1       0x31 obj_cc2538dk/rpl-dag.o
 .rodata.rpl_global_repair.str1.1
                0x000000000020d7d2        0xe obj_cc2538dk/rpl-dag.o
 .rodata.rpl_local_repair.str1.1
                0x000000000020d7e0        0xd obj_cc2538dk/rpl-dag.o
 .rodata.rpl_process_dao_ack.str1.1
                0x000000000020d7ed        0xa obj_cc2538dk/rpl-dag.o
 .rodata.rpl_process_dio.str1.1
                0x000000000020d7f7       0x3a obj_cc2538dk/rpl-dag.o
 .rodata.rpl_process_dis.str1.1
                0x000000000020d831        0xe obj_cc2538dk/rpl-dag.o
 .rodata.handle_dao_timer.str1.1
                0x000000000020d83f        0xc obj_cc2538dk/rpl-timers.o
 .rodata.str1.1
                0x000000000020d84b        0x9 obj_cc2538dk/rpl.o
                0x000000000020d854                _etext = .

.glue_7         0x000000000020d854        0x0
 .glue_7        0x000000000020d854        0x0 linker stubs

.glue_7t        0x000000000020d854        0x0
 .glue_7t       0x000000000020d854        0x0 linker stubs

.vfp11_veneer   0x000000000020d854        0x0
 .vfp11_veneer  0x000000000020d854        0x0 linker stubs

.v4_bx          0x000000000020d854        0x0
 .v4_bx         0x000000000020d854        0x0 linker stubs

.iplt           0x000000000020d854        0x0
 .iplt          0x000000000020d854        0x0 obj_cc2538dk/startup-gcc.o

.socdata        0x0000000020000000       0x40
 *(SORT_BY_ALIGNMENT(.udma_channel_control_table))
 .udma_channel_control_table
                0x0000000020000000       0x40 obj_cc2538dk/udma.o

.data           0x0000000020000040      0x7d0 load address 0x000000000020d854
                0x0000000020000040                _data = .
 *(SORT_BY_ALIGNMENT(.data*))
 .data.impure_data
                0x0000000020000040      0x428 /usr/bin/../lib/gcc/arm-none-eabi/7.3.1/../../../../arm-none-eabi/lib/thumb/v7-m/libc.a(lib_a-impure.o)
 .data.sensors_process
                0x0000000020000468       0x10 obj_cc2538dk/sensors.o
                0x0000000020000468                sensors_process
 .data.sensors  0x0000000020000478       0x10 obj_cc2538dk/smartrf-sensors.o
                0x0000000020000478                sensors
 .data.button_hal_buttons
                0x0000000020000488       0x18 obj_cc2538dk/board-buttons.o
                0x0000000020000488                button_hal_buttons
 .data.key_down
                0x00000000200004a0       0x4c obj_cc2538dk/board-buttons.o
 .data.key_left
                0x00000000200004ec       0x4c obj_cc2538dk/board-buttons.o
 .data.key_right
                0x0000000020000538       0x4c obj_cc2538dk/board-buttons.o
 .data.key_select
                0x0000000020000584       0x4c obj_cc2538dk/board-buttons.o
 .data.key_up   0x00000000200005d0       0x4c obj_cc2538dk/board-buttons.o
 .data.cc2538_rf_process
                0x000000002000061c       0x10 obj_cc2538dk/cc2538-rf.o
                0x000000002000061c                cc2538_rf_process
 .data.observers_memb
                0x000000002000062c        0xc obj_cc2538dk/coap-observe.o
 .data.coap_timer_process
                0x0000000020000638       0x10 obj_cc2538dk/coap-timer-default.o
                0x0000000020000638                coap_timer_process
 .data.transactions_memb
                0x0000000020000648        0xc obj_cc2538dk/coap-transactions.o
 .data.res_well_known_core
                0x0000000020000654       0x24 obj_cc2538dk/coap-res-well-known-core.o
                0x0000000020000654                res_well_known_core
 .data.coap_engine
                0x0000000020000678       0x10 obj_cc2538dk/coap-uip.o
                0x0000000020000678                coap_engine
 .data.coap_error_message
                0x0000000020000688        0x4 obj_cc2538dk/coap.o
                0x0000000020000688                coap_error_message
 .data.etimer_process
                0x000000002000068c       0x10 obj_cc2538dk/etimer.o
                0x000000002000068c                etimer_process
 .data.curr_log_level_main
                0x000000002000069c        0x4 obj_cc2538dk/log.o
                0x000000002000069c                curr_log_level_main
 .data.ctimer_process
                0x00000000200006a0       0x10 obj_cc2538dk/ctimer.o
                0x00000000200006a0                ctimer_process
 .data.stack_check_process
                0x00000000200006b0       0x10 obj_cc2538dk/stack-check.o
                0x00000000200006b0                stack_check_process
 .data.button_hal_process
                0x00000000200006c0       0x10 obj_cc2538dk/button-hal.o
                0x00000000200006c0                button_hal_process
 .data.serial_line_process
                0x00000000200006d0       0x10 obj_cc2538dk/serial-line.o
                0x00000000200006d0                serial_line_process
 .data.bufmem   0x00000000200006e0        0xc obj_cc2538dk/queuebuf.o
 .data.buframmem
                0x00000000200006ec        0xc obj_cc2538dk/queuebuf.o
 .data.neighbor_addr_mem
                0x00000000200006f8        0xc obj_cc2538dk/nbr-table.o
 .data.link_stats_struct
                0x0000000020000704       0x10 obj_cc2538dk/link-stats.o
 .data.ctxt     0x0000000020000714        0x8 obj_cc2538dk/printf.o
 .data.metadata_memb