Archive member included to satisfy reference by file (symbol)

/usr/bin/../lib/gcc/arm-none-eabi/7.3.1/thumb/v7-m/libgcc.a(_aeabi_ldivmod.o)
                              obj_cc2538dk/spi-legacy.o (__aeabi_ldivmod)
/usr/bin/../lib/gcc/arm-none-eabi/7.3.1/thumb/v7-m/libgcc.a(_aeabi_uldivmod.o)
                              obj_cc2538dk/spi-legacy.o (__aeabi_uldivmod)
/usr/bin/../lib/gcc/arm-none-eabi/7.3.1/thumb/v7-m/libgcc.a(_udivmoddi4.o)
                              /usr/bin/../lib/gcc/arm-none-eabi/7.3.1/thumb/v7-m/libgcc.a(_aeabi_ldivmod.o) (__udivmoddi4)
/usr/bin/../lib/gcc/arm-none-eabi/7.3.1/thumb/v7-m/libgcc.a(_dvmd_tls.o)
                              /usr/bin/../lib/gcc/arm-none-eabi/7.3.1/thumb/v7-m/libgcc.a(_aeabi_ldivmod.o) (__aeabi_ldiv0)
/usr/bin/../lib/gcc/arm-none-eabi/7.3.1/../../../../arm-none-eabi/lib/thumb/v7-m/libc.a(lib_a-locale.o)
                              obj_cc2538dk/resolv.o (__locale_ctype_ptr)
/usr/bin/../lib/gcc/arm-none-eabi/7.3.1/../../../../arm-none-eabi/lib/thumb/v7-m/libc.a(lib_a-mbtowc_r.o)
                              /usr/bin/../lib/gcc/arm-none-eabi/7.3.1/../../../../arm-none-eabi/lib/thumb/v7-m/libc.a(lib_a-locale.o) (__ascii_mbtowc)
/usr/bin/../lib/gcc/arm-none-eabi/7.3.1/../../../../arm-none-eabi/lib/thumb/v7-m/libc.a(lib_a-memcmp.o)
                              obj_cc2538dk/linkaddr.o (memcmp)
/usr/bin/../lib/gcc/arm-none-eabi/7.3.1/../../../../arm-none-eabi/lib/thumb/v7-m/libc.a(lib_a-memcpy.o)
                              obj_cc2538dk/ecc-algorithm.o (memcpy)
/usr/bin/../lib/gcc/arm-none-eabi/7.3.1/../../../../arm-none-eabi/lib/thumb/v7-m/libc.a(lib_a-memmove.o)
                              obj_cc2538dk/uip-icmp6.o (memmove)
/usr/bin/../lib/gcc/arm-none-eabi/7.3.1/../../../../arm-none-eabi/lib/thumb/v7-m/libc.a(lib_a-memset.o)
                              obj_cc2538dk/udma.o (memset)
/usr/bin/../lib/gcc/arm-none-eabi/7.3.1/../../../../arm-none-eabi/lib/thumb/v7-m/libc.a(lib_a-reent.o)
                              obj_cc2538dk/syscalls.o (errno)
/usr/bin/../lib/gcc/arm-none-eabi/7.3.1/../../../../arm-none-eabi/lib/thumb/v7-m/libc.a(lib_a-strcasecmp.o)
                              obj_cc2538dk/resolv.o (strcasecmp)
/usr/bin/../lib/gcc/arm-none-eabi/7.3.1/../../../../arm-none-eabi/lib/thumb/v7-m/libc.a(lib_a-strcmp.o)
                              obj_cc2538dk/cfs-coffee.o (strcmp)
/usr/bin/../lib/gcc/arm-none-eabi/7.3.1/../../../../arm-none-eabi/lib/thumb/v7-m/libc.a(lib_a-strlen-stub.o)
                              obj_cc2538dk/sensors.o (strlen)
/usr/bin/../lib/gcc/arm-none-eabi/7.3.1/../../../../arm-none-eabi/lib/thumb/v7-m/libc.a(lib_a-strncasecmp.o)
                              obj_cc2538dk/resolv.o (strncasecmp)
/usr/bin/../lib/gcc/arm-none-eabi/7.3.1/../../../../arm-none-eabi/lib/thumb/v7-m/libc.a(lib_a-strncat.o)
                              obj_cc2538dk/resolv.o (strncat)
/usr/bin/../lib/gcc/arm-none-eabi/7.3.1/../../../../arm-none-eabi/lib/thumb/v7-m/libc.a(lib_a-strncmp.o)
                              obj_cc2538dk/sensors.o (strncmp)
/usr/bin/../lib/gcc/arm-none-eabi/7.3.1/../../../../arm-none-eabi/lib/thumb/v7-m/libc.a(lib_a-strncpy.o)
                              obj_cc2538dk/cfs-coffee.o (strncpy)
/usr/bin/../lib/gcc/arm-none-eabi/7.3.1/../../../../arm-none-eabi/lib/thumb/v7-m/libc.a(lib_a-wctomb_r.o)
                              /usr/bin/../lib/gcc/arm-none-eabi/7.3.1/../../../../arm-none-eabi/lib/thumb/v7-m/libc.a(lib_a-locale.o) (__ascii_wctomb)
/usr/bin/../lib/gcc/arm-none-eabi/7.3.1/../../../../arm-none-eabi/lib/thumb/v7-m/libc.a(lib_a-ctype_.o)
                              /usr/bin/../lib/gcc/arm-none-eabi/7.3.1/../../../../arm-none-eabi/lib/thumb/v7-m/libc.a(lib_a-locale.o) (_ctype_)
/usr/bin/../lib/gcc/arm-none-eabi/7.3.1/../../../../arm-none-eabi/lib/thumb/v7-m/libc.a(lib_a-freer.o)
                              /usr/bin/../lib/gcc/arm-none-eabi/7.3.1/../../../../arm-none-eabi/lib/thumb/v7-m/libc.a(lib_a-reent.o) (_free_r)
/usr/bin/../lib/gcc/arm-none-eabi/7.3.1/../../../../arm-none-eabi/lib/thumb/v7-m/libc.a(lib_a-impure.o)
                              /usr/bin/../lib/gcc/arm-none-eabi/7.3.1/../../../../arm-none-eabi/lib/thumb/v7-m/libc.a(lib_a-locale.o) (_impure_ptr)
/usr/bin/../lib/gcc/arm-none-eabi/7.3.1/../../../../arm-none-eabi/lib/thumb/v7-m/libc.a(lib_a-mallocr.o)
                              /usr/bin/../lib/gcc/arm-none-eabi/7.3.1/../../../../arm-none-eabi/lib/thumb/v7-m/libc.a(lib_a-freer.o) (__malloc_current_mallinfo)
/usr/bin/../lib/gcc/arm-none-eabi/7.3.1/../../../../arm-none-eabi/lib/thumb/v7-m/libc.a(lib_a-mlock.o)
                              /usr/bin/../lib/gcc/arm-none-eabi/7.3.1/../../../../arm-none-eabi/lib/thumb/v7-m/libc.a(lib_a-freer.o) (__malloc_lock)
/usr/bin/../lib/gcc/arm-none-eabi/7.3.1/../../../../arm-none-eabi/lib/thumb/v7-m/libc.a(lib_a-sbrkr.o)
                              /usr/bin/../lib/gcc/arm-none-eabi/7.3.1/../../../../arm-none-eabi/lib/thumb/v7-m/libc.a(lib_a-freer.o) (_sbrk_r)
[...]
Memory Configuration

Name             Origin             Length             Attributes
FLASH_FW         0x0000000000202000 0x000000000007dfd4 xr
FLASH_CCA        0x000000000027ffd4 0x000000000000002c xr
NRSRAM           0x0000000020000000 0x0000000000000000 xrw
FRSRAM           0x0000000020000000 0x0000000000008000 xrw
*default*        0x0000000000000000 0xffffffffffffffff

Linker script and memory map

LOAD obj_cc2538dk/startup-gcc.o
LOAD obj_cc2538dk/leds-arch.o
LOAD obj_cc2538dk/platform.o
LOAD obj_cc2538dk/sensors.o
LOAD obj_cc2538dk/smartrf-sensors.o
LOAD obj_cc2538dk/board-buttons.o
LOAD obj_cc2538dk/als-sensor.o
LOAD obj_cc2538dk/soc.o
LOAD obj_cc2538dk/clock.o
LOAD obj_cc2538dk/rtimer-arch.o
LOAD obj_cc2538dk/uart.o
LOAD obj_cc2538dk/watchdog.o
LOAD obj_cc2538dk/nvic.o
LOAD obj_cc2538dk/sys-ctrl.o
LOAD obj_cc2538dk/gpio.o
LOAD obj_cc2538dk/ioc.o
LOAD obj_cc2538dk/spi-legacy.o
LOAD obj_cc2538dk/adc.o
LOAD obj_cc2538dk/spi-arch.o
LOAD obj_cc2538dk/crypto.o
LOAD obj_cc2538dk/aes.o
LOAD obj_cc2538dk/ecb.o
LOAD obj_cc2538dk/cbc.o
LOAD obj_cc2538dk/ctr.o
LOAD obj_cc2538dk/cbc-mac.o
LOAD obj_cc2538dk/gcm.o
LOAD obj_cc2538dk/ccm.o
LOAD obj_cc2538dk/sha256.o
LOAD obj_cc2538dk/gpio-hal-arch.o
LOAD obj_cc2538dk/cc2538-aes-128.o
LOAD obj_cc2538dk/cc2538-ccm-star.o
LOAD obj_cc2538dk/cc2538-rf.o
LOAD obj_cc2538dk/udma.o
LOAD obj_cc2538dk/lpm.o
LOAD obj_cc2538dk/int-master.o
LOAD obj_cc2538dk/pka.o
LOAD obj_cc2538dk/bignum-driver.o
LOAD obj_cc2538dk/ecc-driver.o
LOAD obj_cc2538dk/ecc-algorithm.o
LOAD obj_cc2538dk/ecc-curve.o
LOAD obj_cc2538dk/dbg.o
LOAD obj_cc2538dk/ieee-addr.o
LOAD obj_cc2538dk/slip-arch.o
LOAD obj_cc2538dk/slip.o
LOAD obj_cc2538dk/i2c.o
LOAD obj_cc2538dk/cc2538-temp-sensor.o
LOAD obj_cc2538dk/vdd3-sensor.o
LOAD obj_cc2538dk/cfs-coffee.o
LOAD obj_cc2538dk/cfs-coffee-arch.o
LOAD obj_cc2538dk/pwm.o
LOAD obj_cc2538dk/usb-core.o
LOAD obj_cc2538dk/cdc-acm.o
LOAD obj_cc2538dk/usb-arch.o
LOAD obj_cc2538dk/usb-serial.o
LOAD obj_cc2538dk/cdc-acm-descriptors.o
LOAD obj_cc2538dk/rpl-border-router.o
LOAD obj_cc2538dk/contiki-main.o
LOAD obj_cc2538dk/stimer.o
LOAD obj_cc2538dk/autostart.o
LOAD obj_cc2538dk/energest.o
LOAD obj_cc2538dk/etimer.o
LOAD obj_cc2538dk/log.o
LOAD obj_cc2538dk/mutex.o
LOAD obj_cc2538dk/ctimer.o
LOAD obj_cc2538dk/compower.o
LOAD obj_cc2538dk/process.o
LOAD obj_cc2538dk/rtimer.o
LOAD obj_cc2538dk/node-id.o
LOAD obj_cc2538dk/timer.o
LOAD obj_cc2538dk/stack-check.o
LOAD obj_cc2538dk/button-hal.o
LOAD obj_cc2538dk/serial-line.o
LOAD obj_cc2538dk/spi.o
LOAD obj_cc2538dk/leds.o
LOAD obj_cc2538dk/nullradio.o
LOAD obj_cc2538dk/gpio-hal.o
LOAD obj_cc2538dk/dbl-circ-list.o
LOAD obj_cc2538dk/crc16.o
LOAD obj_cc2538dk/ifft.o
LOAD obj_cc2538dk/trickle-timer.o
LOAD obj_cc2538dk/ccm-star.o
LOAD obj_cc2538dk/dbl-list.o
LOAD obj_cc2538dk/ringbufindex.o
LOAD obj_cc2538dk/list.o
LOAD obj_cc2538dk/circular-list.o
LOAD obj_cc2538dk/aes-128.o
LOAD obj_cc2538dk/memb.o
LOAD obj_cc2538dk/heapmem.o
LOAD obj_cc2538dk/random.o
LOAD obj_cc2538dk/assert.o
LOAD obj_cc2538dk/ringbuf.o
LOAD obj_cc2538dk/queuebuf.o
LOAD obj_cc2538dk/nbr-table.o
LOAD obj_cc2538dk/packetbuf.o
LOAD obj_cc2538dk/netstack.o
LOAD obj_cc2538dk/linkaddr.o
LOAD obj_cc2538dk/net-debug.o
LOAD obj_cc2538dk/link-stats.o
LOAD obj_cc2538dk/mac-sequence.o
LOAD obj_cc2538dk/mac.o
LOAD obj_cc2538dk/frame802154e-ie.o
LOAD obj_cc2538dk/framer-802154.o
LOAD obj_cc2538dk/nullframer.o
LOAD obj_cc2538dk/frame802154.o
LOAD obj_cc2538dk/strformat.o
LOAD obj_cc2538dk/printf.o
LOAD obj_cc2538dk/sprintf.o
LOAD obj_cc2538dk/snprintf.o
LOAD obj_cc2538dk/puts.o
LOAD obj_cc2538dk/putchar.o
LOAD obj_cc2538dk/syscalls.o
LOAD obj_cc2538dk/csma.o
LOAD obj_cc2538dk/csma-output.o
LOAD obj_cc2538dk/uipbuf.o
LOAD obj_cc2538dk/uip-icmp6.o
LOAD obj_cc2538dk/uip-sr.o
LOAD obj_cc2538dk/uip-ds6.o
LOAD obj_cc2538dk/uip-packetqueue.o
LOAD obj_cc2538dk/tcp-socket.o
LOAD obj_cc2538dk/ip64-addr.o
LOAD obj_cc2538dk/uip-udp-packet.o
LOAD obj_cc2538dk/uip-ds6-route.o
LOAD obj_cc2538dk/psock.o
LOAD obj_cc2538dk/uip-ds6-nbr.o
LOAD obj_cc2538dk/tcpip.o
LOAD obj_cc2538dk/uip6.o
LOAD obj_cc2538dk/resolv.o
LOAD obj_cc2538dk/uip-nameserver.o
LOAD obj_cc2538dk/uip-nd6.o
LOAD obj_cc2538dk/udp-socket.o
LOAD obj_cc2538dk/simple-udp.o
LOAD obj_cc2538dk/sicslowpan.o
LOAD obj_cc2538dk/uiplib.o
LOAD obj_cc2538dk/rpl-nbr-policy.o
LOAD obj_cc2538dk/rpl-of0.o
LOAD obj_cc2538dk/rpl-neighbor.o
LOAD obj_cc2538dk/rpl-dag.o
LOAD obj_cc2538dk/rpl-timers.o
LOAD obj_cc2538dk/rpl-ext-header.o
LOAD obj_cc2538dk/rpl.o
LOAD obj_cc2538dk/rpl-mrhof.o
LOAD obj_cc2538dk/rpl-icmp6.o
LOAD obj_cc2538dk/rpl-dag-root.o
LOAD obj_cc2538dk/slip-bridge.o
LOAD obj_cc2538dk/border-router-embedded.o
LOAD hello-world.o
LOAD /usr/bin/../lib/gcc/arm-none-eabi/7.3.1/../../../../arm-none-eabi/lib/thumb/v7-m/libm.a
START GROUP
LOAD /usr/bin/../lib/gcc/arm-none-eabi/7.3.1/thumb/v7-m/libgcc.a
LOAD /usr/bin/../lib/gcc/arm-none-eabi/7.3.1/../../../../arm-none-eabi/lib/thumb/v7-m/libc.a
END GROUP

.text           0x0000000000202000     0xa509
                0x0000000000202000                _text = .
 *(SORT_BY_ALIGNMENT(.vectors))
 .vectors       0x0000000000202000      0x28c obj_cc2538dk/startup-gcc.o
                0x0000000000202000                vectors
 *(SORT_BY_ALIGNMENT(.text*))
 .text.reset_handler
                0x000000000020228c       0x40 obj_cc2538dk/startup-gcc.o
                0x000000000020228c                reset_handler
 .text.platform_init_stage_two
                0x00000000002022cc       0x4c obj_cc2538dk/platform.o
                0x00000000002022cc                platform_init_stage_two
 .text.platform_init_stage_three
                0x0000000000202318       0x8c obj_cc2538dk/platform.o
                0x0000000000202318                platform_init_stage_three
 .text.process_thread_sensors_process
                0x00000000002023a4       0xd4 obj_cc2538dk/sensors.o
 .text.value    0x0000000000202478       0x24 obj_cc2538dk/als-sensor.o
 .text.configure
                0x000000000020249c       0x54 obj_cc2538dk/als-sensor.o
 .text.soc_get_rev
                0x00000000002024f0       0x18 obj_cc2538dk/soc.o
                0x00000000002024f0                soc_get_rev
 .text.soc_print_info
                0x0000000000202508       0x10 obj_cc2538dk/soc.o
                0x0000000000202508                soc_print_info
 .text.update_ticks
                0x0000000000202518       0x58 obj_cc2538dk/clock.o
 .text.clock_init
                0x0000000000202570       0x4c obj_cc2538dk/clock.o
                0x0000000000202570                clock_init
 .text.clock_time
                0x00000000002025bc       0x14 obj_cc2538dk/clock.o
                0x00000000002025bc                clock_time
 .text.clock_seconds
                0x00000000002025d0       0x14 obj_cc2538dk/clock.o
                0x00000000002025d0                clock_seconds
 .text.clock_delay_usec
                0x00000000002025e4       0x1c obj_cc2538dk/clock.o
                0x00000000002025e4                clock_delay_usec
 .text.clock_adjust
                0x0000000000202600       0x20 obj_cc2538dk/clock.o
                0x0000000000202600                clock_adjust
 .text.rtimer_arch_next_trigger
                0x0000000000202620        0xc obj_cc2538dk/rtimer-arch.o
                0x0000000000202620                rtimer_arch_next_trigger
 .text.rtimer_arch_now
                0x000000000020262c       0x24 obj_cc2538dk/rtimer-arch.o
                0x000000000020262c                rtimer_arch_now
 .text.rtimer_arch_schedule
                0x0000000000202650       0x58 obj_cc2538dk/rtimer-arch.o
                0x0000000000202650                rtimer_arch_schedule
 .text.rtimer_isr
                0x00000000002026a8       0x2c obj_cc2538dk/rtimer-arch.o
                0x00000000002026a8                rtimer_isr
 .text.permit_pm1
                0x00000000002026d4       0x24 obj_cc2538dk/uart.o
 .text.uart_isr
                0x00000000002026f8       0x60 obj_cc2538dk/uart.o
 .text.uart_init
                0x0000000000202758      0x198 obj_cc2538dk/uart.o
                0x0000000000202758                uart_init
 .text.uart_set_input
                0x00000000002028f0       0x10 obj_cc2538dk/uart.o
                0x00000000002028f0                uart_set_input
 .text.uart_write_byte
                0x0000000000202900       0x1c obj_cc2538dk/uart.o
                0x0000000000202900                uart_write_byte
 .text.watchdog_init
                0x000000000020291c        0xc obj_cc2538dk/watchdog.o
                0x000000000020291c                watchdog_init
 .text.watchdog_start
                0x0000000000202928        0xc obj_cc2538dk/watchdog.o
                0x0000000000202928                watchdog_start
 .text.watchdog_periodic
                0x0000000000202934       0x10 obj_cc2538dk/watchdog.o
                0x0000000000202934                watchdog_periodic
 .text.nvic_init
                0x0000000000202944       0x10 obj_cc2538dk/nvic.o
                0x0000000000202944                nvic_init
 .text.sys_ctrl_init
                0x0000000000202954       0x74 obj_cc2538dk/sys-ctrl.o
                0x0000000000202954                sys_ctrl_init
 .text.gpio_port_isr
                0x00000000002029c8       0x48 obj_cc2538dk/gpio.o
 .text.ioc_init
                0x0000000000202a10       0x1c obj_cc2538dk/ioc.o
                0x0000000000202a10                ioc_init
 .text.ioc_set_over
                0x0000000000202a2c       0x14 obj_cc2538dk/ioc.o
                0x0000000000202a2c                ioc_set_over
 .text.ioc_set_sel
                0x0000000000202a40       0x14 obj_cc2538dk/ioc.o
                0x0000000000202a40                ioc_set_sel
 .text.adc_init
                0x0000000000202a54       0x10 obj_cc2538dk/adc.o
                0x0000000000202a54                adc_init
 .text.adc_get  0x0000000000202a64       0x74 obj_cc2538dk/adc.o
                0x0000000000202a64                adc_get
 .text.permit_pm1
                0x0000000000202ad8       0x10 obj_cc2538dk/crypto.o
 .text.crypto_isr
                0x0000000000202ae8       0x28 obj_cc2538dk/crypto.o
                0x0000000000202ae8                crypto_isr
 .text.crypto_enable
                0x0000000000202b10       0x20 obj_cc2538dk/crypto.o
                0x0000000000202b10                crypto_enable
 .text.crypto_init
                0x0000000000202b30       0x3c obj_cc2538dk/crypto.o
                0x0000000000202b30                crypto_init
 .text.crypto_disable
                0x0000000000202b6c       0x20 obj_cc2538dk/crypto.o
                0x0000000000202b6c                crypto_disable
 .text.gpio_hal_arch_pin_cfg_set
                0x0000000000202b8c       0xd8 obj_cc2538dk/gpio-hal-arch.o
                0x0000000000202b8c                gpio_hal_arch_pin_cfg_set
 .text.off      0x0000000000202c64       0x40 obj_cc2538dk/cc2538-rf.o
 .text.receiving_packet
                0x0000000000202ca4       0x18 obj_cc2538dk/cc2538-rf.o
 .text.pending_packet
                0x0000000000202cbc       0x10 obj_cc2538dk/cc2538-rf.o
 .text.set_poll_mode
                0x0000000000202ccc       0x98 obj_cc2538dk/cc2538-rf.o
 .text.on       0x0000000000202d64       0x2c obj_cc2538dk/cc2538-rf.o
 .text.set_channel
                0x0000000000202d90       0x48 obj_cc2538dk/cc2538-rf.o
 .text.get_value
                0x0000000000202dd8      0x160 obj_cc2538dk/cc2538-rf.o
 .text.channel_clear
                0x0000000000202f38       0x3c obj_cc2538dk/cc2538-rf.o
 .text.set_value
                0x0000000000202f74       0xf4 obj_cc2538dk/cc2538-rf.o
 .text.prepare  0x0000000000203068       0x64 obj_cc2538dk/cc2538-rf.o
 .text.transmit
                0x00000000002030cc       0x9c obj_cc2538dk/cc2538-rf.o
 .text.set_object
                0x0000000000203168       0x30 obj_cc2538dk/cc2538-rf.o
 .text.read     0x0000000000203198       0xe4 obj_cc2538dk/cc2538-rf.o
 .text.init     0x000000000020327c       0xc8 obj_cc2538dk/cc2538-rf.o
 .text.process_thread_cc2538_rf_process
                0x0000000000203344       0x90 obj_cc2538dk/cc2538-rf.o
 .text.get_object
                0x00000000002033d4      0x148 obj_cc2538dk/cc2538-rf.o
 .text.cc2538_rf_rx_tx_isr
                0x000000000020351c       0x24 obj_cc2538dk/cc2538-rf.o
                0x000000000020351c                cc2538_rf_rx_tx_isr
 .text.cc2538_rf_err_isr
                0x0000000000203540       0x28 obj_cc2538dk/cc2538-rf.o
                0x0000000000203540                cc2538_rf_err_isr
 .text.udma_init
                0x0000000000203568       0x34 obj_cc2538dk/udma.o
                0x0000000000203568                udma_init
 .text.udma_set_channel_src
                0x000000000020359c       0x10 obj_cc2538dk/udma.o
                0x000000000020359c                udma_set_channel_src
 .text.udma_set_channel_dst
                0x00000000002035ac       0x14 obj_cc2538dk/udma.o
                0x00000000002035ac                udma_set_channel_dst
 .text.udma_set_channel_control_word
                0x00000000002035c0       0x14 obj_cc2538dk/udma.o
                0x00000000002035c0                udma_set_channel_control_word
 .text.udma_channel_enable
                0x00000000002035d4       0x18 obj_cc2538dk/udma.o
                0x00000000002035d4                udma_channel_enable
 .text.udma_channel_mask_set
                0x00000000002035ec       0x18 obj_cc2538dk/udma.o
                0x00000000002035ec                udma_channel_mask_set
 .text.udma_channel_sw_request
                0x0000000000203604       0x18 obj_cc2538dk/udma.o
                0x0000000000203604                udma_channel_sw_request
 .text.udma_channel_get_mode
                0x000000000020361c       0x1c obj_cc2538dk/udma.o
                0x000000000020361c                udma_channel_get_mode
 .text.udma_isr
                0x0000000000203638       0x10 obj_cc2538dk/udma.o
                0x0000000000203638                udma_isr
 .text.udma_err_isr
                0x0000000000203648        0xc obj_cc2538dk/udma.o
                0x0000000000203648                udma_err_isr
 .text.select_32_mhz_xosc
                0x0000000000203654       0x2c obj_cc2538dk/lpm.o
 .text.lpm_exit
                0x0000000000203680       0x34 obj_cc2538dk/lpm.o
                0x0000000000203680                lpm_exit
 .text.lpm_enter
                0x00000000002036b4       0xb4 obj_cc2538dk/lpm.o
                0x00000000002036b4                lpm_enter
 .text.lpm_register_peripheral
                0x0000000000203768       0x20 obj_cc2538dk/lpm.o
                0x0000000000203768                lpm_register_peripheral
 .text.lpm_init
                0x0000000000203788       0x24 obj_cc2538dk/lpm.o
                0x0000000000203788                lpm_init
 .text.pka_isr  0x00000000002037ac       0x28 obj_cc2538dk/pka.o
                0x00000000002037ac                pka_isr
 .text.dbg_putchar
                0x00000000002037d4       0x40 obj_cc2538dk/dbg.o
                0x00000000002037d4                dbg_putchar
 .text.ieee_addr_cpy_to
                0x0000000000203814       0x5c obj_cc2538dk/ieee-addr.o
                0x0000000000203814                ieee_addr_cpy_to
 .text.slip_arch_init
                0x0000000000203870        0xc obj_cc2538dk/slip-arch.o
                0x0000000000203870                slip_arch_init
 .text.process_thread_slip_process
                0x000000000020387c      0x1fc obj_cc2538dk/slip.o
 .text.slip_set_input_callback
                0x0000000000203a78        0xc obj_cc2538dk/slip.o
                0x0000000000203a78                slip_set_input_callback
 .text.slip_send
                0x0000000000203a84       0x14 obj_cc2538dk/slip.o
                0x0000000000203a84                slip_send
 .text.slip_input_byte
                0x0000000000203a98       0xa0 obj_cc2538dk/slip.o
                0x0000000000203a98                slip_input_byte
 .text.print_local_addresses
                0x0000000000203b38       0x70 obj_cc2538dk/rpl-border-router.o
                0x0000000000203b38                print_local_addresses
 .text.set_prefix_64
                0x0000000000203ba8       0x20 obj_cc2538dk/rpl-border-router.o
                0x0000000000203ba8                set_prefix_64
 .text.rpl_border_router_init
                0x0000000000203bc8        0xc obj_cc2538dk/rpl-border-router.o
                0x0000000000203bc8                rpl_border_router_init
 .text.startup.main
                0x0000000000203bd4      0x1ec obj_cc2538dk/contiki-main.o
                0x0000000000203bd4                main
 .text.stimer_expired
                0x0000000000203dc0       0x20 obj_cc2538dk/stimer.o
                0x0000000000203dc0                stimer_expired
 .text.update_time
                0x0000000000203de0       0x44 obj_cc2538dk/etimer.o
 .text.etimer_request_poll
                0x0000000000203e24        0xc obj_cc2538dk/etimer.o
                0x0000000000203e24                etimer_request_poll
 .text.process_thread_etimer_process
                0x0000000000203e30       0xac obj_cc2538dk/etimer.o
 .text.add_timer
                0x0000000000203edc       0x40 obj_cc2538dk/etimer.o
 .text.etimer_pending
                0x0000000000203f1c       0x10 obj_cc2538dk/etimer.o
                0x0000000000203f1c                etimer_pending
 .text.etimer_stop
                0x0000000000203f2c       0x34 obj_cc2538dk/etimer.o
                0x0000000000203f2c                etimer_stop
 .text.log_6addr
                0x0000000000203f60       0x20 obj_cc2538dk/log.o
                0x0000000000203f60                log_6addr
 .text.log_lladdr
                0x0000000000203f80       0x40 obj_cc2538dk/log.o
                0x0000000000203f80                log_lladdr
 .text.process_thread_ctimer_process
                0x0000000000203fc0       0x7c obj_cc2538dk/ctimer.o
 .text.ctimer_init
                0x000000000020403c       0x28 obj_cc2538dk/ctimer.o
                0x000000000020403c                ctimer_init
 .text.ctimer_set_with_process
                0x0000000000204064       0x44 obj_cc2538dk/ctimer.o
                0x0000000000204064                ctimer_set_with_process
 .text.ctimer_set
                0x00000000002040a8       0x14 obj_cc2538dk/ctimer.o
                0x00000000002040a8                ctimer_set
 .text.ctimer_reset
                0x00000000002040bc       0x38 obj_cc2538dk/ctimer.o
                0x00000000002040bc                ctimer_reset
 .text.ctimer_stop
                0x00000000002040f4       0x2c obj_cc2538dk/ctimer.o
                0x00000000002040f4                ctimer_stop
 .text.ctimer_expired
                0x0000000000204120       0x34 obj_cc2538dk/ctimer.o
                0x0000000000204120                ctimer_expired
 .text.call_process.part.0
                0x0000000000204154       0x38 obj_cc2538dk/process.o
 .text.exit_process
                0x000000000020418c       0x80 obj_cc2538dk/process.o
 .text.do_poll  0x000000000020420c       0x30 obj_cc2538dk/process.o
 .text.process_alloc_event
                0x000000000020423c       0x10 obj_cc2538dk/process.o
                0x000000000020423c                process_alloc_event
 .text.process_init
                0x000000000020424c       0x30 obj_cc2538dk/process.o
                0x000000000020424c                process_init
 .text.process_run
                0x000000000020427c       0x88 obj_cc2538dk/process.o
                0x000000000020427c                process_run
 .text.process_nevents
                0x0000000000204304       0x14 obj_cc2538dk/process.o
                0x0000000000204304                process_nevents
 .text.process_post
                0x0000000000204318       0x3c obj_cc2538dk/process.o
                0x0000000000204318                process_post
 .text.process_post_synch
                0x0000000000204354       0x14 obj_cc2538dk/process.o
                0x0000000000204354                process_post_synch
 .text.process_start
                0x0000000000204368       0x30 obj_cc2538dk/process.o
                0x0000000000204368                process_start
 .text.process_poll
                0x0000000000204398       0x18 obj_cc2538dk/process.o
                0x0000000000204398                process_poll
 .text.rtimer_run_next
                0x00000000002043b0       0x28 obj_cc2538dk/rtimer.o
                0x00000000002043b0                rtimer_run_next
 .text.node_id_init
                0x00000000002043d8       0x18 obj_cc2538dk/node-id.o
                0x00000000002043d8                node_id_init
 .text.stack_check_init
                0x00000000002043f0       0x28 obj_cc2538dk/stack-check.o
                0x00000000002043f0                stack_check_init
 .text.stack_check_get_usage
                0x0000000000204418       0x40 obj_cc2538dk/stack-check.o
                0x0000000000204418                stack_check_get_usage
 .text.process_thread_stack_check_process
                0x0000000000204458       0x84 obj_cc2538dk/stack-check.o
 .text.duration_exceeded_callback
                0x00000000002044dc       0x34 obj_cc2538dk/button-hal.o
 .text.process_thread_button_hal_process
                0x0000000000204510       0x78 obj_cc2538dk/button-hal.o
 .text.press_release_handler
                0x0000000000204588       0x18 obj_cc2538dk/button-hal.o
 .text.debounce_handler
                0x00000000002045a0       0x64 obj_cc2538dk/button-hal.o
 .text.button_hal_init
                0x0000000000204604       0xfc obj_cc2538dk/button-hal.o
                0x0000000000204604                button_hal_init
 .text.process_thread_serial_line_process
                0x0000000000204700       0x98 obj_cc2538dk/serial-line.o
 .text.serial_line_input_byte
                0x0000000000204798       0x48 obj_cc2538dk/serial-line.o
                0x0000000000204798                serial_line_input_byte
 .text.serial_line_init
                0x00000000002047e0       0x24 obj_cc2538dk/serial-line.o
                0x00000000002047e0                serial_line_init
 .text.leds_on  0x0000000000204804       0x4c obj_cc2538dk/leds.o
                0x0000000000204804                leds_on
 .text.leds_off
                0x0000000000204850       0x48 obj_cc2538dk/leds.o
                0x0000000000204850                leds_off
 .text.leds_init
                0x0000000000204898       0x48 obj_cc2538dk/leds.o
                0x0000000000204898                leds_init
 .text.gpio_hal_register_handler
                0x00000000002048e0        0xc obj_cc2538dk/gpio-hal.o
                0x00000000002048e0                gpio_hal_register_handler
 .text.gpio_hal_event_handler
                0x00000000002048ec       0x24 obj_cc2538dk/gpio-hal.o
                0x00000000002048ec                gpio_hal_event_handler
 .text.gpio_hal_init
                0x0000000000204910        0xc obj_cc2538dk/gpio-hal.o
                0x0000000000204910                gpio_hal_init
 .text.random_rand
                0x000000000020491c       0x24 obj_cc2538dk/random.o
                0x000000000020491c                random_rand
 .text.random_init
                0x0000000000204940       0x78 obj_cc2538dk/random.o
                0x0000000000204940                random_init
 .text.queuebuf_init
                0x00000000002049b8       0x1c obj_cc2538dk/queuebuf.o
                0x00000000002049b8                queuebuf_init
 .text.queuebuf_numfree
                0x00000000002049d4        0xc obj_cc2538dk/queuebuf.o
                0x00000000002049d4                queuebuf_numfree
 .text.queuebuf_new_from_packetbuf
                0x00000000002049e0       0x44 obj_cc2538dk/queuebuf.o
                0x00000000002049e0                queuebuf_new_from_packetbuf
 .text.queuebuf_free
                0x0000000000204a24       0x2c obj_cc2538dk/queuebuf.o
                0x0000000000204a24                queuebuf_free
 .text.queuebuf_to_packetbuf
                0x0000000000204a50       0x30 obj_cc2538dk/queuebuf.o
                0x0000000000204a50                queuebuf_to_packetbuf
 .text.index_from_key
                0x0000000000204a80       0x20 obj_cc2538dk/nbr-table.o
 .text.index_from_lladdr
                0x0000000000204aa0       0x40 obj_cc2538dk/nbr-table.o
 .text.nbr_get_bit.constprop.0
                0x0000000000204ae0       0x24 obj_cc2538dk/nbr-table.o
 .text.nbr_table_is_registered
                0x0000000000204b04       0x20 obj_cc2538dk/nbr-table.o
                0x0000000000204b04                nbr_table_is_registered
 .text.nbr_table_register
                0x0000000000204b24       0x30 obj_cc2538dk/nbr-table.o
                0x0000000000204b24                nbr_table_register
 .text.nbr_table_next
                0x0000000000204b54       0x48 obj_cc2538dk/nbr-table.o
                0x0000000000204b54                nbr_table_next
 .text.nbr_table_head
                0x0000000000204b9c       0x38 obj_cc2538dk/nbr-table.o
                0x0000000000204b9c                nbr_table_head
 .text.nbr_table_add_lladdr
                0x0000000000204bd4      0x14c obj_cc2538dk/nbr-table.o
                0x0000000000204bd4                nbr_table_add_lladdr
 .text.nbr_table_remove
                0x0000000000204d20       0x2c obj_cc2538dk/nbr-table.o
                0x0000000000204d20                nbr_table_remove
 .text.nbr_table_lock
                0x0000000000204d4c       0x10 obj_cc2538dk/nbr-table.o
                0x0000000000204d4c                nbr_table_lock
 .text.nbr_table_unlock
                0x0000000000204d5c       0x10 obj_cc2538dk/nbr-table.o
                0x0000000000204d5c                nbr_table_unlock
 .text.nbr_table_get_lladdr
                0x0000000000204d6c       0x24 obj_cc2538dk/nbr-table.o
                0x0000000000204d6c                nbr_table_get_lladdr
 .text.packetbuf_hdrreduce
                0x0000000000204d90       0x28 obj_cc2538dk/packetbuf.o
                0x0000000000204d90                packetbuf_hdrreduce
 .text.packetbuf_set_datalen
                0x0000000000204db8        0xc obj_cc2538dk/packetbuf.o
                0x0000000000204db8                packetbuf_set_datalen
 .text.packetbuf_hdrptr
                0x0000000000204dc4        0x8 obj_cc2538dk/packetbuf.o
                0x0000000000204dc4                packetbuf_hdrptr
 .text.packetbuf_datalen
                0x0000000000204dcc        0xc obj_cc2538dk/packetbuf.o
                0x0000000000204dcc                packetbuf_datalen
 .text.packetbuf_hdrlen
                0x0000000000204dd8       0x18 obj_cc2538dk/packetbuf.o
                0x0000000000204dd8                packetbuf_hdrlen
 .text.packetbuf_dataptr
                0x0000000000204df0       0x10 obj_cc2538dk/packetbuf.o
                0x0000000000204df0                packetbuf_dataptr
 .text.packetbuf_copyto
                0x0000000000204e00       0x44 obj_cc2538dk/packetbuf.o
                0x0000000000204e00                packetbuf_copyto
 .text.packetbuf_totlen
                0x0000000000204e44       0x14 obj_cc2538dk/packetbuf.o
                0x0000000000204e44                packetbuf_totlen
 .text.packetbuf_hdralloc
                0x0000000000204e58       0x3c obj_cc2538dk/packetbuf.o
                0x0000000000204e58                packetbuf_hdralloc
 .text.packetbuf_attr_clear
                0x0000000000204e94       0x34 obj_cc2538dk/packetbuf.o
                0x0000000000204e94                packetbuf_attr_clear
 .text.packetbuf_clear
                0x0000000000204ec8       0x20 obj_cc2538dk/packetbuf.o
                0x0000000000204ec8                packetbuf_clear
 .text.packetbuf_copyfrom
                0x0000000000204ee8       0x2c obj_cc2538dk/packetbuf.o
                0x0000000000204ee8                packetbuf_copyfrom
 .text.packetbuf_attr_copyto
                0x0000000000204f14       0x24 obj_cc2538dk/packetbuf.o
                0x0000000000204f14                packetbuf_attr_copyto
 .text.packetbuf_attr_copyfrom
                0x0000000000204f38       0x24 obj_cc2538dk/packetbuf.o
                0x0000000000204f38                packetbuf_attr_copyfrom
 .text.packetbuf_set_attr
                0x0000000000204f5c       0x10 obj_cc2538dk/packetbuf.o
                0x0000000000204f5c                packetbuf_set_attr
 .text.packetbuf_attr
                0x0000000000204f6c        0xc obj_cc2538dk/packetbuf.o
                0x0000000000204f6c                packetbuf_attr
 .text.packetbuf_set_addr
                0x0000000000204f78       0x18 obj_cc2538dk/packetbuf.o
                0x0000000000204f78                packetbuf_set_addr
 .text.packetbuf_addr
                0x0000000000204f90       0x10 obj_cc2538dk/packetbuf.o
                0x0000000000204f90                packetbuf_addr
 .text.packetbuf_holds_broadcast
                0x0000000000204fa0       0x10 obj_cc2538dk/packetbuf.o
                0x0000000000204fa0                packetbuf_holds_broadcast
 .text.netstack_process_ip_callback
                0x0000000000204fb0       0x40 obj_cc2538dk/netstack.o
                0x0000000000204fb0                netstack_process_ip_callback
 .text.netstack_init
                0x0000000000204ff0       0x24 obj_cc2538dk/netstack.o
                0x0000000000204ff0                netstack_init
 .text.periodic
                0x0000000000205014       0x2c obj_cc2538dk/link-stats.o
 .text.link_stats_from_lladdr
                0x0000000000205040        0xc obj_cc2538dk/link-stats.o
                0x0000000000205040                link_stats_from_lladdr
 .text.link_stats_packet_sent
                0x000000000020504c       0x74 obj_cc2538dk/link-stats.o
                0x000000000020504c                link_stats_packet_sent
 .text.link_stats_input_callback
                0x00000000002050c0       0x4c obj_cc2538dk/link-stats.o
                0x00000000002050c0                link_stats_input_callback
 .text.link_stats_reset
                0x000000000020510c       0x28 obj_cc2538dk/link-stats.o
                0x000000000020510c                link_stats_reset
 .text.link_stats_init
                0x0000000000205134       0x28 obj_cc2538dk/link-stats.o
                0x0000000000205134                link_stats_init
 .text.mac_sequence_is_duplicate
                0x000000000020515c       0x48 obj_cc2538dk/mac-sequence.o
                0x000000000020515c                mac_sequence_is_duplicate
 .text.mac_sequence_register_seqno
                0x00000000002051a4       0x58 obj_cc2538dk/mac-sequence.o
                0x00000000002051a4                mac_sequence_register_seqno
 .text.create_frame
                0x00000000002051fc       0xd0 obj_cc2538dk/framer-802154.o
 .text.frame802154_get_pan_id
                0x00000000002052cc        0xc obj_cc2538dk/frame802154.o
                0x00000000002052cc                frame802154_get_pan_id
 .text.frame802154_parse
                0x00000000002052d8      0x12c obj_cc2538dk/frame802154.o
                0x00000000002052d8                frame802154_parse
 .text.fill_space
                0x0000000000205404       0x34 obj_cc2538dk/strformat.o
 .text.format_str_v
                0x0000000000205438      0x6dc obj_cc2538dk/strformat.o
                0x0000000000205438                format_str_v
 .text.printf   0x0000000000205b14       0x20 obj_cc2538dk/printf.o
                0x0000000000205b14                printf
 .text.vsnprintf
                0x0000000000205b34       0x28 obj_cc2538dk/snprintf.o
                0x0000000000205b34                vsnprintf
 .text.on       0x0000000000205b5c        0xc obj_cc2538dk/csma.o
 .text.off      0x0000000000205b68        0xc obj_cc2538dk/csma.o
 .text.input_packet
                0x0000000000205b74       0x54 obj_cc2538dk/csma.o
 .text.schedule_transmission
                0x0000000000205bc8       0x38 obj_cc2538dk/csma-output.o
 .text.tx_done  0x0000000000205c00       0x7c obj_cc2538dk/csma-output.o
 .text.transmit_from_queue
                0x0000000000205c7c      0x1dc obj_cc2538dk/csma-output.o
 .text.csma_output_packet
                0x0000000000205e58      0x13c obj_cc2538dk/csma-output.o
                0x0000000000205e58                csma_output_packet
 .text.csma_output_init
                0x0000000000205f94       0x28 obj_cc2538dk/csma-output.o
                0x0000000000205f94                csma_output_init
 .text.uipbuf_get_attr
                0x0000000000205fbc       0x14 obj_cc2538dk/uipbuf.o
                0x0000000000205fbc                uipbuf_get_attr
 .text.uipbuf_clear_attr
                0x0000000000205fd0       0x18 obj_cc2538dk/uipbuf.o
                0x0000000000205fd0                uipbuf_clear_attr
 .text.echo_reply_input
                0x0000000000205fe8       0xa4 obj_cc2538dk/uip-icmp6.o
 .text.echo_request_input
                0x000000000020608c       0xd0 obj_cc2538dk/uip-icmp6.o
 .text.uip_icmp6_input
                0x000000000020615c       0x38 obj_cc2538dk/uip-icmp6.o
                0x000000000020615c                uip_icmp6_input
 .text.uip_icmp6_register_input_handler
                0x0000000000206194        0xc obj_cc2538dk/uip-icmp6.o
                0x0000000000206194                uip_icmp6_register_input_handler
 .text.uip_icmp6_error_output
                0x00000000002061a0      0x150 obj_cc2538dk/uip-icmp6.o
                0x00000000002061a0                uip_icmp6_error_output
 .text.uip_icmp6_send
                0x00000000002062f0       0x78 obj_cc2538dk/uip-icmp6.o
                0x00000000002062f0                uip_icmp6_send
 .text.uip_icmp6_init
                0x0000000000206368       0x1c obj_cc2538dk/uip-icmp6.o
                0x0000000000206368                uip_icmp6_init
 .text.node_matches_address.part.0
                0x0000000000206384       0x28 obj_cc2538dk/uip-sr.o
 .text.uip_sr_get_node
                0x00000000002063ac       0x38 obj_cc2538dk/uip-sr.o
                0x00000000002063ac                uip_sr_get_node
 .text.uip_sr_is_addr_reachable
                0x00000000002063e4       0x44 obj_cc2538dk/uip-sr.o
                0x00000000002063e4                uip_sr_is_addr_reachable
 .text.uip_sr_update_node
                0x0000000000206428       0xa4 obj_cc2538dk/uip-sr.o
                0x0000000000206428                uip_sr_update_node
 .text.uip_sr_init
                0x00000000002064cc       0x24 obj_cc2538dk/uip-sr.o
                0x00000000002064cc                uip_sr_init
 .text.uip_sr_periodic
                0x00000000002064f0       0x74 obj_cc2538dk/uip-sr.o
                0x00000000002064f0                uip_sr_periodic
 .text.uip_sr_free_all
                0x0000000000206564       0x48 obj_cc2538dk/uip-sr.o
                0x0000000000206564                uip_sr_free_all
 .text.uip_ds6_prefix_add
                0x00000000002065ac       0x64 obj_cc2538dk/uip-ds6.o
                0x00000000002065ac                uip_ds6_prefix_add
 .text.uip_ds6_is_addr_onlink
                0x0000000000206610       0x40 obj_cc2538dk/uip-ds6.o
                0x0000000000206610                uip_ds6_is_addr_onlink
 .text.uip_ds6_addr_lookup
                0x0000000000206650       0x2c obj_cc2538dk/uip-ds6.o
                0x0000000000206650                uip_ds6_addr_lookup
 .text.uip_ds6_get_link_local
                0x000000000020667c       0x3c obj_cc2538dk/uip-ds6.o
                0x000000000020667c                uip_ds6_get_link_local
 .text.uip_ds6_maddr_add
                0x00000000002066b8       0x4c obj_cc2538dk/uip-ds6.o
                0x00000000002066b8                uip_ds6_maddr_add
 .text.uip_ds6_addr_add
                0x0000000000206704       0x98 obj_cc2538dk/uip-ds6.o
                0x0000000000206704                uip_ds6_addr_add
 .text.uip_ds6_maddr_lookup
                0x000000000020679c       0x2c obj_cc2538dk/uip-ds6.o
                0x000000000020679c                uip_ds6_maddr_lookup
 .text.uip_ds6_addr_rm
                0x00000000002067c8       0x44 obj_cc2538dk/uip-ds6.o
                0x00000000002067c8                uip_ds6_addr_rm
 .text.uip_ds6_periodic
                0x000000000020680c       0x48 obj_cc2538dk/uip-ds6.o
                0x000000000020680c                uip_ds6_periodic
 .text.uip_ds6_select_src
                0x0000000000206854       0x94 obj_cc2538dk/uip-ds6.o
                0x0000000000206854                uip_ds6_select_src
 .text.uip_ds6_compute_reachable_time
                0x00000000002068e8       0x2c obj_cc2538dk/uip-ds6.o
                0x00000000002068e8                uip_ds6_compute_reachable_time
 .text.uip_ds6_init
                0x0000000000206914       0xe0 obj_cc2538dk/uip-ds6.o
                0x0000000000206914                uip_ds6_init
 .text.uip_ds6_route_init
                0x00000000002069f4       0x1c obj_cc2538dk/uip-ds6-route.o
                0x00000000002069f4                uip_ds6_route_init
 .text.uip_ds6_defrt_rm
                0x0000000000206a10       0x38 obj_cc2538dk/uip-ds6-route.o
                0x0000000000206a10                uip_ds6_defrt_rm
 .text.uip_ds6_defrt_lookup
                0x0000000000206a48       0x34 obj_cc2538dk/uip-ds6-route.o
                0x0000000000206a48                uip_ds6_defrt_lookup
 .text.uip_ds6_defrt_add
                0x0000000000206a7c       0x60 obj_cc2538dk/uip-ds6-route.o
                0x0000000000206a7c                uip_ds6_defrt_add
 .text.uip_ds6_defrt_choose
                0x0000000000206adc       0x30 obj_cc2538dk/uip-ds6-route.o
                0x0000000000206adc                uip_ds6_defrt_choose
 .text.uip_ds6_defrt_periodic
                0x0000000000206b0c       0x3c obj_cc2538dk/uip-ds6-route.o
                0x0000000000206b0c                uip_ds6_defrt_periodic
 .text.uip_ds6_nbr_rm
                0x0000000000206b48       0x24 obj_cc2538dk/uip-ds6-nbr.o
                0x0000000000206b48                uip_ds6_nbr_rm
 .text.uip_ds6_neighbors_init
                0x0000000000206b6c       0x1c obj_cc2538dk/uip-ds6-nbr.o
                0x0000000000206b6c                uip_ds6_neighbors_init
 .text.uip_ds6_nbr_add
                0x0000000000206b88       0x44 obj_cc2538dk/uip-ds6-nbr.o
                0x0000000000206b88                uip_ds6_nbr_add
 .text.uip_ds6_nbr_get_ll
                0x0000000000206bcc       0x10 obj_cc2538dk/uip-ds6-nbr.o
                0x0000000000206bcc                uip_ds6_nbr_get_ll
 .text.uip_ds6_nbr_lookup
                0x0000000000206bdc       0x38 obj_cc2538dk/uip-ds6-nbr.o
                0x0000000000206bdc                uip_ds6_nbr_lookup
 .text.uip_ds6_nbr_ll_lookup
                0x0000000000206c14       0x10 obj_cc2538dk/uip-ds6-nbr.o
                0x0000000000206c14                uip_ds6_nbr_ll_lookup
 .text.tcpip_output
                0x0000000000206c24       0x40 obj_cc2538dk/tcpip.o
                0x0000000000206c24                tcpip_output
 .text.tcpip_input
                0x0000000000206c64       0x34 obj_cc2538dk/tcpip.o
                0x0000000000206c64                tcpip_input
 .text.tcpip_ipv6_output
                0x0000000000206c98      0x120 obj_cc2538dk/tcpip.o
                0x0000000000206c98                tcpip_ipv6_output
 .text.packet_input
                0x0000000000206db8       0x20 obj_cc2538dk/tcpip.o
 .text.process_thread_tcpip_process
                0x0000000000206dd8       0xcc obj_cc2538dk/tcpip.o
 .text.tcpip_uipcall
                0x0000000000206ea4       0x2c obj_cc2538dk/tcpip.o
                0x0000000000206ea4                tcpip_uipcall
 .text.upper_layer_chksum
                0x0000000000206ed0       0x50 obj_cc2538dk/uip6.o
 .text.ext_hdr_options_process
                0x0000000000206f20       0xc0 obj_cc2538dk/uip6.o
 .text.uip_init
                0x0000000000206fe0       0x40 obj_cc2538dk/uip6.o
                0x0000000000206fe0                uip_init
 .text.remove_ext_hdr
                0x0000000000207020       0x5c obj_cc2538dk/uip6.o
                0x0000000000207020                remove_ext_hdr
 .text.uip_process
                0x000000000020707c      0x3e8 obj_cc2538dk/uip6.o
                0x000000000020707c                uip_process
 .text.uip_htonl
                0x0000000000207464       0x1c obj_cc2538dk/uip6.o
                0x0000000000207464                uip_htonl
 .text.ns_input
                0x0000000000207480      0x270 obj_cc2538dk/uip-nd6.o
 .text.uip_nd6_init
                0x00000000002076f0        0xc obj_cc2538dk/uip-nd6.o
                0x00000000002076f0                uip_nd6_init
 .text.clear_fragments
                0x00000000002076fc       0x3c obj_cc2538dk/sicslowpan.o
 .text.sicslowpan_init
                0x0000000000207738       0x18 obj_cc2538dk/sicslowpan.o
                0x0000000000207738                sicslowpan_init
 .text.set_packet_attrs
                0x0000000000207750       0x40 obj_cc2538dk/sicslowpan.o
 .text.compress_addr_64
                0x0000000000207790       0x90 obj_cc2538dk/sicslowpan.o
 .text.addr_context_lookup_by_prefix
                0x0000000000207820       0x24 obj_cc2538dk/sicslowpan.o
 .text.send_packet
                0x0000000000207844       0x24 obj_cc2538dk/sicslowpan.o
 .text.fragment_copy_payload_and_send
                0x0000000000207868       0x6c obj_cc2538dk/sicslowpan.o
 .text.output   0x00000000002078d4      0x74c obj_cc2538dk/sicslowpan.o
 .text.packet_sent
                0x0000000000208020       0x5c obj_cc2538dk/sicslowpan.o
 .text.store_fragment
                0x000000000020807c       0x64 obj_cc2538dk/sicslowpan.o
 .text.uncompress_addr
                0x00000000002080e0       0x94 obj_cc2538dk/sicslowpan.o
 .text.add_fragment
                0x0000000000208174      0x148 obj_cc2538dk/sicslowpan.o
 .text.input    0x00000000002082bc      0x6e4 obj_cc2538dk/sicslowpan.o
 .text.uiplib_ipaddr_snprint
                0x00000000002089a0       0xf4 obj_cc2538dk/uiplib.o
                0x00000000002089a0                uiplib_ipaddr_snprint
 .text.update_state
                0x0000000000208a94       0x84 obj_cc2538dk/rpl-nbr-policy.o
 .text.rpl_nbr_policy_find_removable
                0x0000000000208b18       0x50 obj_cc2538dk/rpl-nbr-policy.o
                0x0000000000208b18                rpl_nbr_policy_find_removable
 .text.remove_neighbor
                0x0000000000208b68       0x3c obj_cc2538dk/rpl-neighbor.o
 .text.rpl_neighbor_get_from_lladdr
                0x0000000000208ba4       0x10 obj_cc2538dk/rpl-neighbor.o
                0x0000000000208ba4                rpl_neighbor_get_from_lladdr
 .text.rpl_neighbor_rank_via_nbr
                0x0000000000208bb4       0x18 obj_cc2538dk/rpl-neighbor.o
                0x0000000000208bb4                rpl_neighbor_rank_via_nbr
 .text.rpl_neighbor_get_lladdr
                0x0000000000208bcc       0x10 obj_cc2538dk/rpl-neighbor.o
                0x0000000000208bcc                rpl_neighbor_get_lladdr
 .text.best_parent
                0x0000000000208bdc       0x88 obj_cc2538dk/rpl-neighbor.o
 .text.rpl_neighbor_is_parent
                0x0000000000208c64       0x18 obj_cc2538dk/rpl-neighbor.o
                0x0000000000208c64                rpl_neighbor_is_parent
 .text.rpl_neighbor_set_preferred_parent
                0x0000000000208c7c       0x44 obj_cc2538dk/rpl-neighbor.o
                0x0000000000208c7c                rpl_neighbor_set_preferred_parent
 .text.rpl_neighbor_remove_all
                0x0000000000208cc0       0x2c obj_cc2538dk/rpl-neighbor.o
                0x0000000000208cc0                rpl_neighbor_remove_all
 .text.rpl_neighbor_get_from_ipaddr
                0x0000000000208cec       0x1c obj_cc2538dk/rpl-neighbor.o
                0x0000000000208cec                rpl_neighbor_get_from_ipaddr
 .text.rpl_neighbor_select_best
                0x0000000000208d08       0x54 obj_cc2538dk/rpl-neighbor.o
                0x0000000000208d08                rpl_neighbor_select_best
 .text.rpl_neighbor_init
                0x0000000000208d5c       0x14 obj_cc2538dk/rpl-neighbor.o
                0x0000000000208d5c                rpl_neighbor_init
 .text.init_dag
                0x0000000000208d70       0x74 obj_cc2538dk/rpl-dag.o
 .text.init_dag_from_dio
                0x0000000000208de4       0x84 obj_cc2538dk/rpl-dag.o
 .text.rpl_dag_get_root_ipaddr
                0x0000000000208e68       0x30 obj_cc2538dk/rpl-dag.o
                0x0000000000208e68                rpl_dag_get_root_ipaddr
 .text.rpl_dag_leave
                0x0000000000208e98       0x50 obj_cc2538dk/rpl-dag.o
                0x0000000000208e98                rpl_dag_leave
 .text.rpl_dag_poison_and_leave
                0x0000000000208ee8       0x10 obj_cc2538dk/rpl-dag.o
                0x0000000000208ee8                rpl_dag_poison_and_leave
 .text.rpl_dag_periodic
                0x0000000000208ef8       0x44 obj_cc2538dk/rpl-dag.o
                0x0000000000208ef8                rpl_dag_periodic
 .text.rpl_is_addr_in_our_dag
                0x0000000000208f3c       0x24 obj_cc2538dk/rpl-dag.o
                0x0000000000208f3c                rpl_is_addr_in_our_dag
 .text.rpl_local_repair
                0x0000000000208f60       0x34 obj_cc2538dk/rpl-dag.o
                0x0000000000208f60                rpl_local_repair
 .text.rpl_global_repair
                0x0000000000208f94       0x38 obj_cc2538dk/rpl-dag.o
                0x0000000000208f94                rpl_global_repair
 .text.rpl_dag_ready_to_advertise
                0x0000000000208fcc       0x24 obj_cc2538dk/rpl-dag.o
                0x0000000000208fcc                rpl_dag_ready_to_advertise
 .text.rpl_dag_update_state
                0x0000000000208ff0      0x118 obj_cc2538dk/rpl-dag.o
                0x0000000000208ff0                rpl_dag_update_state
 .text.rpl_process_dio
                0x0000000000209108      0x190 obj_cc2538dk/rpl-dag.o
                0x0000000000209108                rpl_process_dio
 .text.rpl_process_dis
                0x0000000000209298       0x2c obj_cc2538dk/rpl-dag.o
                0x0000000000209298                rpl_process_dis
 .text.rpl_process_dao
                0x00000000002092c4       0x4c obj_cc2538dk/rpl-dag.o
                0x00000000002092c4                rpl_process_dao
 .text.rpl_process_dao_ack
                0x0000000000209310       0x54 obj_cc2538dk/rpl-dag.o
                0x0000000000209310                rpl_process_dao_ack
 .text.rpl_dag_init_root
                0x0000000000209364       0xa8 obj_cc2538dk/rpl-dag.o
                0x0000000000209364                rpl_dag_init_root
 .text.rpl_dag_init
                0x000000000020940c       0x10 obj_cc2538dk/rpl-dag.o
                0x000000000020940c                rpl_dag_init
 .text.new_dio_interval
                0x000000000020941c       0x54 obj_cc2538dk/rpl-timers.o
 .text.handle_unicast_dio_timer
                0x0000000000209470       0x1c obj_cc2538dk/rpl-timers.o
 .text.handle_dao_timer
                0x000000000020948c       0xd8 obj_cc2538dk/rpl-timers.o
 .text.handle_dao_ack_timer
                0x0000000000209564       0x14 obj_cc2538dk/rpl-timers.o
 .text.handle_leaving_timer
                0x0000000000209578       0x10 obj_cc2538dk/rpl-timers.o
 .text.handle_dio_timer
                0x0000000000209588       0x70 obj_cc2538dk/rpl-timers.o
 .text.rpl_timers_schedule_periodic_dis
                0x00000000002095f8       0x38 obj_cc2538dk/rpl-timers.o
                0x00000000002095f8                rpl_timers_schedule_periodic_dis
 .text.handle_dis_timer
                0x0000000000209630       0x34 obj_cc2538dk/rpl-timers.o
 .text.handle_periodic_timer
                0x0000000000209664       0x44 obj_cc2538dk/rpl-timers.o
 .text.rpl_timers_dio_reset
                0x00000000002096a8       0x28 obj_cc2538dk/rpl-timers.o
                0x00000000002096a8                rpl_timers_dio_reset
 .text.rpl_timers_schedule_unicast_dio
                0x00000000002096d0       0x28 obj_cc2538dk/rpl-timers.o
                0x00000000002096d0                rpl_timers_schedule_unicast_dio
 .text.rpl_timers_schedule_dao
                0x00000000002096f8       0x4c obj_cc2538dk/rpl-timers.o
                0x00000000002096f8                rpl_timers_schedule_dao
 .text.rpl_timers_schedule_dao_ack
                0x0000000000209744       0x48 obj_cc2538dk/rpl-timers.o
                0x0000000000209744                rpl_timers_schedule_dao_ack
 .text.get_probing_target
                0x000000000020978c       0xbc obj_cc2538dk/rpl-timers.o
                0x000000000020978c                get_probing_target
 .text.rpl_schedule_probing
                0x0000000000209848       0x28 obj_cc2538dk/rpl-timers.o
                0x0000000000209848                rpl_schedule_probing
 .text.rpl_schedule_probing_now
                0x0000000000209870       0x2c obj_cc2538dk/rpl-timers.o
                0x0000000000209870                rpl_schedule_probing_now
 .text.rpl_timers_unschedule_leaving
                0x000000000020989c       0x24 obj_cc2538dk/rpl-timers.o
                0x000000000020989c                rpl_timers_unschedule_leaving
 .text.rpl_timers_schedule_leaving
                0x00000000002098c0       0x30 obj_cc2538dk/rpl-timers.o
                0x00000000002098c0                rpl_timers_schedule_leaving
 .text.rpl_timers_init
                0x00000000002098f0       0x20 obj_cc2538dk/rpl-timers.o
                0x00000000002098f0                rpl_timers_init
 .text.rpl_timers_stop_dag_timers
                0x0000000000209910       0x44 obj_cc2538dk/rpl-timers.o
                0x0000000000209910                rpl_timers_stop_dag_timers
 .text.rpl_timers_unschedule_state_update
                0x0000000000209954       0x14 obj_cc2538dk/rpl-timers.o
                0x0000000000209954                rpl_timers_unschedule_state_update
 .text.rpl_timers_schedule_state_update
                0x0000000000209968       0x1c obj_cc2538dk/rpl-timers.o
                0x0000000000209968                rpl_timers_schedule_state_update
 .text.update_hbh_header
                0x0000000000209984       0x60 obj_cc2538dk/rpl-ext-header.o
 .text.rpl_ext_header_srh_get_next_hop
                0x00000000002099e4       0xc8 obj_cc2538dk/rpl-ext-header.o
                0x00000000002099e4                rpl_ext_header_srh_get_next_hop
 .text.rpl_ext_header_srh_update
                0x0000000000209aac       0xe4 obj_cc2538dk/rpl-ext-header.o
                0x0000000000209aac                rpl_ext_header_srh_update
 .text.rpl_ext_header_hbh_update
                0x0000000000209b90       0xb8 obj_cc2538dk/rpl-ext-header.o
                0x0000000000209b90                rpl_ext_header_hbh_update
 .text.rpl_ext_header_remove
                0x0000000000209c48       0xa0 obj_cc2538dk/rpl-ext-header.o
                0x0000000000209c48                rpl_ext_header_remove
 .text.rpl_ext_header_update
                0x0000000000209ce8      0x288 obj_cc2538dk/rpl-ext-header.o
                0x0000000000209ce8                rpl_ext_header_update
 .text.rpl_has_joined
                0x0000000000209f70       0x18 obj_cc2538dk/rpl.o
                0x0000000000209f70                rpl_has_joined
 .text.rpl_is_reachable
                0x0000000000209f88       0x18 obj_cc2538dk/rpl.o
                0x0000000000209f88                rpl_is_reachable
 .text.set_ip_from_prefix
                0x0000000000209fa0       0x2c obj_cc2538dk/rpl.o
 .text.init     0x0000000000209fcc       0x40 obj_cc2538dk/rpl.o
 .text.rpl_link_callback
                0x000000000020a00c       0x2c obj_cc2538dk/rpl.o
                0x000000000020a00c                rpl_link_callback
 .text.get_sr_node_ipaddr
                0x000000000020a038       0x2c obj_cc2538dk/rpl.o
 .text.rpl_get_global_address
                0x000000000020a064       0x70 obj_cc2538dk/rpl.o
                0x000000000020a064                rpl_get_global_address
 .text.rpl_reset_prefix
                0x000000000020a0d4       0x28 obj_cc2538dk/rpl.o
                0x000000000020a0d4                rpl_reset_prefix
 .text.rpl_set_prefix_from_addr
                0x000000000020a0fc       0x68 obj_cc2538dk/rpl.o
                0x000000000020a0fc                rpl_set_prefix_from_addr
 .text.rpl_get_leaf_only
                0x000000000020a164        0xc obj_cc2538dk/rpl.o
                0x000000000020a164                rpl_get_leaf_only
 .text.update_metric_container
                0x000000000020a170        0xc obj_cc2538dk/rpl-mrhof.o
 .text.within_hysteresis
                0x000000000020a17c       0x3c obj_cc2538dk/rpl-mrhof.o
 .text.rank_via_nbr
                0x000000000020a1b8       0x30 obj_cc2538dk/rpl-mrhof.o
 .text.best_parent
                0x000000000020a1e8       0x68 obj_cc2538dk/rpl-mrhof.o
 .text.dao_ack_input
                0x000000000020a250       0x44 obj_cc2538dk/rpl-icmp6.o
 .text.dao_input
                0x000000000020a294      0x110 obj_cc2538dk/rpl-icmp6.o
 .text.dio_input
                0x000000000020a3a4      0x22c obj_cc2538dk/rpl-icmp6.o
 .text.dis_input
                0x000000000020a5d0       0x3c obj_cc2538dk/rpl-icmp6.o
 .text.rpl_icmp6_dis_output
                0x000000000020a60c       0x38 obj_cc2538dk/rpl-icmp6.o
                0x000000000020a60c                rpl_icmp6_dis_output
 .text.rpl_icmp6_dio_output
                0x000000000020a644      0x1c8 obj_cc2538dk/rpl-icmp6.o
                0x000000000020a644                rpl_icmp6_dio_output
 .text.rpl_icmp6_dao_output
                0x000000000020a80c       0xc4 obj_cc2538dk/rpl-icmp6.o
                0x000000000020a80c                rpl_icmp6_dao_output
 .text.rpl_icmp6_dao_ack_output
                0x000000000020a8d0       0x44 obj_cc2538dk/rpl-icmp6.o
                0x000000000020a8d0                rpl_icmp6_dao_ack_output
 .text.rpl_icmp6_init
                0x000000000020a914       0x30 obj_cc2538dk/rpl-icmp6.o
                0x000000000020a914                rpl_icmp6_init
 .text.rpl_dag_root_set_prefix
                0x000000000020a944       0x64 obj_cc2538dk/rpl-dag-root.o
                0x000000000020a944                rpl_dag_root_set_prefix
 .text.rpl_dag_root_start
                0x000000000020a9a8       0x68 obj_cc2538dk/rpl-dag-root.o
                0x000000000020a9a8                rpl_dag_root_start
 .text.rpl_dag_root_is_root
                0x000000000020aa10       0x18 obj_cc2538dk/rpl-dag-root.o
                0x000000000020aa10                rpl_dag_root_is_root
 .text.output   0x000000000020aa28       0x20 obj_cc2538dk/slip-bridge.o
 .text.init     0x000000000020aa48       0x20 obj_cc2538dk/slip-bridge.o
 .text.slip_input_callback
                0x000000000020aa68       0xc0 obj_cc2538dk/slip-bridge.o
 .text.request_prefix
                0x000000000020ab28       0x30 obj_cc2538dk/slip-bridge.o
                0x000000000020ab28                request_prefix
 .text.process_thread_border_router_process
                0x000000000020ab58       0xe4 obj_cc2538dk/border-router-embedded.o
 .text.process_thread_hello_world_process
                0x000000000020ac3c       0x58 hello-world.o
 .text          0x000000000020ac94       0x30 /usr/bin/../lib/gcc/arm-none-eabi/7.3.1/thumb/v7-m/libgcc.a(_aeabi_uldivmod.o)
                0x000000000020ac94                __aeabi_uldivmod
 .text          0x000000000020acc4      0x2d0 /usr/bin/../lib/gcc/arm-none-eabi/7.3.1/thumb/v7-m/libgcc.a(_udivmoddi4.o)
                0x000000000020acc4                __udivmoddi4
 .text          0x000000000020af94        0x4 /usr/bin/../lib/gcc/arm-none-eabi/7.3.1/thumb/v7-m/libgcc.a(_dvmd_tls.o)
                0x000000000020af94                __aeabi_ldiv0
                0x000000000020af94                __aeabi_idiv0
 .text.memcmp   0x000000000020af98       0x64 /usr/bin/../lib/gcc/arm-none-eabi/7.3.1/../../../../arm-none-eabi/lib/thumb/v7-m/libc.a(lib_a-memcmp.o)
                0x000000000020af98                memcmp
 .text          0x000000000020affc       0xec /usr/bin/../lib/gcc/arm-none-eabi/7.3.1/../../../../arm-none-eabi/lib/thumb/v7-m/libc.a(lib_a-memcpy.o)
                0x000000000020affc                memcpy
 .text.memmove  0x000000000020b0e8       0xc4 /usr/bin/../lib/gcc/arm-none-eabi/7.3.1/../../../../arm-none-eabi/lib/thumb/v7-m/libc.a(lib_a-memmove.o)
                0x000000000020b0e8                memmove
 .text.memset   0x000000000020b1ac       0x94 /usr/bin/../lib/gcc/arm-none-eabi/7.3.1/../../../../arm-none-eabi/lib/thumb/v7-m/libc.a(lib_a-memset.o)
                0x000000000020b1ac                memset
 .text.default_handler
                0x000000000020b240        0x2 obj_cc2538dk/startup-gcc.o
                0x000000000020b240                default_handler
 .text.nmi_handler
                0x000000000020b242        0x6 obj_cc2538dk/startup-gcc.o
                0x000000000020b242                nmi_handler
 .text.fade     0x000000000020b248       0x58 obj_cc2538dk/platform.o
 .text.platform_init_stage_one
                0x000000000020b2a0       0x14 obj_cc2538dk/platform.o
                0x000000000020b2a0                platform_init_stage_one
 .text.platform_idle
                0x000000000020b2b4        0x4 obj_cc2538dk/platform.o
                0x000000000020b2b4                platform_idle
 .text.status   0x000000000020b2b8        0x4 obj_cc2538dk/als-sensor.o
 .text.soc_init
                0x000000000020b2bc       0x22 obj_cc2538dk/soc.o
                0x000000000020b2bc                soc_init
 .text.clock_isr
                0x000000000020b2de        0x4 obj_cc2538dk/clock.o
                0x000000000020b2de                clock_isr
 .text.rtimer_arch_init
                0x000000000020b2e2        0x2 obj_cc2538dk/rtimer-arch.o
                0x000000000020b2e2                rtimer_arch_init
 .text.uart0_isr
                0x000000000020b2e4        0x6 obj_cc2538dk/uart.o
                0x000000000020b2e4                uart0_isr
 .text.uart1_isr
                0x000000000020b2ea        0x6 obj_cc2538dk/uart.o
                0x000000000020b2ea                uart1_isr
 .text.gpio_port_a_isr
                0x000000000020b2f0        0x6 obj_cc2538dk/gpio.o
                0x000000000020b2f0                gpio_port_a_isr
 .text.gpio_port_b_isr
                0x000000000020b2f6        0x6 obj_cc2538dk/gpio.o
                0x000000000020b2f6                gpio_port_b_isr
 .text.gpio_port_c_isr
                0x000000000020b2fc        0x6 obj_cc2538dk/gpio.o
                0x000000000020b2fc                gpio_port_c_isr
 .text.gpio_port_d_isr
                0x000000000020b302        0x6 obj_cc2538dk/gpio.o
                0x000000000020b302                gpio_port_d_isr
 .text.send     0x000000000020b308       0x12 obj_cc2538dk/cc2538-rf.o
 .text.int_master_read_and_disable
                0x000000000020b31a        0x8 obj_cc2538dk/int-master.o
                0x000000000020b31a                int_master_read_and_disable
 .text.int_master_status_set
                0x000000000020b322        0x6 obj_cc2538dk/int-master.o
                0x000000000020b322                int_master_status_set
 .text.dbg_send_bytes
                0x000000000020b328       0x20 obj_cc2538dk/dbg.o
                0x000000000020b328                dbg_send_bytes
 .text.slip_arch_writeb
                0x000000000020b348        0x8 obj_cc2538dk/slip-arch.o
                0x000000000020b348                slip_arch_writeb
 .text.slip_write
                0x000000000020b350       0x42 obj_cc2538dk/slip.o
                0x000000000020b350                slip_write
 .text.configure
                0x000000000020b392        0x4 obj_cc2538dk/cc2538-temp-sensor.o
 .text.status   0x000000000020b396        0x4 obj_cc2538dk/cc2538-temp-sensor.o
 .text.value    0x000000000020b39a       0x34 obj_cc2538dk/cc2538-temp-sensor.o
 .text.configure
                0x000000000020b3ce        0x4 obj_cc2538dk/vdd3-sensor.o
 .text.status   0x000000000020b3d2        0x4 obj_cc2538dk/vdd3-sensor.o
 .text.value    0x000000000020b3d6       0x2a obj_cc2538dk/vdd3-sensor.o
 .text.stimer_set
                0x000000000020b400        0xe obj_cc2538dk/stimer.o
                0x000000000020b400                stimer_set
 .text.autostart_start
                0x000000000020b40e       0x14 obj_cc2538dk/autostart.o
                0x000000000020b40e                autostart_start
 .text.energest_init
                0x000000000020b422        0x2 obj_cc2538dk/energest.o
                0x000000000020b422                energest_init
 .text.etimer_set
                0x000000000020b424       0x12 obj_cc2538dk/etimer.o
                0x000000000020b424                etimer_set
 .text.etimer_reset
                0x000000000020b436       0x12 obj_cc2538dk/etimer.o
                0x000000000020b436                etimer_reset
 .text.etimer_expired
                0x000000000020b448        0xa obj_cc2538dk/etimer.o
                0x000000000020b448                etimer_expired
 .text.call_process
                0x000000000020b452        0xc obj_cc2538dk/process.o
 .text.rtimer_init
                0x000000000020b45e        0x4 obj_cc2538dk/rtimer.o
                0x000000000020b45e                rtimer_init
 .text.timer_set
                0x000000000020b462        0xe obj_cc2538dk/timer.o
                0x000000000020b462                timer_set
 .text.timer_reset
                0x000000000020b470        0xa obj_cc2538dk/timer.o
                0x000000000020b470                timer_reset
 .text.timer_expired
                0x000000000020b47a       0x1c obj_cc2538dk/timer.o
                0x000000000020b47a                timer_expired
 .text.button_hal_get_state
                0x000000000020b496       0x28 obj_cc2538dk/button-hal.o
                0x000000000020b496                button_hal_get_state
 .text.list_init
                0x000000000020b4be        0x6 obj_cc2538dk/list.o
                0x000000000020b4be                list_init
 .text.list_head
                0x000000000020b4c4        0x4 obj_cc2538dk/list.o
                0x000000000020b4c4                list_head
 .text.list_tail
                0x000000000020b4c8       0x10 obj_cc2538dk/list.o
                0x000000000020b4c8                list_tail
 .text.list_remove
                0x000000000020b4d8       0x26 obj_cc2538dk/list.o
                0x000000000020b4d8                list_remove
 .text.list_add
                0x000000000020b4fe       0x1a obj_cc2538dk/list.o
                0x000000000020b4fe                list_add
 .text.list_push
                0x000000000020b518       0x10 obj_cc2538dk/list.o
                0x000000000020b518                list_push
 .text.list_length
                0x000000000020b528        0xe obj_cc2538dk/list.o
                0x000000000020b528                list_length
 .text.list_item_next
                0x000000000020b536        0x6 obj_cc2538dk/list.o
                0x000000000020b536                list_item_next
 .text.memb_init
                0x000000000020b53c       0x20 obj_cc2538dk/memb.o
                0x000000000020b53c                memb_init
 .text.memb_alloc
                0x000000000020b55c       0x28 obj_cc2538dk/memb.o
                0x000000000020b55c                memb_alloc
 .text.memb_free
                0x000000000020b584       0x2c obj_cc2538dk/memb.o
                0x000000000020b584                memb_free
 .text.memb_inmemb
                0x000000000020b5b0       0x1c obj_cc2538dk/memb.o
                0x000000000020b5b0                memb_inmemb
 .text.memb_numfree
                0x000000000020b5cc       0x1c obj_cc2538dk/memb.o
                0x000000000020b5cc                memb_numfree
 .text.ringbuf_init
                0x000000000020b5e8        0xe obj_cc2538dk/ringbuf.o
                0x000000000020b5e8                ringbuf_init
 .text.ringbuf_put
                0x000000000020b5f6       0x26 obj_cc2538dk/ringbuf.o
                0x000000000020b5f6                ringbuf_put
 .text.ringbuf_get
                0x000000000020b61c       0x20 obj_cc2538dk/ringbuf.o
                0x000000000020b61c                ringbuf_get
 .text.queuebuf_update_attr_from_packetbuf
                0x000000000020b63c        0xc obj_cc2538dk/queuebuf.o
                0x000000000020b63c                queuebuf_update_attr_from_packetbuf
 .text.queuebuf_attr
                0x000000000020b648        0xc obj_cc2538dk/queuebuf.o
                0x000000000020b648                queuebuf_attr
 .text.item_from_index
                0x000000000020b654       0x14 obj_cc2538dk/nbr-table.o
 .text.index_from_item
                0x000000000020b668       0x16 obj_cc2538dk/nbr-table.o
 .text.nbr_set_bit
                0x000000000020b67e       0x3a obj_cc2538dk/nbr-table.o
 .text.nbr_table_get_from_lladdr
                0x000000000020b6b8       0x26 obj_cc2538dk/nbr-table.o
                0x000000000020b6b8                nbr_table_get_from_lladdr
 .text.linkaddr_copy
                0x000000000020b6de        0x6 obj_cc2538dk/linkaddr.o
                0x000000000020b6de                linkaddr_copy
 .text.linkaddr_cmp
                0x000000000020b6e4       0x10 obj_cc2538dk/linkaddr.o
                0x000000000020b6e4                linkaddr_cmp
 .text.link_stats_is_fresh
                0x000000000020b6f4       0x24 obj_cc2538dk/link-stats.o
                0x000000000020b6f4                link_stats_is_fresh
 .text.guess_etx_from_rssi
                0x000000000020b718       0x42 obj_cc2538dk/link-stats.o
                0x000000000020b718                guess_etx_from_rssi
 .text.mac_call_sent_callback
                0x000000000020b75a       0x18 obj_cc2538dk/mac.o
                0x000000000020b75a                mac_call_sent_callback
 .text.parse    0x000000000020b772       0x8a obj_cc2538dk/framer-802154.o
 .text.framer_802154_setup_params.part.0
                0x000000000020b7fc       0x7c obj_cc2538dk/framer-802154.o
 .text.create   0x000000000020b878        0x6 obj_cc2538dk/framer-802154.o
 .text.hdr_length
                0x000000000020b87e        0x6 obj_cc2538dk/framer-802154.o
 .text.frame802154_has_panid
                0x000000000020b884       0xbc obj_cc2538dk/frame802154.o
                0x000000000020b884                frame802154_has_panid
 .text.field_len
                0x000000000020b940       0x84 obj_cc2538dk/frame802154.o
 .text.frame802154_is_broadcast_addr
                0x000000000020b9c4       0x1e obj_cc2538dk/frame802154.o
                0x000000000020b9c4                frame802154_is_broadcast_addr
 .text.frame802154_hdrlen
                0x000000000020b9e2       0x32 obj_cc2538dk/frame802154.o
                0x000000000020b9e2                frame802154_hdrlen
 .text.frame802154_create_fcf
                0x000000000020ba14       0x5e obj_cc2538dk/frame802154.o
                0x000000000020ba14                frame802154_create_fcf
 .text.frame802154_create
                0x000000000020ba72       0x8e obj_cc2538dk/frame802154.o
                0x000000000020ba72                frame802154_create
 .text.frame802154_parse_fcf
                0x000000000020bb00       0x66 obj_cc2538dk/frame802154.o
                0x000000000020bb00                frame802154_parse_fcf
 .text.write_str
                0x000000000020bb66       0x10 obj_cc2538dk/printf.o
 .text.buffer_str
                0x000000000020bb76       0x28 obj_cc2538dk/snprintf.o
 .text.snprintf
                0x000000000020bb9e       0x1a obj_cc2538dk/snprintf.o
                0x000000000020bb9e                snprintf
 .text.putchar  0x000000000020bbb8        0xc obj_cc2538dk/putchar.o
                0x000000000020bbb8                putchar
 .text.send_packet
                0x000000000020bbc4        0x4 obj_cc2538dk/csma.o
 .text.init     0x000000000020bbc8        0xe obj_cc2538dk/csma.o
 .text.uip_sr_expire_parent
                0x000000000020bbd6       0x28 obj_cc2538dk/uip-sr.o
                0x000000000020bbd6                uip_sr_expire_parent
 .text.uip_ds6_list_loop
                0x000000000020bbfe       0x4c obj_cc2538dk/uip-ds6.o
                0x000000000020bbfe                uip_ds6_list_loop
 .text.uip_ds6_maddr_rm
                0x000000000020bc4a        0x8 obj_cc2538dk/uip-ds6.o
                0x000000000020bc4a                uip_ds6_maddr_rm
 .text.uip_ds6_set_addr_iid
                0x000000000020bc52       0x16 obj_cc2538dk/uip-ds6.o
                0x000000000020bc52                uip_ds6_set_addr_iid
 .text.uip_ds6_set_lladdr_from_iid
                0x000000000020bc68       0x16 obj_cc2538dk/uip-ds6.o
                0x000000000020bc68                uip_ds6_set_lladdr_from_iid
 .text.get_match_length
                0x000000000020bc7e       0x36 obj_cc2538dk/uip-ds6.o
                0x000000000020bc7e                get_match_length
 .text.uip_ds6_route_nexthop
                0x000000000020bcb4        0x4 obj_cc2538dk/uip-ds6-route.o
                0x000000000020bcb4                uip_ds6_route_nexthop
 .text.uip_ds6_route_lookup
                0x000000000020bcb8        0x4 obj_cc2538dk/uip-ds6-route.o
                0x000000000020bcb8                uip_ds6_route_lookup
 .text.uip_ds6_route_rm
                0x000000000020bcbc        0x2 obj_cc2538dk/uip-ds6-route.o
                0x000000000020bcbc                uip_ds6_route_rm
 .text.uip_ds6_nbr_update_ll
                0x000000000020bcbe       0x5e obj_cc2538dk/uip-ds6-nbr.o
                0x000000000020bcbe                uip_ds6_nbr_update_ll
 .text.uip_ds6_nbr_ipaddr_from_lladdr
                0x000000000020bd1c        0x4 obj_cc2538dk/uip-ds6-nbr.o
                0x000000000020bd1c                uip_ds6_nbr_ipaddr_from_lladdr
 .text.uip_ds6_nbr_lladdr_from_ipaddr
                0x000000000020bd20       0x12 obj_cc2538dk/uip-ds6-nbr.o
                0x000000000020bd20                uip_ds6_nbr_lladdr_from_ipaddr
 .text.uip_ds6_link_callback
                0x000000000020bd32        0x2 obj_cc2538dk/uip-ds6-nbr.o
                0x000000000020bd32                uip_ds6_link_callback
 .text.chksum   0x000000000020bd34       0x38 obj_cc2538dk/uip6.o
 .text.uip_icmp6chksum
                0x000000000020bd6c        0x6 obj_cc2538dk/uip6.o
                0x000000000020bd6c                uip_icmp6chksum
 .text.uip_udpchksum
                0x000000000020bd72        0x6 obj_cc2538dk/uip6.o
                0x000000000020bd72                uip_udpchksum
 .text.rpl_neighbor_get_ipaddr
                0x000000000020bd78        0xe obj_cc2538dk/rpl-neighbor.o
                0x000000000020bd78                rpl_neighbor_get_ipaddr
 .text.rpl_neighbor_get_link_stats
                0x000000000020bd86        0xe obj_cc2538dk/rpl-neighbor.o
                0x000000000020bd86                rpl_neighbor_get_link_stats
 .text.rpl_neighbor_is_fresh
                0x000000000020bd94        0xe obj_cc2538dk/rpl-neighbor.o
                0x000000000020bd94                rpl_neighbor_is_fresh
 .text.rpl_process_hbh
                0x000000000020bda2       0x1c obj_cc2538dk/rpl-dag.o
                0x000000000020bda2                rpl_process_hbh
 .text.handle_state_update
                0x000000000020bdbe        0x4 obj_cc2538dk/rpl-timers.o
 .text.get_probing_delay
                0x000000000020bdc2       0x1a obj_cc2538dk/rpl-timers.o
                0x000000000020bdc2                get_probing_delay
 .text.handle_probing_timer
                0x000000000020bddc       0x24 obj_cc2538dk/rpl-timers.o
 .text.neighbor_state_changed
                0x000000000020be00        0x2 obj_cc2538dk/rpl.o
 .text.drop_route
                0x000000000020be02        0x2 obj_cc2538dk/rpl.o
 .text.rpl_lollipop_greater_than
                0x000000000020be04       0x34 obj_cc2538dk/rpl.o
                0x000000000020be04                rpl_lollipop_greater_than
 .text.reset    0x000000000020be38        0x2 obj_cc2538dk/rpl-mrhof.o
 .text.nbr_link_metric
                0x000000000020be3a       0x12 obj_cc2538dk/rpl-mrhof.o
 .text.nbr_path_cost
                0x000000000020be4c       0x28 obj_cc2538dk/rpl-mrhof.o
 .text.nbr_has_usable_link
                0x000000000020be74       0x12 obj_cc2538dk/rpl-mrhof.o
 .text.nbr_is_acceptable_parent
                0x000000000020be86       0x1e obj_cc2538dk/rpl-mrhof.o
 .text.get32    0x000000000020bea4       0x18 obj_cc2538dk/rpl-icmp6.o
 .text.set32    0x000000000020bebc       0x12 obj_cc2538dk/rpl-icmp6.o
 .text.get16    0x000000000020bece        0xc obj_cc2538dk/rpl-icmp6.o
 .text.set16    0x000000000020beda        0xa obj_cc2538dk/rpl-icmp6.o
 .text.rpl_icmp6_update_nbr_table
                0x000000000020bee4       0x2e obj_cc2538dk/rpl-icmp6.o
                0x000000000020bee4                rpl_icmp6_update_nbr_table
 *(SORT_BY_ALIGNMENT(.rodata*))
 *fill*         0x000000000020bf12        0x2 00000000
 .rodata.als_sensor
                0x000000000020bf14       0x10 obj_cc2538dk/als-sensor.o
                0x000000000020bf14                als_sensor
 .rodata.uart_regs
                0x000000000020bf24       0x58 obj_cc2538dk/uart.o
 .rodata.cc2538_rf_driver
                0x000000000020bf7c       0x38 obj_cc2538dk/cc2538-rf.o
                0x000000000020bf7c                cc2538_rf_driver
 .rodata.output_power
                0x000000000020bfb4       0x70 obj_cc2538dk/cc2538-rf.o
 .rodata.cc2538_temp_sensor
                0x000000000020c024       0x10 obj_cc2538dk/cc2538-temp-sensor.o
                0x000000000020c024                cc2538_temp_sensor
 .rodata.vdd3_sensor
                0x000000000020c034       0x10 obj_cc2538dk/vdd3-sensor.o
                0x000000000020c034                vdd3_sensor
 .rodata.framer_802154
                0x000000000020c044        0xc obj_cc2538dk/framer-802154.o
                0x000000000020c044                framer_802154
 .rodata.csma_driver
                0x000000000020c050       0x18 obj_cc2538dk/csma.o
                0x000000000020c050                csma_driver
 .rodata.sicslowpan_driver
                0x000000000020c068       0x10 obj_cc2538dk/sicslowpan.o
                0x000000000020c068                sicslowpan_driver
 .rodata.rpl_lite_driver
                0x000000000020c078       0x50 obj_cc2538dk/rpl.o
                0x000000000020c078                rpl_lite_driver
 .rodata.rpl_interface
                0x000000000020c0c8        0x8 obj_cc2538dk/slip-bridge.o
                0x000000000020c0c8                rpl_interface
 .rodata.autostart_processes
                0x000000000020c0d0        0x8 hello-world.o
                0x000000000020c0d0                autostart_processes
 .rodata.linkaddr_null
                0x000000000020c0d8        0x8 obj_cc2538dk/linkaddr.o
                0x000000000020c0d8                linkaddr_null
 .rodata.leds_arch_leds
                0x000000000020c0e0        0x8 obj_cc2538dk/leds-arch.o
                0x000000000020c0e0                leds_arch_leds
 .rodata.platform_init_stage_three.str1.1
                0x000000000020c0e8       0x35 obj_cc2538dk/platform.o
                                         0x39 (size before relaxing)
 .rodata.str1.1
                0x000000000020c11d        0x8 obj_cc2538dk/sensors.o
 .rodata.str1.1
                0x000000000020c125       0x2e obj_cc2538dk/board-buttons.o
 .rodata.str1.1
                0x000000000020c153        0x4 obj_cc2538dk/als-sensor.o
 .rodata.str1.1
                0x000000000020c157       0x11 obj_cc2538dk/cc2538-rf.o
 .rodata.str1.1
                0x000000000020c168        0xc obj_cc2538dk/slip.o
 .rodata.str1.1
                0x000000000020c174       0x14 obj_cc2538dk/cc2538-temp-sensor.o
 .rodata.str1.1
                0x000000000020c188        0x5 obj_cc2538dk/vdd3-sensor.o
 .rodata.print_local_addresses.str1.1
                0x000000000020c18d       0x1e obj_cc2538dk/rpl-border-router.o
                                         0x34 (size before relaxing)
 .rodata.main.str1.1
                0x000000000020c1ab       0xe1 obj_cc2538dk/contiki-main.o
                                         0xf7 (size before relaxing)
 .rodata.str1.1
                0x000000000020c28c        0xc obj_cc2538dk/etimer.o
 .rodata.log_6addr.str1.1
                0x000000000020c298        0x3 obj_cc2538dk/log.o
 .rodata.log_lladdr.str1.1
                0x000000000020c29b       0x16 obj_cc2538dk/log.o
 .rodata.str1.1
                0x000000000020c2b1        0xf obj_cc2538dk/ctimer.o
 .rodata.process_thread_stack_check_process.str1.1
                0x000000000020c2c0       0x23 obj_cc2538dk/stack-check.o
                                         0x32 (size before relaxing)
 .rodata.str1.1
                0x000000000020c2e3        0xc obj_cc2538dk/stack-check.o
 .rodata.str1.1
                0x000000000020c2ef       0x13 obj_cc2538dk/button-hal.o
 .rodata.str1.1
                0x000000000020c302        0xe obj_cc2538dk/serial-line.o
 .rodata.buffer.5319
                0x000000000020c310       0x10 obj_cc2538dk/strformat.o
 .rodata.buffer.5328
                0x000000000020c320       0x10 obj_cc2538dk/strformat.o
 .rodata.format_str_v.str1.1
                0x000000000020c330       0x35 obj_cc2538dk/strformat.o
                                         0x37 (size before relaxing)
 .rodata.str1.1
                0x000000000020c365        0x5 obj_cc2538dk/csma.o
 .rodata.str1.1
                0x000000000020c36a        0xd obj_cc2538dk/tcpip.o
 .rodata        0x000000000020c377        0x2 obj_cc2538dk/sicslowpan.o
 .rodata.llprefix
                0x000000000020c379        0x2 obj_cc2538dk/sicslowpan.o
                0x000000000020c379                llprefix
 .rodata.str1.1
                0x000000000020c37b        0xb obj_cc2538dk/sicslowpan.o
 .rodata.ttl_values
                0x000000000020c386        0x4 obj_cc2538dk/sicslowpan.o
 .rodata.unc_ctxconf
                0x000000000020c38a        0x4 obj_cc2538dk/sicslowpan.o
                0x000000000020c38a                unc_ctxconf
 .rodata.unc_llconf
                0x000000000020c38e        0x4 obj_cc2538dk/sicslowpan.o
                0x000000000020c38e                unc_llconf
 .rodata.unc_mxconf
                0x000000000020c392        0x4 obj_cc2538dk/sicslowpan.o
                0x000000000020c392                unc_mxconf
 .rodata.uiplib_ipaddr_snprint.str1.1
                0x000000000020c396       0x28 obj_cc2538dk/uiplib.o
                                         0x2a (size before relaxing)
 .rodata.rpl_dag_init_root.str1.1
                0x000000000020c3be        0xa obj_cc2538dk/rpl-dag.o
 .rodata.rpl_dag_update_state.str1.1
                0x000000000020c3c8       0x31 obj_cc2538dk/rpl-dag.o
 .rodata.rpl_global_repair.str1.1
                0x000000000020c3f9        0xe obj_cc2538dk/rpl-dag.o
 .rodata.rpl_local_repair.str1.1
                0x000000000020c407        0xd obj_cc2538dk/rpl-dag.o
 .rodata.rpl_process_dao_ack.str1.1
                0x000000000020c414        0xa obj_cc2538dk/rpl-dag.o
 .rodata.rpl_process_dio.str1.1
                0x000000000020c41e       0x3a obj_cc2538dk/rpl-dag.o
 .rodata.rpl_process_dis.str1.1
                0x000000000020c458        0xe obj_cc2538dk/rpl-dag.o
 .rodata.handle_dao_timer.str1.1
                0x000000000020c466        0xc obj_cc2538dk/rpl-timers.o
 .rodata.str1.1
                0x000000000020c472        0x9 obj_cc2538dk/rpl.o
 .rodata.slip_input_callback.str1.1
                0x000000000020c47b       0x11 obj_cc2538dk/slip-bridge.o
 .rodata.process_thread_border_router_process.str1.1
                0x000000000020c47b       0x56 obj_cc2538dk/border-router-embedded.o
                                         0x6d (size before relaxing)
 .rodata.str1.1
                0x000000000020c4d1       0x16 obj_cc2538dk/border-router-embedded.o
 .rodata.process_thread_hello_world_process.str1.1
                0x000000000020c4e7        0xe hello-world.o
 .rodata.str1.1
                0x000000000020c4f5       0x14 hello-world.o
                0x000000000020c509                _etext = .

.glue_7         0x000000000020c50c        0x0
 .glue_7        0x000000000020c50c        0x0 linker stubs

.glue_7t        0x000000000020c50c        0x0
 .glue_7t       0x000000000020c50c        0x0 linker stubs

.vfp11_veneer   0x000000000020c50c        0x0
 .vfp11_veneer  0x000000000020c50c        0x0 linker stubs

.v4_bx          0x000000000020c50c        0x0
 .v4_bx         0x000000000020c50c        0x0 linker stubs

.iplt           0x000000000020c50c        0x0
 .iplt          0x000000000020c50c        0x0 obj_cc2538dk/startup-gcc.o

.socdata        0x0000000020000000       0x40
 *(SORT_BY_ALIGNMENT(.udma_channel_control_table))
 .udma_channel_control_table
                0x0000000020000000       0x40 obj_cc2538dk/udma.o

.data           0x0000000020000040      0x374 load address 0x000000000020c50c
                0x0000000020000040                _data = .
 *(SORT_BY_ALIGNMENT(.data*))
 .data.sensors_process
                0x0000000020000040       0x10 obj_cc2538dk/sensors.o
                0x0000000020000040                sensors_process
 .data.sensors  0x0000000020000050       0x10 obj_cc2538dk/smartrf-sensors.o
                0x0000000020000050                sensors
 .data.button_hal_buttons
                0x0000000020000060       0x18 obj_cc2538dk/board-buttons.o
                0x0000000020000060                button_hal_buttons
 .data.key_down
                0x0000000020000078       0x4c obj_cc2538dk/board-buttons.o
 .data.key_left
                0x00000000200000c4       0x4c obj_cc2538dk/board-buttons.o
 .data.key_right
                0x0000000020000110       0x4c obj_cc2538dk/board-buttons.o
 .data.key_select
                0x000000002000015c       0x4c obj_cc2538dk/board-buttons.o
 .data.key_up   0x00000000200001a8       0x4c obj_cc2538dk/board-buttons.o
 .data.cc2538_rf_process
                0x00000000200001f4       0x10 obj_cc2538dk/cc2538-rf.o
                0x00000000200001f4                cc2538_rf_process
 .data.slip_process
                0x0000000020000204       0x10 obj_cc2538dk/slip.o
                0x0000000020000204                slip_process
 .data.etimer_process
                0x0000000020000214       0x10 obj_cc2538dk/etimer.o
                0x0000000020000214                etimer_process
 .data.curr_log_level_main
                0x0000000020000224        0x4 obj_cc2538dk/log.o
                0x0000000020000224                curr_log_level_main
 .data.ctimer_process
                0x0000000020000228       0x10 obj_cc2538dk/ctimer.o
                0x0000000020000228                ctimer_process
 .data.stack_check_process
                0x0000000020000238       0x10 obj_cc2538dk/stack-check.o
                0x0000000020000238                stack_check_process
 .data.button_hal_process
                0x0000000020000248       0x10 obj_cc2538dk/button-hal.o
                0x0000000020000248                button_hal_process
 .data.serial_line_process
                0x0000000020000258       0x10 obj_cc2538dk/serial-line.o
                0x0000000020000258                serial_line_process
 .data.bufmem   0x0000000020000268        0xc obj_cc2538dk/queuebuf.o
 .data.buframmem
                0x0000000020000274        0xc obj_cc2538dk/queuebuf.o
 .data.neighbor_addr_mem
                0x0000000020000280        0xc obj_cc2538dk/nbr-table.o
 .data.link_stats_struct
                0x000000002000028c       0x10 obj_cc2538dk/link-stats.o
 .data.ctxt     0x000000002000029c        0x8 obj_cc2538dk/printf.o
 .data.metadata_memb
                0x00000000200002a4        0xc obj_cc2538dk/csma-output.o
 .data.neighbor_memb
                0x00000000200002b0        0xc obj_cc2538dk/csma-output.o
 .data.packet_memb
                0x00000000200002bc        0xc obj_cc2538dk/csma-output.o
 .data.echo_reply_handler
                0x00000000200002c8        0xc obj_cc2538dk/uip-icmp6.o
 .data.echo_request_handler
                0x00000000200002d4        0xc obj_cc2538dk/uip-icmp6.o
 .data.nodememb
                0x00000000200002e0        0xc obj_cc2538dk/uip-sr.o
 .data.defaultroutermemb
                0x00000000200002ec        0xc obj_cc2538dk/uip-ds6-route.o
 .data.ds6_neighbors
                0x00000000200002f8        0x4 obj_cc2538dk/uip-ds6-nbr.o
                0x00000000200002f8                ds6_neighbors
 .data.ds6_neighbors_struct
                0x00000000200002fc       0x10 obj_cc2538dk/uip-ds6-nbr.o
 .data.tcpip_process
                0x000000002000030c       0x10 obj_cc2538dk/tcpip.o
                0x000000002000030c                tcpip_process
 .data.ns_input_handler
                0x000000002000031c        0xc obj_cc2538dk/uip-nd6.o
 .data.rpl_neighbors
                0x0000000020000328        0x4 obj_cc2538dk/rpl-neighbor.o
                0x0000000020000328                rpl_neighbors
 .data.rpl_neighbors_struct
                0x000000002000032c       0x10 obj_cc2538dk/rpl-neighbor.o
 .data.rpl_mrhof
                0x000000002000033c       0x24 obj_cc2538dk/rpl-mrhof.o
                0x000000002000033c                rpl_mrhof
 .data.dao_ack_handler
                0x0000000020000360        0xc obj_cc2538dk/rpl-icmp6.o
 .data.dao_handler
                0x000000002000036c        0xc obj_cc2538dk/rpl-icmp6.o
 .data.dio_handler
                0x0000000020000378        0xc obj_cc2538dk/rpl-icmp6.o
 .data.dis_handler
                0x0000000020000384        0xc obj_cc2538dk/rpl-icmp6.o
 .data.border_router_process
                0x0000000020000390       0x10 obj_cc2538dk/border-router-embedded.o
                0x0000000020000390                border_router_process
 .data.hello_world_process
                0x00000000200003a0       0x10 hello-world.o
                0x00000000200003a0                hello_world_process
 .data.mac_pan_id
                0x00000000200003b0        0x2 obj_cc2538dk/frame802154.o
 .data.rf_channel
                0x00000000200003b2        0x1 obj_cc2538dk/cc2538-rf.o
 .data.send_on_cca
                0x00000000200003b3        0x1 obj_cc2538dk/cc2538-rf.o
                0x00000000200003b4                _edata = .
                0x000000000020c50c                _ldata = LOADADDR (.data)

.igot.plt       0x00000000200003b4        0x0 load address 0x000000000020c880
 .igot.plt      0x00000000200003b4        0x0 obj_cc2538dk/startup-gcc.o

.ARM.exidx      0x000000000020c880        0x8
 *(SORT_BY_ALIGNMENT(.ARM.exidx*))
 .ARM.exidx     0x000000000020c880        0x8 /usr/bin/../lib/gcc/arm-none-eabi/7.3.1/thumb/v7-m/libgcc.a(_udivmoddi4.o)

.bss            0x00000000200003b8     0x2735
                0x00000000200003b8                _bss = .
 *(SORT_BY_ALIGNMENT(.bss*))
 .bss.rt_ticks_epoch
                0x00000000200003b8        0x8 obj_cc2538dk/clock.o
 .bss.rt_ticks_startup
                0x00000000200003c0        0x8 obj_cc2538dk/clock.o
 .bss.events.5303
                0x00000000200003c8        0x4 obj_cc2538dk/sensors.o
 .bss.i.5302    0x00000000200003cc        0x4 obj_cc2538dk/sensors.o
 .bss.next_trigger
                0x00000000200003d0        0x4 obj_cc2538dk/rtimer-arch.o
 .bss.input_handler
                0x00000000200003d4        0x8 obj_cc2538dk/uart.o
 .bss.ioc_over  0x00000000200003dc        0x4 obj_cc2538dk/ioc.o
 .bss.ioc_sel   0x00000000200003e0        0x4 obj_cc2538dk/ioc.o
 .bss.notification_process
                0x00000000200003e4        0x4 obj_cc2538dk/crypto.o
 .bss.periph_permit_pm1_funcs
                0x00000000200003e8       0x14 obj_cc2538dk/lpm.o
 .bss.notification_process
                0x00000000200003fc        0x4 obj_cc2538dk/pka.o
 .bss.input_callback
                0x0000000020000400        0x4 obj_cc2538dk/slip.o
 .bss.next_expiration
                0x0000000020000404        0x4 obj_cc2538dk/etimer.o
 .bss.timerlist
                0x0000000020000408        0x4 obj_cc2538dk/etimer.o
 .bss.ctimer_list_list
                0x000000002000040c        0x4 obj_cc2538dk/ctimer.o
 .bss.events    0x0000000020000410      0x180 obj_cc2538dk/process.o
 .bss.process_current
                0x0000000020000590        0x4 obj_cc2538dk/process.o
                0x0000000020000590                process_current
 .bss.process_list
                0x0000000020000594        0x4 obj_cc2538dk/process.o
                0x0000000020000594                process_list
 .bss.next_rtimer
                0x0000000020000598        0x4 obj_cc2538dk/rtimer.o
 .bss.et.5674   0x000000002000059c       0x10 obj_cc2538dk/stack-check.o
 .bss.button_event_handler
                0x00000000200005ac        0xc obj_cc2538dk/button-hal.o
 .bss.pmask     0x00000000200005b8        0x4 obj_cc2538dk/button-hal.o
 .bss.ptr.5287  0x00000000200005bc        0x4 obj_cc2538dk/serial-line.o
 .bss.rxbuf     0x00000000200005c0        0x8 obj_cc2538dk/serial-line.o
 .bss.handlers_list
                0x00000000200005c8        0x4 obj_cc2538dk/gpio-hal.o
 .bss.bufmem_memb_mem
                0x00000000200005cc       0x20 obj_cc2538dk/queuebuf.o
 .bss.all_tables
                0x00000000200005ec       0x20 obj_cc2538dk/nbr-table.o
 .bss.nbr_table_keys_list
                0x000000002000060c        0x4 obj_cc2538dk/nbr-table.o
 .bss.neighbor_addr_mem_memb_mem
                0x0000000020000610       0xc0 obj_cc2538dk/nbr-table.o
 .bss.num_tables
                0x00000000200006d0        0x4 obj_cc2538dk/nbr-table.o
 .bss.packetbuf_aligned
                0x00000000200006d4       0x80 obj_cc2538dk/packetbuf.o
 .bss.ip_processor_list_list
                0x0000000020000754        0x4 obj_cc2538dk/netstack.o
 .bss._link_stats_mem
                0x0000000020000758       0xc0 obj_cc2538dk/link-stats.o
 .bss.received_seqnos
                0x0000000020000818      0x100 obj_cc2538dk/mac-sequence.o
 .bss.metadata_memb_memb_mem
                0x0000000020000918       0x60 obj_cc2538dk/csma-output.o
 .bss.neighbor_list_list
                0x0000000020000978        0x4 obj_cc2538dk/csma-output.o
 .bss.neighbor_memb_memb_mem
                0x000000002000097c       0x70 obj_cc2538dk/csma-output.o
 .bss.packet_memb_memb_mem
                0x00000000200009ec       0x60 obj_cc2538dk/csma-output.o
 .bss.echo_reply_callback_list_list
                0x0000000020000a4c        0x4 obj_cc2538dk/uip-icmp6.o
 .bss.input_handler_list_list
                0x0000000020000a50        0x4 obj_cc2538dk/uip-icmp6.o
 .bss.nodelist_list
                0x0000000020000a54        0x4 obj_cc2538dk/uip-sr.o
 .bss.nodememb_memb_mem
                0x0000000020000a58      0x180 obj_cc2538dk/uip-sr.o
 .bss.num_nodes
                0x0000000020000bd8        0x4 obj_cc2538dk/uip-sr.o
 .bss.locaddr   0x0000000020000bdc        0x4 obj_cc2538dk/uip-ds6.o
 .bss.locmaddr  0x0000000020000be0        0x4 obj_cc2538dk/uip-ds6.o
 .bss.locprefix
                0x0000000020000be4        0x4 obj_cc2538dk/uip-ds6.o
 .bss.defaultrouterlist_list
                0x0000000020000be8        0x4 obj_cc2538dk/uip-ds6-route.o
 .bss.defaultroutermemb_memb_mem
                0x0000000020000bec       0x40 obj_cc2538dk/uip-ds6-route.o
 .bss.periodic  0x0000000020000c2c       0x10 obj_cc2538dk/tcpip.o
 .bss.addr      0x0000000020000c3c        0x4 obj_cc2538dk/uip-nd6.o
 .bss.nbr       0x0000000020000c40        0x4 obj_cc2538dk/uip-nd6.o
 .bss.nd6_opt_llao
                0x0000000020000c44        0x4 obj_cc2538dk/uip-nd6.o
 .bss.callback  0x0000000020000c48        0x4 obj_cc2538dk/sicslowpan.o
 .bss.context   0x0000000020000c4c        0x4 obj_cc2538dk/sicslowpan.o
 .bss.frag_info
                0x0000000020000c50      0x170 obj_cc2538dk/sicslowpan.o
 .bss.hc06_ptr  0x0000000020000dc0        0x4 obj_cc2538dk/sicslowpan.o
 .bss.last_rssi
                0x0000000020000dc4        0x4 obj_cc2538dk/sicslowpan.o
 .bss.last_tx_status
                0x0000000020000dc8        0x4 obj_cc2538dk/sicslowpan.o
 .bss.mac_max_payload
                0x0000000020000dcc        0x4 obj_cc2538dk/sicslowpan.o
 .bss.packetbuf_payload_len
                0x0000000020000dd0        0x4 obj_cc2538dk/sicslowpan.o
 .bss.packetbuf_ptr
                0x0000000020000dd4        0x4 obj_cc2538dk/sicslowpan.o
 .bss.num_parents
                0x0000000020000dd8        0x4 obj_cc2538dk/rpl-nbr-policy.o
 .bss.worst_rank_nbr_lladdr
                0x0000000020000ddc        0x4 obj_cc2538dk/rpl-nbr-policy.o
 .bss._rpl_neighbors_mem
                0x0000000020000de0       0x80 obj_cc2538dk/rpl-neighbor.o
 .bss.dis_timer
                0x0000000020000e60       0x20 obj_cc2538dk/rpl-timers.o
 .bss.periodic_timer
                0x0000000020000e80       0x20 obj_cc2538dk/rpl-timers.o
 .bss.et.6297   0x0000000020000ea0       0x10 obj_cc2538dk/border-router-embedded.o
 .bss.timer.5906
                0x0000000020000eb0       0x10 hello-world.o
 .bss.begin     0x0000000020000ec0        0x2 obj_cc2538dk/slip.o
 .bss.next_free
                0x0000000020000ec2        0x2 obj_cc2538dk/slip.o
 .bss.pkt_end   0x0000000020000ec4        0x2 obj_cc2538dk/slip.o
 .bss.node_id   0x0000000020000ec6        0x2 obj_cc2538dk/node-id.o
                0x0000000020000ec6                node_id
 .bss.buframmem_memb_mem
                0x0000000020000ec8      0x560 obj_cc2538dk/queuebuf.o
 .bss.buflen    0x0000000020001428        0x2 obj_cc2538dk/packetbuf.o
 .bss.bufptr    0x000000002000142a        0x2 obj_cc2538dk/packetbuf.o
 .bss.uipbuf_attrs
                0x000000002000142c        0xc obj_cc2538dk/uipbuf.o
 .bss.tmp_ipaddr
                0x0000000020001438       0x10 obj_cc2538dk/uip-icmp6.o
 .bss.loc_fipaddr
                0x0000000020001448       0x10 obj_cc2538dk/uip-ds6.o
 .bss._ds6_neighbors_mem
                0x0000000020001458      0x120 obj_cc2538dk/uip-ds6-nbr.o
 .bss.lastport  0x0000000020001578        0x2 obj_cc2538dk/uip6.o
 .bss.my_tag    0x000000002000157a        0x2 obj_cc2538dk/sicslowpan.o
 .bss.worst_rank
                0x000000002000157c        0x2 obj_cc2538dk/rpl-nbr-policy.o
 .bss.root_ipaddr.6855
                0x000000002000157e       0x10 obj_cc2538dk/rpl-dag-root.o
 .bss.last_sender
                0x000000002000158e       0x10 obj_cc2538dk/slip-bridge.o
 .bss.num_sensors
                0x000000002000159e        0x1 obj_cc2538dk/sensors.o
 .bss.crc_corr  0x000000002000159f        0x1 obj_cc2538dk/cc2538-rf.o
 .bss.poll_mode
                0x00000000200015a0        0x1 obj_cc2538dk/cc2538-rf.o