Archive member included to satisfy reference by file (symbol)

/usr/bin/../lib/gcc/arm-none-eabi/7.3.1/thumb/v7-m/libgcc.a(_aeabi_ldivmod.o)
                              obj_cc2538dk/spi-legacy.o (__aeabi_ldivmod)
/usr/bin/../lib/gcc/arm-none-eabi/7.3.1/thumb/v7-m/libgcc.a(_aeabi_uldivmod.o)
                              obj_cc2538dk/spi-legacy.o (__aeabi_uldivmod)
/usr/bin/../lib/gcc/arm-none-eabi/7.3.1/thumb/v7-m/libgcc.a(_udivmoddi4.o)
                              /usr/bin/../lib/gcc/arm-none-eabi/7.3.1/thumb/v7-m/libgcc.a(_aeabi_ldivmod.o) (__udivmoddi4)
/usr/bin/../lib/gcc/arm-none-eabi/7.3.1/thumb/v7-m/libgcc.a(_dvmd_tls.o)
                              /usr/bin/../lib/gcc/arm-none-eabi/7.3.1/thumb/v7-m/libgcc.a(_aeabi_ldivmod.o) (__aeabi_ldiv0)
/usr/bin/../lib/gcc/arm-none-eabi/7.3.1/../../../../arm-none-eabi/lib/thumb/v7-m/libc.a(lib_a-locale.o)
                              obj_cc2538dk/resolv.o (__locale_ctype_ptr)
/usr/bin/../lib/gcc/arm-none-eabi/7.3.1/../../../../arm-none-eabi/lib/thumb/v7-m/libc.a(lib_a-mbtowc_r.o)
                              /usr/bin/../lib/gcc/arm-none-eabi/7.3.1/../../../../arm-none-eabi/lib/thumb/v7-m/libc.a(lib_a-locale.o) (__ascii_mbtowc)
/usr/bin/../lib/gcc/arm-none-eabi/7.3.1/../../../../arm-none-eabi/lib/thumb/v7-m/libc.a(lib_a-memcmp.o)
                              obj_cc2538dk/linkaddr.o (memcmp)
/usr/bin/../lib/gcc/arm-none-eabi/7.3.1/../../../../arm-none-eabi/lib/thumb/v7-m/libc.a(lib_a-memcpy.o)
                              obj_cc2538dk/ecc-algorithm.o (memcpy)
/usr/bin/../lib/gcc/arm-none-eabi/7.3.1/../../../../arm-none-eabi/lib/thumb/v7-m/libc.a(lib_a-memmove.o)
                              obj_cc2538dk/uip-icmp6.o (memmove)
/usr/bin/../lib/gcc/arm-none-eabi/7.3.1/../../../../arm-none-eabi/lib/thumb/v7-m/libc.a(lib_a-memset.o)
                              obj_cc2538dk/udma.o (memset)
/usr/bin/../lib/gcc/arm-none-eabi/7.3.1/../../../../arm-none-eabi/lib/thumb/v7-m/libc.a(lib_a-reent.o)
                              obj_cc2538dk/syscalls.o (errno)
/usr/bin/../lib/gcc/arm-none-eabi/7.3.1/../../../../arm-none-eabi/lib/thumb/v7-m/libc.a(lib_a-strcasecmp.o)
                              obj_cc2538dk/resolv.o (strcasecmp)
/usr/bin/../lib/gcc/arm-none-eabi/7.3.1/../../../../arm-none-eabi/lib/thumb/v7-m/libc.a(lib_a-strcmp.o)
                              obj_cc2538dk/cfs-coffee.o (strcmp)
/usr/bin/../lib/gcc/arm-none-eabi/7.3.1/../../../../arm-none-eabi/lib/thumb/v7-m/libc.a(lib_a-strlen-stub.o)
                              obj_cc2538dk/sensors.o (strlen)
/usr/bin/../lib/gcc/arm-none-eabi/7.3.1/../../../../arm-none-eabi/lib/thumb/v7-m/libc.a(lib_a-strncasecmp.o)
                              obj_cc2538dk/resolv.o (strncasecmp)
/usr/bin/../lib/gcc/arm-none-eabi/7.3.1/../../../../arm-none-eabi/lib/thumb/v7-m/libc.a(lib_a-strncat.o)
                              obj_cc2538dk/resolv.o (strncat)
/usr/bin/../lib/gcc/arm-none-eabi/7.3.1/../../../../arm-none-eabi/lib/thumb/v7-m/libc.a(lib_a-strncmp.o)
                              obj_cc2538dk/sensors.o (strncmp)
/usr/bin/../lib/gcc/arm-none-eabi/7.3.1/../../../../arm-none-eabi/lib/thumb/v7-m/libc.a(lib_a-strncpy.o)
                              obj_cc2538dk/cfs-coffee.o (strncpy)
/usr/bin/../lib/gcc/arm-none-eabi/7.3.1/../../../../arm-none-eabi/lib/thumb/v7-m/libc.a(lib_a-wctomb_r.o)
                              /usr/bin/../lib/gcc/arm-none-eabi/7.3.1/../../../../arm-none-eabi/lib/thumb/v7-m/libc.a(lib_a-locale.o) (__ascii_wctomb)
/usr/bin/../lib/gcc/arm-none-eabi/7.3.1/../../../../arm-none-eabi/lib/thumb/v7-m/libc.a(lib_a-ctype_.o)
                              /usr/bin/../lib/gcc/arm-none-eabi/7.3.1/../../../../arm-none-eabi/lib/thumb/v7-m/libc.a(lib_a-locale.o) (_ctype_)
/usr/bin/../lib/gcc/arm-none-eabi/7.3.1/../../../../arm-none-eabi/lib/thumb/v7-m/libc.a(lib_a-freer.o)
                              /usr/bin/../lib/gcc/arm-none-eabi/7.3.1/../../../../arm-none-eabi/lib/thumb/v7-m/libc.a(lib_a-reent.o) (_free_r)
/usr/bin/../lib/gcc/arm-none-eabi/7.3.1/../../../../arm-none-eabi/lib/thumb/v7-m/libc.a(lib_a-impure.o)
                              /usr/bin/../lib/gcc/arm-none-eabi/7.3.1/../../../../arm-none-eabi/lib/thumb/v7-m/libc.a(lib_a-locale.o) (_impure_ptr)
/usr/bin/../lib/gcc/arm-none-eabi/7.3.1/../../../../arm-none-eabi/lib/thumb/v7-m/libc.a(lib_a-mallocr.o)
                              /usr/bin/../lib/gcc/arm-none-eabi/7.3.1/../../../../arm-none-eabi/lib/thumb/v7-m/libc.a(lib_a-freer.o) (__malloc_current_mallinfo)
/usr/bin/../lib/gcc/arm-none-eabi/7.3.1/../../../../arm-none-eabi/lib/thumb/v7-m/libc.a(lib_a-mlock.o)
                              /usr/bin/../lib/gcc/arm-none-eabi/7.3.1/../../../../arm-none-eabi/lib/thumb/v7-m/libc.a(lib_a-freer.o) (__malloc_lock)
/usr/bin/../lib/gcc/arm-none-eabi/7.3.1/../../../../arm-none-eabi/lib/thumb/v7-m/libc.a(lib_a-sbrkr.o)
                              /usr/bin/../lib/gcc/arm-none-eabi/7.3.1/../../../../arm-none-eabi/lib/thumb/v7-m/libc.a(lib_a-freer.o) (_sbrk_r)
[...]
Memory Configuration

Name             Origin             Length             Attributes
FLASH_FW         0x0000000000202000 0x000000000007dfd4 xr
FLASH_CCA        0x000000000027ffd4 0x000000000000002c xr
NRSRAM           0x0000000020000000 0x0000000000000000 xrw
FRSRAM           0x0000000020000000 0x0000000000008000 xrw
*default*        0x0000000000000000 0xffffffffffffffff

Linker script and memory map

LOAD obj_cc2538dk/startup-gcc.o
LOAD obj_cc2538dk/leds-arch.o
LOAD obj_cc2538dk/platform.o
LOAD obj_cc2538dk/sensors.o
LOAD obj_cc2538dk/smartrf-sensors.o
LOAD obj_cc2538dk/board-buttons.o
LOAD obj_cc2538dk/als-sensor.o
LOAD obj_cc2538dk/soc.o
LOAD obj_cc2538dk/clock.o
LOAD obj_cc2538dk/rtimer-arch.o
LOAD obj_cc2538dk/uart.o
LOAD obj_cc2538dk/watchdog.o
LOAD obj_cc2538dk/nvic.o
LOAD obj_cc2538dk/sys-ctrl.o
LOAD obj_cc2538dk/gpio.o
LOAD obj_cc2538dk/ioc.o
LOAD obj_cc2538dk/spi-legacy.o
LOAD obj_cc2538dk/adc.o
LOAD obj_cc2538dk/spi-arch.o
LOAD obj_cc2538dk/crypto.o
LOAD obj_cc2538dk/aes.o
LOAD obj_cc2538dk/ecb.o
LOAD obj_cc2538dk/cbc.o
LOAD obj_cc2538dk/ctr.o
LOAD obj_cc2538dk/cbc-mac.o
LOAD obj_cc2538dk/gcm.o
LOAD obj_cc2538dk/ccm.o
LOAD obj_cc2538dk/sha256.o
LOAD obj_cc2538dk/gpio-hal-arch.o
LOAD obj_cc2538dk/cc2538-aes-128.o
LOAD obj_cc2538dk/cc2538-ccm-star.o
LOAD obj_cc2538dk/cc2538-rf.o
LOAD obj_cc2538dk/udma.o
LOAD obj_cc2538dk/lpm.o
LOAD obj_cc2538dk/int-master.o
LOAD obj_cc2538dk/pka.o
LOAD obj_cc2538dk/bignum-driver.o
LOAD obj_cc2538dk/ecc-driver.o
LOAD obj_cc2538dk/ecc-algorithm.o
LOAD obj_cc2538dk/ecc-curve.o
LOAD obj_cc2538dk/dbg.o
LOAD obj_cc2538dk/ieee-addr.o
LOAD obj_cc2538dk/slip-arch.o
LOAD obj_cc2538dk/slip.o
LOAD obj_cc2538dk/i2c.o
LOAD obj_cc2538dk/cc2538-temp-sensor.o
LOAD obj_cc2538dk/vdd3-sensor.o
LOAD obj_cc2538dk/cfs-coffee.o
LOAD obj_cc2538dk/cfs-coffee-arch.o
LOAD obj_cc2538dk/pwm.o
LOAD obj_cc2538dk/usb-core.o
LOAD obj_cc2538dk/cdc-acm.o
LOAD obj_cc2538dk/usb-arch.o
LOAD obj_cc2538dk/usb-serial.o
LOAD obj_cc2538dk/cdc-acm-descriptors.o
LOAD obj_cc2538dk/contiki-main.o
LOAD obj_cc2538dk/stimer.o
LOAD obj_cc2538dk/autostart.o
LOAD obj_cc2538dk/energest.o
LOAD obj_cc2538dk/etimer.o
LOAD obj_cc2538dk/log.o
LOAD obj_cc2538dk/mutex.o
LOAD obj_cc2538dk/ctimer.o
LOAD obj_cc2538dk/compower.o
LOAD obj_cc2538dk/process.o
LOAD obj_cc2538dk/rtimer.o
LOAD obj_cc2538dk/node-id.o
LOAD obj_cc2538dk/timer.o
LOAD obj_cc2538dk/stack-check.o
LOAD obj_cc2538dk/button-hal.o
LOAD obj_cc2538dk/serial-line.o
LOAD obj_cc2538dk/spi.o
LOAD obj_cc2538dk/leds.o
LOAD obj_cc2538dk/nullradio.o
LOAD obj_cc2538dk/gpio-hal.o
LOAD obj_cc2538dk/dbl-circ-list.o
LOAD obj_cc2538dk/crc16.o
LOAD obj_cc2538dk/ifft.o
LOAD obj_cc2538dk/trickle-timer.o
LOAD obj_cc2538dk/ccm-star.o
LOAD obj_cc2538dk/dbl-list.o
LOAD obj_cc2538dk/ringbufindex.o
LOAD obj_cc2538dk/list.o
LOAD obj_cc2538dk/circular-list.o
LOAD obj_cc2538dk/aes-128.o
LOAD obj_cc2538dk/memb.o
LOAD obj_cc2538dk/heapmem.o
LOAD obj_cc2538dk/random.o
LOAD obj_cc2538dk/assert.o
LOAD obj_cc2538dk/ringbuf.o
LOAD obj_cc2538dk/queuebuf.o
LOAD obj_cc2538dk/nbr-table.o
LOAD obj_cc2538dk/packetbuf.o
LOAD obj_cc2538dk/netstack.o
LOAD obj_cc2538dk/linkaddr.o
LOAD obj_cc2538dk/net-debug.o
LOAD obj_cc2538dk/link-stats.o
LOAD obj_cc2538dk/mac-sequence.o
LOAD obj_cc2538dk/mac.o
LOAD obj_cc2538dk/frame802154e-ie.o
LOAD obj_cc2538dk/framer-802154.o
LOAD obj_cc2538dk/nullframer.o
LOAD obj_cc2538dk/frame802154.o
LOAD obj_cc2538dk/strformat.o
LOAD obj_cc2538dk/printf.o
LOAD obj_cc2538dk/sprintf.o
LOAD obj_cc2538dk/snprintf.o
LOAD obj_cc2538dk/puts.o
LOAD obj_cc2538dk/putchar.o
LOAD obj_cc2538dk/syscalls.o
LOAD obj_cc2538dk/csma.o
LOAD obj_cc2538dk/csma-output.o
LOAD obj_cc2538dk/uipbuf.o
LOAD obj_cc2538dk/uip-icmp6.o
LOAD obj_cc2538dk/uip-sr.o
LOAD obj_cc2538dk/uip-ds6.o
LOAD obj_cc2538dk/uip-packetqueue.o
LOAD obj_cc2538dk/tcp-socket.o
LOAD obj_cc2538dk/ip64-addr.o
LOAD obj_cc2538dk/uip-udp-packet.o
LOAD obj_cc2538dk/uip-ds6-route.o
LOAD obj_cc2538dk/psock.o
LOAD obj_cc2538dk/uip-ds6-nbr.o
LOAD obj_cc2538dk/tcpip.o
LOAD obj_cc2538dk/uip6.o
LOAD obj_cc2538dk/resolv.o
LOAD obj_cc2538dk/uip-nameserver.o
LOAD obj_cc2538dk/uip-nd6.o
LOAD obj_cc2538dk/udp-socket.o
LOAD obj_cc2538dk/simple-udp.o
LOAD obj_cc2538dk/sicslowpan.o
LOAD obj_cc2538dk/uiplib.o
LOAD obj_cc2538dk/rpl-nbr-policy.o
LOAD obj_cc2538dk/rpl-of0.o
LOAD obj_cc2538dk/rpl-neighbor.o
LOAD obj_cc2538dk/rpl-dag.o
LOAD obj_cc2538dk/rpl-timers.o
LOAD obj_cc2538dk/rpl-ext-header.o
LOAD obj_cc2538dk/rpl.o
LOAD obj_cc2538dk/rpl-mrhof.o
LOAD obj_cc2538dk/rpl-icmp6.o
LOAD obj_cc2538dk/rpl-dag-root.o
LOAD read_vdd3.o
LOAD /usr/bin/../lib/gcc/arm-none-eabi/7.3.1/../../../../arm-none-eabi/lib/thumb/v7-m/libm.a
START GROUP
LOAD /usr/bin/../lib/gcc/arm-none-eabi/7.3.1/thumb/v7-m/libgcc.a
LOAD /usr/bin/../lib/gcc/arm-none-eabi/7.3.1/../../../../arm-none-eabi/lib/thumb/v7-m/libc.a
END GROUP

.text           0x0000000000202000     0x9e60
                0x0000000000202000                _text = .
 *(SORT_BY_ALIGNMENT(.vectors))
 .vectors       0x0000000000202000      0x28c obj_cc2538dk/startup-gcc.o
                0x0000000000202000                vectors
 *(SORT_BY_ALIGNMENT(.text*))
 .text.reset_handler
                0x000000000020228c       0x40 obj_cc2538dk/startup-gcc.o
                0x000000000020228c                reset_handler
 .text.platform_init_stage_two
                0x00000000002022cc       0x4c obj_cc2538dk/platform.o
                0x00000000002022cc                platform_init_stage_two
 .text.platform_init_stage_three
                0x0000000000202318       0x8c obj_cc2538dk/platform.o
                0x0000000000202318                platform_init_stage_three
 .text.process_thread_sensors_process
                0x00000000002023a4       0xd4 obj_cc2538dk/sensors.o
 .text.value    0x0000000000202478       0x24 obj_cc2538dk/als-sensor.o
 .text.configure
                0x000000000020249c       0x54 obj_cc2538dk/als-sensor.o
 .text.soc_get_rev
                0x00000000002024f0       0x18 obj_cc2538dk/soc.o
                0x00000000002024f0                soc_get_rev
 .text.soc_print_info
                0x0000000000202508       0x10 obj_cc2538dk/soc.o
                0x0000000000202508                soc_print_info
 .text.update_ticks
                0x0000000000202518       0x58 obj_cc2538dk/clock.o
 .text.clock_init
                0x0000000000202570       0x4c obj_cc2538dk/clock.o
                0x0000000000202570                clock_init
 .text.clock_time
                0x00000000002025bc       0x14 obj_cc2538dk/clock.o
                0x00000000002025bc                clock_time
 .text.clock_seconds
                0x00000000002025d0       0x14 obj_cc2538dk/clock.o
                0x00000000002025d0                clock_seconds
 .text.clock_delay_usec
                0x00000000002025e4       0x1c obj_cc2538dk/clock.o
                0x00000000002025e4                clock_delay_usec
 .text.clock_adjust
                0x0000000000202600       0x20 obj_cc2538dk/clock.o
                0x0000000000202600                clock_adjust
 .text.rtimer_arch_next_trigger
                0x0000000000202620        0xc obj_cc2538dk/rtimer-arch.o
                0x0000000000202620                rtimer_arch_next_trigger
 .text.rtimer_arch_now
                0x000000000020262c       0x24 obj_cc2538dk/rtimer-arch.o
                0x000000000020262c                rtimer_arch_now
 .text.rtimer_arch_schedule
                0x0000000000202650       0x58 obj_cc2538dk/rtimer-arch.o
                0x0000000000202650                rtimer_arch_schedule
 .text.rtimer_isr
                0x00000000002026a8       0x2c obj_cc2538dk/rtimer-arch.o
                0x00000000002026a8                rtimer_isr
 .text.permit_pm1
                0x00000000002026d4       0x24 obj_cc2538dk/uart.o
 .text.uart_isr
                0x00000000002026f8       0x60 obj_cc2538dk/uart.o
 .text.uart_init
                0x0000000000202758      0x198 obj_cc2538dk/uart.o
                0x0000000000202758                uart_init
 .text.uart_set_input
                0x00000000002028f0       0x10 obj_cc2538dk/uart.o
                0x00000000002028f0                uart_set_input
 .text.uart_write_byte
                0x0000000000202900       0x1c obj_cc2538dk/uart.o
                0x0000000000202900                uart_write_byte
 .text.watchdog_init
                0x000000000020291c        0xc obj_cc2538dk/watchdog.o
                0x000000000020291c                watchdog_init
 .text.watchdog_start
                0x0000000000202928        0xc obj_cc2538dk/watchdog.o
                0x0000000000202928                watchdog_start
 .text.watchdog_periodic
                0x0000000000202934       0x10 obj_cc2538dk/watchdog.o
                0x0000000000202934                watchdog_periodic
 .text.nvic_init
                0x0000000000202944       0x10 obj_cc2538dk/nvic.o
                0x0000000000202944                nvic_init
 .text.sys_ctrl_init
                0x0000000000202954       0x74 obj_cc2538dk/sys-ctrl.o
                0x0000000000202954                sys_ctrl_init
 .text.gpio_port_isr
                0x00000000002029c8       0x48 obj_cc2538dk/gpio.o
 .text.ioc_init
                0x0000000000202a10       0x1c obj_cc2538dk/ioc.o
                0x0000000000202a10                ioc_init
 .text.ioc_set_over
                0x0000000000202a2c       0x14 obj_cc2538dk/ioc.o
                0x0000000000202a2c                ioc_set_over
 .text.ioc_set_sel
                0x0000000000202a40       0x14 obj_cc2538dk/ioc.o
                0x0000000000202a40                ioc_set_sel
 .text.adc_init
                0x0000000000202a54       0x10 obj_cc2538dk/adc.o
                0x0000000000202a54                adc_init
 .text.adc_get  0x0000000000202a64       0x74 obj_cc2538dk/adc.o
                0x0000000000202a64                adc_get
 .text.permit_pm1
                0x0000000000202ad8       0x10 obj_cc2538dk/crypto.o
 .text.crypto_isr
                0x0000000000202ae8       0x28 obj_cc2538dk/crypto.o
                0x0000000000202ae8                crypto_isr
 .text.crypto_enable
                0x0000000000202b10       0x20 obj_cc2538dk/crypto.o
                0x0000000000202b10                crypto_enable
 .text.crypto_init
                0x0000000000202b30       0x3c obj_cc2538dk/crypto.o
                0x0000000000202b30                crypto_init
 .text.crypto_disable
                0x0000000000202b6c       0x20 obj_cc2538dk/crypto.o
                0x0000000000202b6c                crypto_disable
 .text.gpio_hal_arch_pin_cfg_set
                0x0000000000202b8c       0xd8 obj_cc2538dk/gpio-hal-arch.o
                0x0000000000202b8c                gpio_hal_arch_pin_cfg_set
 .text.off      0x0000000000202c64       0x40 obj_cc2538dk/cc2538-rf.o
 .text.receiving_packet
                0x0000000000202ca4       0x18 obj_cc2538dk/cc2538-rf.o
 .text.pending_packet
                0x0000000000202cbc       0x10 obj_cc2538dk/cc2538-rf.o
 .text.set_poll_mode
                0x0000000000202ccc       0x98 obj_cc2538dk/cc2538-rf.o
 .text.on       0x0000000000202d64       0x2c obj_cc2538dk/cc2538-rf.o
 .text.set_channel
                0x0000000000202d90       0x48 obj_cc2538dk/cc2538-rf.o
 .text.get_value
                0x0000000000202dd8      0x160 obj_cc2538dk/cc2538-rf.o
 .text.channel_clear
                0x0000000000202f38       0x3c obj_cc2538dk/cc2538-rf.o
 .text.set_value
                0x0000000000202f74       0xf4 obj_cc2538dk/cc2538-rf.o
 .text.prepare  0x0000000000203068       0x64 obj_cc2538dk/cc2538-rf.o
 .text.transmit
                0x00000000002030cc       0x9c obj_cc2538dk/cc2538-rf.o
 .text.set_object
                0x0000000000203168       0x30 obj_cc2538dk/cc2538-rf.o
 .text.read     0x0000000000203198       0xe4 obj_cc2538dk/cc2538-rf.o
 .text.init     0x000000000020327c       0xc8 obj_cc2538dk/cc2538-rf.o
 .text.process_thread_cc2538_rf_process
                0x0000000000203344       0x90 obj_cc2538dk/cc2538-rf.o
 .text.get_object
                0x00000000002033d4      0x148 obj_cc2538dk/cc2538-rf.o
 .text.cc2538_rf_rx_tx_isr
                0x000000000020351c       0x24 obj_cc2538dk/cc2538-rf.o
                0x000000000020351c                cc2538_rf_rx_tx_isr
 .text.cc2538_rf_err_isr
                0x0000000000203540       0x28 obj_cc2538dk/cc2538-rf.o
                0x0000000000203540                cc2538_rf_err_isr
 .text.udma_init
                0x0000000000203568       0x34 obj_cc2538dk/udma.o
                0x0000000000203568                udma_init
 .text.udma_set_channel_src
                0x000000000020359c       0x10 obj_cc2538dk/udma.o
                0x000000000020359c                udma_set_channel_src
 .text.udma_set_channel_dst
                0x00000000002035ac       0x14 obj_cc2538dk/udma.o
                0x00000000002035ac                udma_set_channel_dst
 .text.udma_set_channel_control_word
                0x00000000002035c0       0x14 obj_cc2538dk/udma.o
                0x00000000002035c0                udma_set_channel_control_word
 .text.udma_channel_enable
                0x00000000002035d4       0x18 obj_cc2538dk/udma.o
                0x00000000002035d4                udma_channel_enable
 .text.udma_channel_mask_set
                0x00000000002035ec       0x18 obj_cc2538dk/udma.o
                0x00000000002035ec                udma_channel_mask_set
 .text.udma_channel_sw_request
                0x0000000000203604       0x18 obj_cc2538dk/udma.o
                0x0000000000203604                udma_channel_sw_request
 .text.udma_channel_get_mode
                0x000000000020361c       0x1c obj_cc2538dk/udma.o
                0x000000000020361c                udma_channel_get_mode
 .text.udma_isr
                0x0000000000203638       0x10 obj_cc2538dk/udma.o
                0x0000000000203638                udma_isr
 .text.udma_err_isr
                0x0000000000203648        0xc obj_cc2538dk/udma.o
                0x0000000000203648                udma_err_isr
 .text.select_32_mhz_xosc
                0x0000000000203654       0x2c obj_cc2538dk/lpm.o
 .text.lpm_exit
                0x0000000000203680       0x34 obj_cc2538dk/lpm.o
                0x0000000000203680                lpm_exit
 .text.lpm_enter
                0x00000000002036b4       0xb4 obj_cc2538dk/lpm.o
                0x00000000002036b4                lpm_enter
 .text.lpm_register_peripheral
                0x0000000000203768       0x20 obj_cc2538dk/lpm.o
                0x0000000000203768                lpm_register_peripheral
 .text.lpm_init
                0x0000000000203788       0x24 obj_cc2538dk/lpm.o
                0x0000000000203788                lpm_init
 .text.pka_isr  0x00000000002037ac       0x28 obj_cc2538dk/pka.o
                0x00000000002037ac                pka_isr
 .text.ieee_addr_cpy_to
                0x00000000002037d4       0x5c obj_cc2538dk/ieee-addr.o
                0x00000000002037d4                ieee_addr_cpy_to
 .text.startup.main
                0x0000000000203830      0x1e8 obj_cc2538dk/contiki-main.o
                0x0000000000203830                main
 .text.stimer_expired
                0x0000000000203a18       0x20 obj_cc2538dk/stimer.o
                0x0000000000203a18                stimer_expired
 .text.update_time
                0x0000000000203a38       0x44 obj_cc2538dk/etimer.o
 .text.etimer_request_poll
                0x0000000000203a7c        0xc obj_cc2538dk/etimer.o
                0x0000000000203a7c                etimer_request_poll
 .text.process_thread_etimer_process
                0x0000000000203a88       0xac obj_cc2538dk/etimer.o
 .text.add_timer
                0x0000000000203b34       0x40 obj_cc2538dk/etimer.o
 .text.etimer_pending
                0x0000000000203b74       0x10 obj_cc2538dk/etimer.o
                0x0000000000203b74                etimer_pending
 .text.etimer_stop
                0x0000000000203b84       0x34 obj_cc2538dk/etimer.o
                0x0000000000203b84                etimer_stop
 .text.log_6addr
                0x0000000000203bb8       0x20 obj_cc2538dk/log.o
                0x0000000000203bb8                log_6addr
 .text.log_lladdr
                0x0000000000203bd8       0x40 obj_cc2538dk/log.o
                0x0000000000203bd8                log_lladdr
 .text.process_thread_ctimer_process
                0x0000000000203c18       0x7c obj_cc2538dk/ctimer.o
 .text.ctimer_init
                0x0000000000203c94       0x28 obj_cc2538dk/ctimer.o
                0x0000000000203c94                ctimer_init
 .text.ctimer_set_with_process
                0x0000000000203cbc       0x44 obj_cc2538dk/ctimer.o
                0x0000000000203cbc                ctimer_set_with_process
 .text.ctimer_set
                0x0000000000203d00       0x14 obj_cc2538dk/ctimer.o
                0x0000000000203d00                ctimer_set
 .text.ctimer_reset
                0x0000000000203d14       0x38 obj_cc2538dk/ctimer.o
                0x0000000000203d14                ctimer_reset
 .text.ctimer_stop
                0x0000000000203d4c       0x2c obj_cc2538dk/ctimer.o
                0x0000000000203d4c                ctimer_stop
 .text.ctimer_expired
                0x0000000000203d78       0x34 obj_cc2538dk/ctimer.o
                0x0000000000203d78                ctimer_expired
 .text.call_process.part.0
                0x0000000000203dac       0x38 obj_cc2538dk/process.o
 .text.exit_process
                0x0000000000203de4       0x80 obj_cc2538dk/process.o
 .text.do_poll  0x0000000000203e64       0x30 obj_cc2538dk/process.o
 .text.process_alloc_event
                0x0000000000203e94       0x10 obj_cc2538dk/process.o
                0x0000000000203e94                process_alloc_event
 .text.process_init
                0x0000000000203ea4       0x30 obj_cc2538dk/process.o
                0x0000000000203ea4                process_init
 .text.process_run
                0x0000000000203ed4       0x88 obj_cc2538dk/process.o
                0x0000000000203ed4                process_run
 .text.process_nevents
                0x0000000000203f5c       0x14 obj_cc2538dk/process.o
                0x0000000000203f5c                process_nevents
 .text.process_post
                0x0000000000203f70       0x3c obj_cc2538dk/process.o
                0x0000000000203f70                process_post
 .text.process_post_synch
                0x0000000000203fac       0x14 obj_cc2538dk/process.o
                0x0000000000203fac                process_post_synch
 .text.process_start
                0x0000000000203fc0       0x30 obj_cc2538dk/process.o
                0x0000000000203fc0                process_start
 .text.process_poll
                0x0000000000203ff0       0x18 obj_cc2538dk/process.o
                0x0000000000203ff0                process_poll
 .text.rtimer_run_next
                0x0000000000204008       0x28 obj_cc2538dk/rtimer.o
                0x0000000000204008                rtimer_run_next
 .text.node_id_init
                0x0000000000204030       0x18 obj_cc2538dk/node-id.o
                0x0000000000204030                node_id_init
 .text.stack_check_init
                0x0000000000204048       0x28 obj_cc2538dk/stack-check.o
                0x0000000000204048                stack_check_init
 .text.stack_check_get_usage
                0x0000000000204070       0x40 obj_cc2538dk/stack-check.o
                0x0000000000204070                stack_check_get_usage
 .text.process_thread_stack_check_process
                0x00000000002040b0       0x84 obj_cc2538dk/stack-check.o
 .text.duration_exceeded_callback
                0x0000000000204134       0x34 obj_cc2538dk/button-hal.o
 .text.process_thread_button_hal_process
                0x0000000000204168       0x78 obj_cc2538dk/button-hal.o
 .text.press_release_handler
                0x00000000002041e0       0x18 obj_cc2538dk/button-hal.o
 .text.debounce_handler
                0x00000000002041f8       0x64 obj_cc2538dk/button-hal.o
 .text.button_hal_init
                0x000000000020425c       0xfc obj_cc2538dk/button-hal.o
                0x000000000020425c                button_hal_init
 .text.process_thread_serial_line_process
                0x0000000000204358       0x98 obj_cc2538dk/serial-line.o
 .text.serial_line_input_byte
                0x00000000002043f0       0x48 obj_cc2538dk/serial-line.o
                0x00000000002043f0                serial_line_input_byte
 .text.serial_line_init
                0x0000000000204438       0x24 obj_cc2538dk/serial-line.o
                0x0000000000204438                serial_line_init
 .text.leds_on  0x000000000020445c       0x4c obj_cc2538dk/leds.o
                0x000000000020445c                leds_on
 .text.leds_off
                0x00000000002044a8       0x48 obj_cc2538dk/leds.o
                0x00000000002044a8                leds_off
 .text.leds_init
                0x00000000002044f0       0x48 obj_cc2538dk/leds.o
                0x00000000002044f0                leds_init
 .text.gpio_hal_register_handler
                0x0000000000204538        0xc obj_cc2538dk/gpio-hal.o
                0x0000000000204538                gpio_hal_register_handler
 .text.gpio_hal_event_handler
                0x0000000000204544       0x24 obj_cc2538dk/gpio-hal.o
                0x0000000000204544                gpio_hal_event_handler
 .text.gpio_hal_init
                0x0000000000204568        0xc obj_cc2538dk/gpio-hal.o
                0x0000000000204568                gpio_hal_init
 .text.random_rand
                0x0000000000204574       0x24 obj_cc2538dk/random.o
                0x0000000000204574                random_rand
 .text.random_init
                0x0000000000204598       0x78 obj_cc2538dk/random.o
                0x0000000000204598                random_init
 .text.queuebuf_init
                0x0000000000204610       0x1c obj_cc2538dk/queuebuf.o
                0x0000000000204610                queuebuf_init
 .text.queuebuf_numfree
                0x000000000020462c        0xc obj_cc2538dk/queuebuf.o
                0x000000000020462c                queuebuf_numfree
 .text.queuebuf_new_from_packetbuf
                0x0000000000204638       0x44 obj_cc2538dk/queuebuf.o
                0x0000000000204638                queuebuf_new_from_packetbuf
 .text.queuebuf_free
                0x000000000020467c       0x2c obj_cc2538dk/queuebuf.o
                0x000000000020467c                queuebuf_free
 .text.queuebuf_to_packetbuf
                0x00000000002046a8       0x30 obj_cc2538dk/queuebuf.o
                0x00000000002046a8                queuebuf_to_packetbuf
 .text.index_from_key
                0x00000000002046d8       0x20 obj_cc2538dk/nbr-table.o
 .text.index_from_lladdr
                0x00000000002046f8       0x40 obj_cc2538dk/nbr-table.o
 .text.nbr_get_bit.constprop.0
                0x0000000000204738       0x24 obj_cc2538dk/nbr-table.o
 .text.nbr_table_is_registered
                0x000000000020475c       0x20 obj_cc2538dk/nbr-table.o
                0x000000000020475c                nbr_table_is_registered
 .text.nbr_table_register
                0x000000000020477c       0x30 obj_cc2538dk/nbr-table.o
                0x000000000020477c                nbr_table_register
 .text.nbr_table_next
                0x00000000002047ac       0x48 obj_cc2538dk/nbr-table.o
                0x00000000002047ac                nbr_table_next
 .text.nbr_table_head
                0x00000000002047f4       0x38 obj_cc2538dk/nbr-table.o
                0x00000000002047f4                nbr_table_head
 .text.nbr_table_add_lladdr
                0x000000000020482c      0x14c obj_cc2538dk/nbr-table.o
                0x000000000020482c                nbr_table_add_lladdr
 .text.nbr_table_remove
                0x0000000000204978       0x2c obj_cc2538dk/nbr-table.o
                0x0000000000204978                nbr_table_remove
 .text.nbr_table_lock
                0x00000000002049a4       0x10 obj_cc2538dk/nbr-table.o
                0x00000000002049a4                nbr_table_lock
 .text.nbr_table_unlock
                0x00000000002049b4       0x10 obj_cc2538dk/nbr-table.o
                0x00000000002049b4                nbr_table_unlock
 .text.nbr_table_get_lladdr
                0x00000000002049c4       0x24 obj_cc2538dk/nbr-table.o
                0x00000000002049c4                nbr_table_get_lladdr
 .text.packetbuf_hdrreduce
                0x00000000002049e8       0x28 obj_cc2538dk/packetbuf.o
                0x00000000002049e8                packetbuf_hdrreduce
 .text.packetbuf_set_datalen
                0x0000000000204a10        0xc obj_cc2538dk/packetbuf.o
                0x0000000000204a10                packetbuf_set_datalen
 .text.packetbuf_hdrptr
                0x0000000000204a1c        0x8 obj_cc2538dk/packetbuf.o
                0x0000000000204a1c                packetbuf_hdrptr
 .text.packetbuf_datalen
                0x0000000000204a24        0xc obj_cc2538dk/packetbuf.o
                0x0000000000204a24                packetbuf_datalen
 .text.packetbuf_hdrlen
                0x0000000000204a30       0x18 obj_cc2538dk/packetbuf.o
                0x0000000000204a30                packetbuf_hdrlen
 .text.packetbuf_dataptr
                0x0000000000204a48       0x10 obj_cc2538dk/packetbuf.o
                0x0000000000204a48                packetbuf_dataptr
 .text.packetbuf_copyto
                0x0000000000204a58       0x44 obj_cc2538dk/packetbuf.o
                0x0000000000204a58                packetbuf_copyto
 .text.packetbuf_totlen
                0x0000000000204a9c       0x14 obj_cc2538dk/packetbuf.o
                0x0000000000204a9c                packetbuf_totlen
 .text.packetbuf_hdralloc
                0x0000000000204ab0       0x3c obj_cc2538dk/packetbuf.o
                0x0000000000204ab0                packetbuf_hdralloc
 .text.packetbuf_attr_clear
                0x0000000000204aec       0x34 obj_cc2538dk/packetbuf.o
                0x0000000000204aec                packetbuf_attr_clear
 .text.packetbuf_clear
                0x0000000000204b20       0x20 obj_cc2538dk/packetbuf.o
                0x0000000000204b20                packetbuf_clear
 .text.packetbuf_copyfrom
                0x0000000000204b40       0x2c obj_cc2538dk/packetbuf.o
                0x0000000000204b40                packetbuf_copyfrom
 .text.packetbuf_attr_copyto
                0x0000000000204b6c       0x24 obj_cc2538dk/packetbuf.o
                0x0000000000204b6c                packetbuf_attr_copyto
 .text.packetbuf_attr_copyfrom
                0x0000000000204b90       0x24 obj_cc2538dk/packetbuf.o
                0x0000000000204b90                packetbuf_attr_copyfrom
 .text.packetbuf_set_attr
                0x0000000000204bb4       0x10 obj_cc2538dk/packetbuf.o
                0x0000000000204bb4                packetbuf_set_attr
 .text.packetbuf_attr
                0x0000000000204bc4        0xc obj_cc2538dk/packetbuf.o
                0x0000000000204bc4                packetbuf_attr
 .text.packetbuf_set_addr
                0x0000000000204bd0       0x18 obj_cc2538dk/packetbuf.o
                0x0000000000204bd0                packetbuf_set_addr
 .text.packetbuf_addr
                0x0000000000204be8       0x10 obj_cc2538dk/packetbuf.o
                0x0000000000204be8                packetbuf_addr
 .text.packetbuf_holds_broadcast
                0x0000000000204bf8       0x10 obj_cc2538dk/packetbuf.o
                0x0000000000204bf8                packetbuf_holds_broadcast
 .text.netstack_process_ip_callback
                0x0000000000204c08       0x40 obj_cc2538dk/netstack.o
                0x0000000000204c08                netstack_process_ip_callback
 .text.netstack_init
                0x0000000000204c48       0x24 obj_cc2538dk/netstack.o
                0x0000000000204c48                netstack_init
 .text.periodic
                0x0000000000204c6c       0x2c obj_cc2538dk/link-stats.o
 .text.link_stats_from_lladdr
                0x0000000000204c98        0xc obj_cc2538dk/link-stats.o
                0x0000000000204c98                link_stats_from_lladdr
 .text.link_stats_packet_sent
                0x0000000000204ca4       0x74 obj_cc2538dk/link-stats.o
                0x0000000000204ca4                link_stats_packet_sent
 .text.link_stats_input_callback
                0x0000000000204d18       0x4c obj_cc2538dk/link-stats.o
                0x0000000000204d18                link_stats_input_callback
 .text.link_stats_reset
                0x0000000000204d64       0x28 obj_cc2538dk/link-stats.o
                0x0000000000204d64                link_stats_reset
 .text.link_stats_init
                0x0000000000204d8c       0x28 obj_cc2538dk/link-stats.o
                0x0000000000204d8c                link_stats_init
 .text.mac_sequence_is_duplicate
                0x0000000000204db4       0x48 obj_cc2538dk/mac-sequence.o
                0x0000000000204db4                mac_sequence_is_duplicate
 .text.mac_sequence_register_seqno
                0x0000000000204dfc       0x58 obj_cc2538dk/mac-sequence.o
                0x0000000000204dfc                mac_sequence_register_seqno
 .text.create_frame
                0x0000000000204e54       0xd0 obj_cc2538dk/framer-802154.o
 .text.frame802154_get_pan_id
                0x0000000000204f24        0xc obj_cc2538dk/frame802154.o
                0x0000000000204f24                frame802154_get_pan_id
 .text.frame802154_parse
                0x0000000000204f30      0x12c obj_cc2538dk/frame802154.o
                0x0000000000204f30                frame802154_parse
 .text.fill_space
                0x000000000020505c       0x34 obj_cc2538dk/strformat.o
 .text.format_str_v
                0x0000000000205090      0x6dc obj_cc2538dk/strformat.o
                0x0000000000205090                format_str_v
 .text.printf   0x000000000020576c       0x20 obj_cc2538dk/printf.o
                0x000000000020576c                printf
 .text.vsnprintf
                0x000000000020578c       0x28 obj_cc2538dk/snprintf.o
                0x000000000020578c                vsnprintf
 .text.on       0x00000000002057b4        0xc obj_cc2538dk/csma.o
 .text.off      0x00000000002057c0        0xc obj_cc2538dk/csma.o
 .text.input_packet
                0x00000000002057cc       0x54 obj_cc2538dk/csma.o
 .text.schedule_transmission
                0x0000000000205820       0x38 obj_cc2538dk/csma-output.o
 .text.tx_done  0x0000000000205858       0x7c obj_cc2538dk/csma-output.o
 .text.transmit_from_queue
                0x00000000002058d4      0x1dc obj_cc2538dk/csma-output.o
 .text.csma_output_packet
                0x0000000000205ab0      0x13c obj_cc2538dk/csma-output.o
                0x0000000000205ab0                csma_output_packet
 .text.csma_output_init
                0x0000000000205bec       0x28 obj_cc2538dk/csma-output.o
                0x0000000000205bec                csma_output_init
 .text.uipbuf_get_attr
                0x0000000000205c14       0x14 obj_cc2538dk/uipbuf.o
                0x0000000000205c14                uipbuf_get_attr
 .text.uipbuf_clear_attr
                0x0000000000205c28       0x18 obj_cc2538dk/uipbuf.o
                0x0000000000205c28                uipbuf_clear_attr
 .text.echo_reply_input
                0x0000000000205c40       0xa4 obj_cc2538dk/uip-icmp6.o
 .text.echo_request_input
                0x0000000000205ce4       0xd0 obj_cc2538dk/uip-icmp6.o
 .text.uip_icmp6_input
                0x0000000000205db4       0x38 obj_cc2538dk/uip-icmp6.o
                0x0000000000205db4                uip_icmp6_input
 .text.uip_icmp6_register_input_handler
                0x0000000000205dec        0xc obj_cc2538dk/uip-icmp6.o
                0x0000000000205dec                uip_icmp6_register_input_handler
 .text.uip_icmp6_error_output
                0x0000000000205df8      0x150 obj_cc2538dk/uip-icmp6.o
                0x0000000000205df8                uip_icmp6_error_output
 .text.uip_icmp6_send
                0x0000000000205f48       0x78 obj_cc2538dk/uip-icmp6.o
                0x0000000000205f48                uip_icmp6_send
 .text.uip_icmp6_init
                0x0000000000205fc0       0x1c obj_cc2538dk/uip-icmp6.o
                0x0000000000205fc0                uip_icmp6_init
 .text.node_matches_address.part.0
                0x0000000000205fdc       0x28 obj_cc2538dk/uip-sr.o
 .text.uip_sr_get_node
                0x0000000000206004       0x38 obj_cc2538dk/uip-sr.o
                0x0000000000206004                uip_sr_get_node
 .text.uip_sr_is_addr_reachable
                0x000000000020603c       0x44 obj_cc2538dk/uip-sr.o
                0x000000000020603c                uip_sr_is_addr_reachable
 .text.uip_sr_update_node
                0x0000000000206080       0xa4 obj_cc2538dk/uip-sr.o
                0x0000000000206080                uip_sr_update_node
 .text.uip_sr_init
                0x0000000000206124       0x24 obj_cc2538dk/uip-sr.o
                0x0000000000206124                uip_sr_init
 .text.uip_sr_periodic
                0x0000000000206148       0x74 obj_cc2538dk/uip-sr.o
                0x0000000000206148                uip_sr_periodic
 .text.uip_sr_free_all
                0x00000000002061bc       0x48 obj_cc2538dk/uip-sr.o
                0x00000000002061bc                uip_sr_free_all
 .text.uip_ds6_prefix_add
                0x0000000000206204       0x64 obj_cc2538dk/uip-ds6.o
                0x0000000000206204                uip_ds6_prefix_add
 .text.uip_ds6_is_addr_onlink
                0x0000000000206268       0x40 obj_cc2538dk/uip-ds6.o
                0x0000000000206268                uip_ds6_is_addr_onlink
 .text.uip_ds6_addr_lookup
                0x00000000002062a8       0x2c obj_cc2538dk/uip-ds6.o
                0x00000000002062a8                uip_ds6_addr_lookup
 .text.uip_ds6_get_link_local
                0x00000000002062d4       0x3c obj_cc2538dk/uip-ds6.o
                0x00000000002062d4                uip_ds6_get_link_local
 .text.uip_ds6_maddr_add
                0x0000000000206310       0x4c obj_cc2538dk/uip-ds6.o
                0x0000000000206310                uip_ds6_maddr_add
 .text.uip_ds6_addr_add
                0x000000000020635c       0x98 obj_cc2538dk/uip-ds6.o
                0x000000000020635c                uip_ds6_addr_add
 .text.uip_ds6_maddr_lookup
                0x00000000002063f4       0x2c obj_cc2538dk/uip-ds6.o
                0x00000000002063f4                uip_ds6_maddr_lookup
 .text.uip_ds6_addr_rm
                0x0000000000206420       0x44 obj_cc2538dk/uip-ds6.o
                0x0000000000206420                uip_ds6_addr_rm
 .text.uip_ds6_periodic
                0x0000000000206464       0x48 obj_cc2538dk/uip-ds6.o
                0x0000000000206464                uip_ds6_periodic
 .text.uip_ds6_select_src
                0x00000000002064ac       0x94 obj_cc2538dk/uip-ds6.o
                0x00000000002064ac                uip_ds6_select_src
 .text.uip_ds6_compute_reachable_time
                0x0000000000206540       0x2c obj_cc2538dk/uip-ds6.o
                0x0000000000206540                uip_ds6_compute_reachable_time
 .text.uip_ds6_init
                0x000000000020656c       0xe0 obj_cc2538dk/uip-ds6.o
                0x000000000020656c                uip_ds6_init
 .text.uip_ds6_route_init
                0x000000000020664c       0x1c obj_cc2538dk/uip-ds6-route.o
                0x000000000020664c                uip_ds6_route_init
 .text.uip_ds6_defrt_rm
                0x0000000000206668       0x38 obj_cc2538dk/uip-ds6-route.o
                0x0000000000206668                uip_ds6_defrt_rm
 .text.uip_ds6_defrt_lookup
                0x00000000002066a0       0x34 obj_cc2538dk/uip-ds6-route.o
                0x00000000002066a0                uip_ds6_defrt_lookup
 .text.uip_ds6_defrt_add
                0x00000000002066d4       0x60 obj_cc2538dk/uip-ds6-route.o
                0x00000000002066d4                uip_ds6_defrt_add
 .text.uip_ds6_defrt_choose
                0x0000000000206734       0x30 obj_cc2538dk/uip-ds6-route.o
                0x0000000000206734                uip_ds6_defrt_choose
 .text.uip_ds6_defrt_periodic
                0x0000000000206764       0x3c obj_cc2538dk/uip-ds6-route.o
                0x0000000000206764                uip_ds6_defrt_periodic
 .text.uip_ds6_nbr_rm
                0x00000000002067a0       0x24 obj_cc2538dk/uip-ds6-nbr.o
                0x00000000002067a0                uip_ds6_nbr_rm
 .text.uip_ds6_neighbors_init
                0x00000000002067c4       0x1c obj_cc2538dk/uip-ds6-nbr.o
                0x00000000002067c4                uip_ds6_neighbors_init
 .text.uip_ds6_nbr_add
                0x00000000002067e0       0x44 obj_cc2538dk/uip-ds6-nbr.o
                0x00000000002067e0                uip_ds6_nbr_add
 .text.uip_ds6_nbr_get_ll
                0x0000000000206824       0x10 obj_cc2538dk/uip-ds6-nbr.o
                0x0000000000206824                uip_ds6_nbr_get_ll
 .text.uip_ds6_nbr_lookup
                0x0000000000206834       0x38 obj_cc2538dk/uip-ds6-nbr.o
                0x0000000000206834                uip_ds6_nbr_lookup
 .text.uip_ds6_nbr_ll_lookup
                0x000000000020686c       0x10 obj_cc2538dk/uip-ds6-nbr.o
                0x000000000020686c                uip_ds6_nbr_ll_lookup
 .text.tcpip_output
                0x000000000020687c       0x40 obj_cc2538dk/tcpip.o
                0x000000000020687c                tcpip_output
 .text.tcpip_input
                0x00000000002068bc       0x34 obj_cc2538dk/tcpip.o
                0x00000000002068bc                tcpip_input
 .text.tcpip_ipv6_output
                0x00000000002068f0       0xf8 obj_cc2538dk/tcpip.o
                0x00000000002068f0                tcpip_ipv6_output
 .text.packet_input
                0x00000000002069e8       0x20 obj_cc2538dk/tcpip.o
 .text.process_thread_tcpip_process
                0x0000000000206a08       0xc0 obj_cc2538dk/tcpip.o
 .text.tcpip_uipcall
                0x0000000000206ac8       0x2c obj_cc2538dk/tcpip.o
                0x0000000000206ac8                tcpip_uipcall
 .text.upper_layer_chksum
                0x0000000000206af4       0x50 obj_cc2538dk/uip6.o
 .text.ext_hdr_options_process
                0x0000000000206b44       0xc0 obj_cc2538dk/uip6.o
 .text.uip_init
                0x0000000000206c04       0x40 obj_cc2538dk/uip6.o
                0x0000000000206c04                uip_init
 .text.remove_ext_hdr
                0x0000000000206c44       0x5c obj_cc2538dk/uip6.o
                0x0000000000206c44                remove_ext_hdr
 .text.uip_process
                0x0000000000206ca0      0x3e8 obj_cc2538dk/uip6.o
                0x0000000000206ca0                uip_process
 .text.uip_htonl
                0x0000000000207088       0x1c obj_cc2538dk/uip6.o
                0x0000000000207088                uip_htonl
 .text.ns_input
                0x00000000002070a4      0x270 obj_cc2538dk/uip-nd6.o
 .text.uip_nd6_init
                0x0000000000207314        0xc obj_cc2538dk/uip-nd6.o
                0x0000000000207314                uip_nd6_init
 .text.clear_fragments
                0x0000000000207320       0x3c obj_cc2538dk/sicslowpan.o
 .text.sicslowpan_init
                0x000000000020735c       0x18 obj_cc2538dk/sicslowpan.o
                0x000000000020735c                sicslowpan_init
 .text.set_packet_attrs
                0x0000000000207374       0x40 obj_cc2538dk/sicslowpan.o
 .text.compress_addr_64
                0x00000000002073b4       0x90 obj_cc2538dk/sicslowpan.o
 .text.addr_context_lookup_by_prefix
                0x0000000000207444       0x24 obj_cc2538dk/sicslowpan.o
 .text.send_packet
                0x0000000000207468       0x24 obj_cc2538dk/sicslowpan.o
 .text.fragment_copy_payload_and_send
                0x000000000020748c       0x6c obj_cc2538dk/sicslowpan.o
 .text.output   0x00000000002074f8      0x74c obj_cc2538dk/sicslowpan.o
 .text.packet_sent
                0x0000000000207c44       0x5c obj_cc2538dk/sicslowpan.o
 .text.store_fragment
                0x0000000000207ca0       0x64 obj_cc2538dk/sicslowpan.o
 .text.uncompress_addr
                0x0000000000207d04       0x94 obj_cc2538dk/sicslowpan.o
 .text.add_fragment
                0x0000000000207d98      0x148 obj_cc2538dk/sicslowpan.o
 .text.input    0x0000000000207ee0      0x6e4 obj_cc2538dk/sicslowpan.o
 .text.uiplib_ipaddr_snprint
                0x00000000002085c4       0xf4 obj_cc2538dk/uiplib.o
                0x00000000002085c4                uiplib_ipaddr_snprint
 .text.update_state
                0x00000000002086b8       0x84 obj_cc2538dk/rpl-nbr-policy.o
 .text.rpl_nbr_policy_find_removable
                0x000000000020873c       0x50 obj_cc2538dk/rpl-nbr-policy.o
                0x000000000020873c                rpl_nbr_policy_find_removable
 .text.remove_neighbor
                0x000000000020878c       0x3c obj_cc2538dk/rpl-neighbor.o
 .text.rpl_neighbor_get_from_lladdr
                0x00000000002087c8       0x10 obj_cc2538dk/rpl-neighbor.o
                0x00000000002087c8                rpl_neighbor_get_from_lladdr
 .text.rpl_neighbor_rank_via_nbr
                0x00000000002087d8       0x18 obj_cc2538dk/rpl-neighbor.o
                0x00000000002087d8                rpl_neighbor_rank_via_nbr
 .text.rpl_neighbor_get_lladdr
                0x00000000002087f0       0x10 obj_cc2538dk/rpl-neighbor.o
                0x00000000002087f0                rpl_neighbor_get_lladdr
 .text.best_parent
                0x0000000000208800       0x88 obj_cc2538dk/rpl-neighbor.o
 .text.rpl_neighbor_is_parent
                0x0000000000208888       0x18 obj_cc2538dk/rpl-neighbor.o
                0x0000000000208888                rpl_neighbor_is_parent
 .text.rpl_neighbor_set_preferred_parent
                0x00000000002088a0       0x44 obj_cc2538dk/rpl-neighbor.o
                0x00000000002088a0                rpl_neighbor_set_preferred_parent
 .text.rpl_neighbor_remove_all
                0x00000000002088e4       0x2c obj_cc2538dk/rpl-neighbor.o
                0x00000000002088e4                rpl_neighbor_remove_all
 .text.rpl_neighbor_get_from_ipaddr
                0x0000000000208910       0x1c obj_cc2538dk/rpl-neighbor.o
                0x0000000000208910                rpl_neighbor_get_from_ipaddr
 .text.rpl_neighbor_select_best
                0x000000000020892c       0x54 obj_cc2538dk/rpl-neighbor.o
                0x000000000020892c                rpl_neighbor_select_best
 .text.rpl_neighbor_init
                0x0000000000208980       0x14 obj_cc2538dk/rpl-neighbor.o
                0x0000000000208980                rpl_neighbor_init
 .text.init_dag
                0x0000000000208994       0x74 obj_cc2538dk/rpl-dag.o
 .text.init_dag_from_dio
                0x0000000000208a08       0x84 obj_cc2538dk/rpl-dag.o
 .text.rpl_dag_get_root_ipaddr
                0x0000000000208a8c       0x30 obj_cc2538dk/rpl-dag.o
                0x0000000000208a8c                rpl_dag_get_root_ipaddr
 .text.rpl_dag_leave
                0x0000000000208abc       0x50 obj_cc2538dk/rpl-dag.o
                0x0000000000208abc                rpl_dag_leave
 .text.rpl_dag_poison_and_leave
                0x0000000000208b0c       0x10 obj_cc2538dk/rpl-dag.o
                0x0000000000208b0c                rpl_dag_poison_and_leave
 .text.rpl_dag_periodic
                0x0000000000208b1c       0x44 obj_cc2538dk/rpl-dag.o
                0x0000000000208b1c                rpl_dag_periodic
 .text.rpl_is_addr_in_our_dag
                0x0000000000208b60       0x24 obj_cc2538dk/rpl-dag.o
                0x0000000000208b60                rpl_is_addr_in_our_dag
 .text.rpl_local_repair
                0x0000000000208b84       0x34 obj_cc2538dk/rpl-dag.o
                0x0000000000208b84                rpl_local_repair
 .text.rpl_global_repair
                0x0000000000208bb8       0x38 obj_cc2538dk/rpl-dag.o
                0x0000000000208bb8                rpl_global_repair
 .text.rpl_dag_ready_to_advertise
                0x0000000000208bf0       0x24 obj_cc2538dk/rpl-dag.o
                0x0000000000208bf0                rpl_dag_ready_to_advertise
 .text.rpl_dag_update_state
                0x0000000000208c14      0x118 obj_cc2538dk/rpl-dag.o
                0x0000000000208c14                rpl_dag_update_state
 .text.rpl_process_dio
                0x0000000000208d2c      0x190 obj_cc2538dk/rpl-dag.o
                0x0000000000208d2c                rpl_process_dio
 .text.rpl_process_dis
                0x0000000000208ebc       0x2c obj_cc2538dk/rpl-dag.o
                0x0000000000208ebc                rpl_process_dis
 .text.rpl_process_dao
                0x0000000000208ee8       0x4c obj_cc2538dk/rpl-dag.o
                0x0000000000208ee8                rpl_process_dao
 .text.rpl_process_dao_ack
                0x0000000000208f34       0x54 obj_cc2538dk/rpl-dag.o
                0x0000000000208f34                rpl_process_dao_ack
 .text.rpl_dag_init_root
                0x0000000000208f88       0xa8 obj_cc2538dk/rpl-dag.o
                0x0000000000208f88                rpl_dag_init_root
 .text.rpl_dag_init
                0x0000000000209030       0x10 obj_cc2538dk/rpl-dag.o
                0x0000000000209030                rpl_dag_init
 .text.new_dio_interval
                0x0000000000209040       0x54 obj_cc2538dk/rpl-timers.o
 .text.handle_unicast_dio_timer
                0x0000000000209094       0x1c obj_cc2538dk/rpl-timers.o
 .text.handle_dao_timer
                0x00000000002090b0       0xd8 obj_cc2538dk/rpl-timers.o
 .text.handle_dao_ack_timer
                0x0000000000209188       0x14 obj_cc2538dk/rpl-timers.o
 .text.handle_leaving_timer
                0x000000000020919c       0x10 obj_cc2538dk/rpl-timers.o
 .text.handle_dio_timer
                0x00000000002091ac       0x70 obj_cc2538dk/rpl-timers.o
 .text.rpl_timers_schedule_periodic_dis
                0x000000000020921c       0x38 obj_cc2538dk/rpl-timers.o
                0x000000000020921c                rpl_timers_schedule_periodic_dis
 .text.handle_dis_timer
                0x0000000000209254       0x34 obj_cc2538dk/rpl-timers.o
 .text.handle_periodic_timer
                0x0000000000209288       0x44 obj_cc2538dk/rpl-timers.o
 .text.rpl_timers_dio_reset
                0x00000000002092cc       0x28 obj_cc2538dk/rpl-timers.o
                0x00000000002092cc                rpl_timers_dio_reset
 .text.rpl_timers_schedule_unicast_dio
                0x00000000002092f4       0x28 obj_cc2538dk/rpl-timers.o
                0x00000000002092f4                rpl_timers_schedule_unicast_dio
 .text.rpl_timers_schedule_dao
                0x000000000020931c       0x4c obj_cc2538dk/rpl-timers.o
                0x000000000020931c                rpl_timers_schedule_dao
 .text.rpl_timers_schedule_dao_ack
                0x0000000000209368       0x48 obj_cc2538dk/rpl-timers.o
                0x0000000000209368                rpl_timers_schedule_dao_ack
 .text.get_probing_target
                0x00000000002093b0       0xbc obj_cc2538dk/rpl-timers.o
                0x00000000002093b0                get_probing_target
 .text.rpl_schedule_probing
                0x000000000020946c       0x28 obj_cc2538dk/rpl-timers.o
                0x000000000020946c                rpl_schedule_probing
 .text.rpl_schedule_probing_now
                0x0000000000209494       0x2c obj_cc2538dk/rpl-timers.o
                0x0000000000209494                rpl_schedule_probing_now
 .text.rpl_timers_unschedule_leaving
                0x00000000002094c0       0x24 obj_cc2538dk/rpl-timers.o
                0x00000000002094c0                rpl_timers_unschedule_leaving
 .text.rpl_timers_schedule_leaving
                0x00000000002094e4       0x30 obj_cc2538dk/rpl-timers.o
                0x00000000002094e4                rpl_timers_schedule_leaving
 .text.rpl_timers_init
                0x0000000000209514       0x20 obj_cc2538dk/rpl-timers.o
                0x0000000000209514                rpl_timers_init
 .text.rpl_timers_stop_dag_timers
                0x0000000000209534       0x44 obj_cc2538dk/rpl-timers.o
                0x0000000000209534                rpl_timers_stop_dag_timers
 .text.rpl_timers_unschedule_state_update
                0x0000000000209578       0x14 obj_cc2538dk/rpl-timers.o
                0x0000000000209578                rpl_timers_unschedule_state_update
 .text.rpl_timers_schedule_state_update
                0x000000000020958c       0x1c obj_cc2538dk/rpl-timers.o
                0x000000000020958c                rpl_timers_schedule_state_update
 .text.update_hbh_header
                0x00000000002095a8       0x60 obj_cc2538dk/rpl-ext-header.o
 .text.rpl_ext_header_srh_get_next_hop
                0x0000000000209608       0xc8 obj_cc2538dk/rpl-ext-header.o
                0x0000000000209608                rpl_ext_header_srh_get_next_hop
 .text.rpl_ext_header_srh_update
                0x00000000002096d0       0xe4 obj_cc2538dk/rpl-ext-header.o
                0x00000000002096d0                rpl_ext_header_srh_update
 .text.rpl_ext_header_hbh_update
                0x00000000002097b4       0xb8 obj_cc2538dk/rpl-ext-header.o
                0x00000000002097b4                rpl_ext_header_hbh_update
 .text.rpl_ext_header_remove
                0x000000000020986c       0xa0 obj_cc2538dk/rpl-ext-header.o
                0x000000000020986c                rpl_ext_header_remove
 .text.rpl_ext_header_update
                0x000000000020990c      0x288 obj_cc2538dk/rpl-ext-header.o
                0x000000000020990c                rpl_ext_header_update
 .text.rpl_has_joined
                0x0000000000209b94       0x18 obj_cc2538dk/rpl.o
                0x0000000000209b94                rpl_has_joined
 .text.rpl_is_reachable
                0x0000000000209bac       0x18 obj_cc2538dk/rpl.o
                0x0000000000209bac                rpl_is_reachable
 .text.set_ip_from_prefix
                0x0000000000209bc4       0x2c obj_cc2538dk/rpl.o
 .text.init     0x0000000000209bf0       0x40 obj_cc2538dk/rpl.o
 .text.rpl_link_callback
                0x0000000000209c30       0x2c obj_cc2538dk/rpl.o
                0x0000000000209c30                rpl_link_callback
 .text.get_sr_node_ipaddr
                0x0000000000209c5c       0x2c obj_cc2538dk/rpl.o
 .text.rpl_get_global_address
                0x0000000000209c88       0x70 obj_cc2538dk/rpl.o
                0x0000000000209c88                rpl_get_global_address
 .text.rpl_reset_prefix
                0x0000000000209cf8       0x28 obj_cc2538dk/rpl.o
                0x0000000000209cf8                rpl_reset_prefix
 .text.rpl_set_prefix_from_addr
                0x0000000000209d20       0x68 obj_cc2538dk/rpl.o
                0x0000000000209d20                rpl_set_prefix_from_addr
 .text.rpl_get_leaf_only
                0x0000000000209d88        0xc obj_cc2538dk/rpl.o
                0x0000000000209d88                rpl_get_leaf_only
 .text.update_metric_container
                0x0000000000209d94        0xc obj_cc2538dk/rpl-mrhof.o
 .text.within_hysteresis
                0x0000000000209da0       0x3c obj_cc2538dk/rpl-mrhof.o
 .text.rank_via_nbr
                0x0000000000209ddc       0x30 obj_cc2538dk/rpl-mrhof.o
 .text.best_parent
                0x0000000000209e0c       0x68 obj_cc2538dk/rpl-mrhof.o
 .text.dao_ack_input
                0x0000000000209e74       0x44 obj_cc2538dk/rpl-icmp6.o
 .text.dao_input
                0x0000000000209eb8      0x110 obj_cc2538dk/rpl-icmp6.o
 .text.dio_input
                0x0000000000209fc8      0x22c obj_cc2538dk/rpl-icmp6.o
 .text.dis_input
                0x000000000020a1f4       0x3c obj_cc2538dk/rpl-icmp6.o
 .text.rpl_icmp6_dis_output
                0x000000000020a230       0x38 obj_cc2538dk/rpl-icmp6.o
                0x000000000020a230                rpl_icmp6_dis_output
 .text.rpl_icmp6_dio_output
                0x000000000020a268      0x1c8 obj_cc2538dk/rpl-icmp6.o
                0x000000000020a268                rpl_icmp6_dio_output
 .text.rpl_icmp6_dao_output
                0x000000000020a430       0xc4 obj_cc2538dk/rpl-icmp6.o
                0x000000000020a430                rpl_icmp6_dao_output
 .text.rpl_icmp6_dao_ack_output
                0x000000000020a4f4       0x44 obj_cc2538dk/rpl-icmp6.o
                0x000000000020a4f4                rpl_icmp6_dao_ack_output
 .text.rpl_icmp6_init
                0x000000000020a538       0x30 obj_cc2538dk/rpl-icmp6.o
                0x000000000020a538                rpl_icmp6_init
 .text.rpl_dag_root_set_prefix
                0x000000000020a568       0x64 obj_cc2538dk/rpl-dag-root.o
                0x000000000020a568                rpl_dag_root_set_prefix
 .text.rpl_dag_root_start
                0x000000000020a5cc       0x68 obj_cc2538dk/rpl-dag-root.o
                0x000000000020a5cc                rpl_dag_root_start
 .text.rpl_dag_root_is_root
                0x000000000020a634       0x18 obj_cc2538dk/rpl-dag-root.o
                0x000000000020a634                rpl_dag_root_is_root
 .text.process_thread_read_vdd3
                0x000000000020a64c       0x64 read_vdd3.o
 .text          0x000000000020a6b0       0x30 /usr/bin/../lib/gcc/arm-none-eabi/7.3.1/thumb/v7-m/libgcc.a(_aeabi_uldivmod.o)
                0x000000000020a6b0                __aeabi_uldivmod
 .text          0x000000000020a6e0      0x2d0 /usr/bin/../lib/gcc/arm-none-eabi/7.3.1/thumb/v7-m/libgcc.a(_udivmoddi4.o)
                0x000000000020a6e0                __udivmoddi4
 .text          0x000000000020a9b0        0x4 /usr/bin/../lib/gcc/arm-none-eabi/7.3.1/thumb/v7-m/libgcc.a(_dvmd_tls.o)
                0x000000000020a9b0                __aeabi_ldiv0
                0x000000000020a9b0                __aeabi_idiv0
 .text.memcmp   0x000000000020a9b4       0x64 /usr/bin/../lib/gcc/arm-none-eabi/7.3.1/../../../../arm-none-eabi/lib/thumb/v7-m/libc.a(lib_a-memcmp.o)
                0x000000000020a9b4                memcmp
 .text          0x000000000020aa18       0xec /usr/bin/../lib/gcc/arm-none-eabi/7.3.1/../../../../arm-none-eabi/lib/thumb/v7-m/libc.a(lib_a-memcpy.o)
                0x000000000020aa18                memcpy
 .text.memmove  0x000000000020ab04       0xc4 /usr/bin/../lib/gcc/arm-none-eabi/7.3.1/../../../../arm-none-eabi/lib/thumb/v7-m/libc.a(lib_a-memmove.o)
                0x000000000020ab04                memmove
 .text.memset   0x000000000020abc8       0x94 /usr/bin/../lib/gcc/arm-none-eabi/7.3.1/../../../../arm-none-eabi/lib/thumb/v7-m/libc.a(lib_a-memset.o)
                0x000000000020abc8                memset
 .text.default_handler
                0x000000000020ac5c        0x2 obj_cc2538dk/startup-gcc.o
                0x000000000020ac5c                default_handler
 .text.nmi_handler
                0x000000000020ac5e        0x6 obj_cc2538dk/startup-gcc.o
                0x000000000020ac5e                nmi_handler
 .text.fade     0x000000000020ac64       0x58 obj_cc2538dk/platform.o
 .text.platform_init_stage_one
                0x000000000020acbc       0x14 obj_cc2538dk/platform.o
                0x000000000020acbc                platform_init_stage_one
 .text.platform_idle
                0x000000000020acd0        0x4 obj_cc2538dk/platform.o
                0x000000000020acd0                platform_idle
 .text.status   0x000000000020acd4        0x4 obj_cc2538dk/als-sensor.o
 .text.soc_init
                0x000000000020acd8       0x22 obj_cc2538dk/soc.o
                0x000000000020acd8                soc_init
 .text.clock_isr
                0x000000000020acfa        0x4 obj_cc2538dk/clock.o
                0x000000000020acfa                clock_isr
 .text.rtimer_arch_init
                0x000000000020acfe        0x2 obj_cc2538dk/rtimer-arch.o
                0x000000000020acfe                rtimer_arch_init
 .text.uart0_isr
                0x000000000020ad00        0x6 obj_cc2538dk/uart.o
                0x000000000020ad00                uart0_isr
 .text.uart1_isr
                0x000000000020ad06        0x6 obj_cc2538dk/uart.o
                0x000000000020ad06                uart1_isr
 .text.gpio_port_a_isr
                0x000000000020ad0c        0x6 obj_cc2538dk/gpio.o
                0x000000000020ad0c                gpio_port_a_isr
 .text.gpio_port_b_isr
                0x000000000020ad12        0x6 obj_cc2538dk/gpio.o
                0x000000000020ad12                gpio_port_b_isr
 .text.gpio_port_c_isr
                0x000000000020ad18        0x6 obj_cc2538dk/gpio.o
                0x000000000020ad18                gpio_port_c_isr
 .text.gpio_port_d_isr
                0x000000000020ad1e        0x6 obj_cc2538dk/gpio.o
                0x000000000020ad1e                gpio_port_d_isr
 .text.send     0x000000000020ad24       0x12 obj_cc2538dk/cc2538-rf.o
 .text.int_master_read_and_disable
                0x000000000020ad36        0x8 obj_cc2538dk/int-master.o
                0x000000000020ad36                int_master_read_and_disable
 .text.int_master_status_set
                0x000000000020ad3e        0x6 obj_cc2538dk/int-master.o
                0x000000000020ad3e                int_master_status_set
 .text.dbg_putchar
                0x000000000020ad44       0x10 obj_cc2538dk/dbg.o
                0x000000000020ad44                dbg_putchar
 .text.dbg_send_bytes
                0x000000000020ad54       0x20 obj_cc2538dk/dbg.o
                0x000000000020ad54                dbg_send_bytes
 .text.configure
                0x000000000020ad74        0x4 obj_cc2538dk/cc2538-temp-sensor.o
 .text.status   0x000000000020ad78        0x4 obj_cc2538dk/cc2538-temp-sensor.o
 .text.value    0x000000000020ad7c       0x34 obj_cc2538dk/cc2538-temp-sensor.o
 .text.configure
                0x000000000020adb0        0x4 obj_cc2538dk/vdd3-sensor.o
 .text.status   0x000000000020adb4        0x4 obj_cc2538dk/vdd3-sensor.o
 .text.value    0x000000000020adb8       0x2a obj_cc2538dk/vdd3-sensor.o
 .text.stimer_set
                0x000000000020ade2        0xe obj_cc2538dk/stimer.o
                0x000000000020ade2                stimer_set
 .text.autostart_start
                0x000000000020adf0       0x14 obj_cc2538dk/autostart.o
                0x000000000020adf0                autostart_start
 .text.energest_init
                0x000000000020ae04        0x2 obj_cc2538dk/energest.o
                0x000000000020ae04                energest_init
 .text.etimer_set
                0x000000000020ae06       0x12 obj_cc2538dk/etimer.o
                0x000000000020ae06                etimer_set
 .text.etimer_reset
                0x000000000020ae18       0x12 obj_cc2538dk/etimer.o
                0x000000000020ae18                etimer_reset
 .text.etimer_expired
                0x000000000020ae2a        0xa obj_cc2538dk/etimer.o
                0x000000000020ae2a                etimer_expired
 .text.call_process
                0x000000000020ae34        0xc obj_cc2538dk/process.o
 .text.rtimer_init
                0x000000000020ae40        0x4 obj_cc2538dk/rtimer.o
                0x000000000020ae40                rtimer_init
 .text.timer_set
                0x000000000020ae44        0xe obj_cc2538dk/timer.o
                0x000000000020ae44                timer_set
 .text.timer_reset
                0x000000000020ae52        0xa obj_cc2538dk/timer.o
                0x000000000020ae52                timer_reset
 .text.timer_expired
                0x000000000020ae5c       0x1c obj_cc2538dk/timer.o
                0x000000000020ae5c                timer_expired
 .text.button_hal_get_state
                0x000000000020ae78       0x28 obj_cc2538dk/button-hal.o
                0x000000000020ae78                button_hal_get_state
 .text.list_init
                0x000000000020aea0        0x6 obj_cc2538dk/list.o
                0x000000000020aea0                list_init
 .text.list_head
                0x000000000020aea6        0x4 obj_cc2538dk/list.o
                0x000000000020aea6                list_head
 .text.list_tail
                0x000000000020aeaa       0x10 obj_cc2538dk/list.o
                0x000000000020aeaa                list_tail
 .text.list_remove
                0x000000000020aeba       0x26 obj_cc2538dk/list.o
                0x000000000020aeba                list_remove
 .text.list_add
                0x000000000020aee0       0x1a obj_cc2538dk/list.o
                0x000000000020aee0                list_add
 .text.list_push
                0x000000000020aefa       0x10 obj_cc2538dk/list.o
                0x000000000020aefa                list_push
 .text.list_length
                0x000000000020af0a        0xe obj_cc2538dk/list.o
                0x000000000020af0a                list_length
 .text.list_item_next
                0x000000000020af18        0x6 obj_cc2538dk/list.o
                0x000000000020af18                list_item_next
 .text.memb_init
                0x000000000020af1e       0x20 obj_cc2538dk/memb.o
                0x000000000020af1e                memb_init
 .text.memb_alloc
                0x000000000020af3e       0x28 obj_cc2538dk/memb.o
                0x000000000020af3e                memb_alloc
 .text.memb_free
                0x000000000020af66       0x2c obj_cc2538dk/memb.o
                0x000000000020af66                memb_free
 .text.memb_inmemb
                0x000000000020af92       0x1c obj_cc2538dk/memb.o
                0x000000000020af92                memb_inmemb
 .text.memb_numfree
                0x000000000020afae       0x1c obj_cc2538dk/memb.o
                0x000000000020afae                memb_numfree
 .text.ringbuf_init
                0x000000000020afca        0xe obj_cc2538dk/ringbuf.o
                0x000000000020afca                ringbuf_init
 .text.ringbuf_put
                0x000000000020afd8       0x26 obj_cc2538dk/ringbuf.o
                0x000000000020afd8                ringbuf_put
 .text.ringbuf_get
                0x000000000020affe       0x20 obj_cc2538dk/ringbuf.o
                0x000000000020affe                ringbuf_get
 .text.queuebuf_update_attr_from_packetbuf
                0x000000000020b01e        0xc obj_cc2538dk/queuebuf.o
                0x000000000020b01e                queuebuf_update_attr_from_packetbuf
 .text.queuebuf_attr
                0x000000000020b02a        0xc obj_cc2538dk/queuebuf.o
                0x000000000020b02a                queuebuf_attr
 .text.item_from_index
                0x000000000020b036       0x14 obj_cc2538dk/nbr-table.o
 .text.index_from_item
                0x000000000020b04a       0x16 obj_cc2538dk/nbr-table.o
 .text.nbr_set_bit
                0x000000000020b060       0x3a obj_cc2538dk/nbr-table.o
 .text.nbr_table_get_from_lladdr
                0x000000000020b09a       0x26 obj_cc2538dk/nbr-table.o
                0x000000000020b09a                nbr_table_get_from_lladdr
 .text.linkaddr_copy
                0x000000000020b0c0        0x6 obj_cc2538dk/linkaddr.o
                0x000000000020b0c0                linkaddr_copy
 .text.linkaddr_cmp
                0x000000000020b0c6       0x10 obj_cc2538dk/linkaddr.o
                0x000000000020b0c6                linkaddr_cmp
 .text.link_stats_is_fresh
                0x000000000020b0d6       0x24 obj_cc2538dk/link-stats.o
                0x000000000020b0d6                link_stats_is_fresh
 .text.guess_etx_from_rssi
                0x000000000020b0fa       0x42 obj_cc2538dk/link-stats.o
                0x000000000020b0fa                guess_etx_from_rssi
 .text.mac_call_sent_callback
                0x000000000020b13c       0x18 obj_cc2538dk/mac.o
                0x000000000020b13c                mac_call_sent_callback
 .text.parse    0x000000000020b154       0x8a obj_cc2538dk/framer-802154.o
 .text.framer_802154_setup_params.part.0
                0x000000000020b1de       0x7c obj_cc2538dk/framer-802154.o
 .text.create   0x000000000020b25a        0x6 obj_cc2538dk/framer-802154.o
 .text.hdr_length
                0x000000000020b260        0x6 obj_cc2538dk/framer-802154.o
 .text.frame802154_has_panid
                0x000000000020b266       0xbc obj_cc2538dk/frame802154.o
                0x000000000020b266                frame802154_has_panid
 .text.field_len
                0x000000000020b322       0x84 obj_cc2538dk/frame802154.o
 .text.frame802154_is_broadcast_addr
                0x000000000020b3a6       0x1e obj_cc2538dk/frame802154.o
                0x000000000020b3a6                frame802154_is_broadcast_addr
 .text.frame802154_hdrlen
                0x000000000020b3c4       0x32 obj_cc2538dk/frame802154.o
                0x000000000020b3c4                frame802154_hdrlen
 .text.frame802154_create_fcf
                0x000000000020b3f6       0x5e obj_cc2538dk/frame802154.o
                0x000000000020b3f6                frame802154_create_fcf
 .text.frame802154_create
                0x000000000020b454       0x8e obj_cc2538dk/frame802154.o
                0x000000000020b454                frame802154_create
 .text.frame802154_parse_fcf
                0x000000000020b4e2       0x66 obj_cc2538dk/frame802154.o
                0x000000000020b4e2                frame802154_parse_fcf
 .text.write_str
                0x000000000020b548       0x10 obj_cc2538dk/printf.o
 .text.buffer_str
                0x000000000020b558       0x28 obj_cc2538dk/snprintf.o
 .text.snprintf
                0x000000000020b580       0x1a obj_cc2538dk/snprintf.o
                0x000000000020b580                snprintf
 .text.putchar  0x000000000020b59a        0xc obj_cc2538dk/putchar.o
                0x000000000020b59a                putchar
 .text.send_packet
                0x000000000020b5a6        0x4 obj_cc2538dk/csma.o
 .text.init     0x000000000020b5aa        0xe obj_cc2538dk/csma.o
 .text.uip_sr_expire_parent
                0x000000000020b5b8       0x28 obj_cc2538dk/uip-sr.o
                0x000000000020b5b8                uip_sr_expire_parent
 .text.uip_ds6_list_loop
                0x000000000020b5e0       0x4c obj_cc2538dk/uip-ds6.o
                0x000000000020b5e0                uip_ds6_list_loop
 .text.uip_ds6_maddr_rm
                0x000000000020b62c        0x8 obj_cc2538dk/uip-ds6.o
                0x000000000020b62c                uip_ds6_maddr_rm
 .text.uip_ds6_set_addr_iid
                0x000000000020b634       0x16 obj_cc2538dk/uip-ds6.o
                0x000000000020b634                uip_ds6_set_addr_iid
 .text.uip_ds6_set_lladdr_from_iid
                0x000000000020b64a       0x16 obj_cc2538dk/uip-ds6.o
                0x000000000020b64a                uip_ds6_set_lladdr_from_iid
 .text.get_match_length
                0x000000000020b660       0x36 obj_cc2538dk/uip-ds6.o
                0x000000000020b660                get_match_length
 .text.uip_ds6_route_nexthop
                0x000000000020b696        0x4 obj_cc2538dk/uip-ds6-route.o
                0x000000000020b696                uip_ds6_route_nexthop
 .text.uip_ds6_route_lookup
                0x000000000020b69a        0x4 obj_cc2538dk/uip-ds6-route.o
                0x000000000020b69a                uip_ds6_route_lookup
 .text.uip_ds6_route_rm
                0x000000000020b69e        0x2 obj_cc2538dk/uip-ds6-route.o
                0x000000000020b69e                uip_ds6_route_rm
 .text.uip_ds6_nbr_update_ll
                0x000000000020b6a0       0x5e obj_cc2538dk/uip-ds6-nbr.o
                0x000000000020b6a0                uip_ds6_nbr_update_ll
 .text.uip_ds6_nbr_ipaddr_from_lladdr
                0x000000000020b6fe        0x4 obj_cc2538dk/uip-ds6-nbr.o
                0x000000000020b6fe                uip_ds6_nbr_ipaddr_from_lladdr
 .text.uip_ds6_nbr_lladdr_from_ipaddr
                0x000000000020b702       0x12 obj_cc2538dk/uip-ds6-nbr.o
                0x000000000020b702                uip_ds6_nbr_lladdr_from_ipaddr
 .text.uip_ds6_link_callback
                0x000000000020b714        0x2 obj_cc2538dk/uip-ds6-nbr.o
                0x000000000020b714                uip_ds6_link_callback
 .text.chksum   0x000000000020b716       0x38 obj_cc2538dk/uip6.o
 .text.uip_icmp6chksum
                0x000000000020b74e        0x6 obj_cc2538dk/uip6.o
                0x000000000020b74e                uip_icmp6chksum
 .text.uip_udpchksum
                0x000000000020b754        0x6 obj_cc2538dk/uip6.o
                0x000000000020b754                uip_udpchksum
 .text.rpl_neighbor_get_ipaddr
                0x000000000020b75a        0xe obj_cc2538dk/rpl-neighbor.o
                0x000000000020b75a                rpl_neighbor_get_ipaddr
 .text.rpl_neighbor_get_link_stats
                0x000000000020b768        0xe obj_cc2538dk/rpl-neighbor.o
                0x000000000020b768                rpl_neighbor_get_link_stats
 .text.rpl_neighbor_is_fresh
                0x000000000020b776        0xe obj_cc2538dk/rpl-neighbor.o
                0x000000000020b776                rpl_neighbor_is_fresh
 .text.rpl_process_hbh
                0x000000000020b784       0x1c obj_cc2538dk/rpl-dag.o
                0x000000000020b784                rpl_process_hbh
 .text.handle_state_update
                0x000000000020b7a0        0x4 obj_cc2538dk/rpl-timers.o
 .text.get_probing_delay
                0x000000000020b7a4       0x1a obj_cc2538dk/rpl-timers.o
                0x000000000020b7a4                get_probing_delay
 .text.handle_probing_timer
                0x000000000020b7be       0x24 obj_cc2538dk/rpl-timers.o
 .text.neighbor_state_changed
                0x000000000020b7e2        0x2 obj_cc2538dk/rpl.o
 .text.drop_route
                0x000000000020b7e4        0x2 obj_cc2538dk/rpl.o
 .text.rpl_lollipop_greater_than
                0x000000000020b7e6       0x34 obj_cc2538dk/rpl.o
                0x000000000020b7e6                rpl_lollipop_greater_than
 .text.reset    0x000000000020b81a        0x2 obj_cc2538dk/rpl-mrhof.o
 .text.nbr_link_metric
                0x000000000020b81c       0x12 obj_cc2538dk/rpl-mrhof.o
 .text.nbr_path_cost
                0x000000000020b82e       0x28 obj_cc2538dk/rpl-mrhof.o
 .text.nbr_has_usable_link
                0x000000000020b856       0x12 obj_cc2538dk/rpl-mrhof.o
 .text.nbr_is_acceptable_parent
                0x000000000020b868       0x1e obj_cc2538dk/rpl-mrhof.o
 .text.get32    0x000000000020b886       0x18 obj_cc2538dk/rpl-icmp6.o
 .text.set32    0x000000000020b89e       0x12 obj_cc2538dk/rpl-icmp6.o
 .text.get16    0x000000000020b8b0        0xc obj_cc2538dk/rpl-icmp6.o
 .text.set16    0x000000000020b8bc        0xa obj_cc2538dk/rpl-icmp6.o
 .text.rpl_icmp6_update_nbr_table
                0x000000000020b8c6       0x2e obj_cc2538dk/rpl-icmp6.o
                0x000000000020b8c6                rpl_icmp6_update_nbr_table
 *(SORT_BY_ALIGNMENT(.rodata*))
 .rodata.als_sensor
                0x000000000020b8f4       0x10 obj_cc2538dk/als-sensor.o
                0x000000000020b8f4                als_sensor
 .rodata.uart_regs
                0x000000000020b904       0x58 obj_cc2538dk/uart.o
 .rodata.cc2538_rf_driver
                0x000000000020b95c       0x38 obj_cc2538dk/cc2538-rf.o
                0x000000000020b95c                cc2538_rf_driver
 .rodata.output_power
                0x000000000020b994       0x70 obj_cc2538dk/cc2538-rf.o
 .rodata.cc2538_temp_sensor
                0x000000000020ba04       0x10 obj_cc2538dk/cc2538-temp-sensor.o
                0x000000000020ba04                cc2538_temp_sensor
 .rodata.vdd3_sensor
                0x000000000020ba14       0x10 obj_cc2538dk/vdd3-sensor.o
                0x000000000020ba14                vdd3_sensor
 .rodata.framer_802154
                0x000000000020ba24        0xc obj_cc2538dk/framer-802154.o
                0x000000000020ba24                framer_802154
 .rodata.csma_driver
                0x000000000020ba30       0x18 obj_cc2538dk/csma.o
                0x000000000020ba30                csma_driver
 .rodata.sicslowpan_driver
                0x000000000020ba48       0x10 obj_cc2538dk/sicslowpan.o
                0x000000000020ba48                sicslowpan_driver
 .rodata.rpl_lite_driver
                0x000000000020ba58       0x50 obj_cc2538dk/rpl.o
                0x000000000020ba58                rpl_lite_driver
 .rodata.autostart_processes
                0x000000000020baa8        0x8 read_vdd3.o
                0x000000000020baa8                autostart_processes
 .rodata.linkaddr_null
                0x000000000020bab0        0x8 obj_cc2538dk/linkaddr.o
                0x000000000020bab0                linkaddr_null
 .rodata.leds_arch_leds
                0x000000000020bab8        0x8 obj_cc2538dk/leds-arch.o
                0x000000000020bab8                leds_arch_leds
 .rodata.platform_init_stage_three.str1.1
                0x000000000020bac0       0x35 obj_cc2538dk/platform.o
                                         0x39 (size before relaxing)
 .rodata.str1.1
                0x000000000020baf5        0x8 obj_cc2538dk/sensors.o
 .rodata.str1.1
                0x000000000020bafd       0x2e obj_cc2538dk/board-buttons.o
 .rodata.str1.1
                0x000000000020bb2b        0x4 obj_cc2538dk/als-sensor.o
 .rodata.str1.1
                0x000000000020bb2f       0x11 obj_cc2538dk/cc2538-rf.o
 .rodata.str1.1
                0x000000000020bb40       0x14 obj_cc2538dk/cc2538-temp-sensor.o
 .rodata.str1.1
                0x000000000020bb54        0x5 obj_cc2538dk/vdd3-sensor.o
 .rodata.main.str1.1
                0x000000000020bb59       0xe1 obj_cc2538dk/contiki-main.o
                                         0xf7 (size before relaxing)
 .rodata.str1.1
                0x000000000020bc3a        0xc obj_cc2538dk/etimer.o
 .rodata.log_6addr.str1.1
                0x000000000020bc46        0x3 obj_cc2538dk/log.o
 .rodata.log_lladdr.str1.1
                0x000000000020bc49       0x16 obj_cc2538dk/log.o
 .rodata.str1.1
                0x000000000020bc5f        0xf obj_cc2538dk/ctimer.o
 .rodata.process_thread_stack_check_process.str1.1
                0x000000000020bc6e       0x23 obj_cc2538dk/stack-check.o
                                         0x32 (size before relaxing)
 .rodata.str1.1
                0x000000000020bc91        0xc obj_cc2538dk/stack-check.o
 .rodata.str1.1
                0x000000000020bc9d       0x13 obj_cc2538dk/button-hal.o
 .rodata.str1.1
                0x000000000020bcb0        0xe obj_cc2538dk/serial-line.o
 .rodata.buffer.5319
                0x000000000020bcbe       0x10 obj_cc2538dk/strformat.o
 .rodata.buffer.5328
                0x000000000020bcce       0x10 obj_cc2538dk/strformat.o
 .rodata.format_str_v.str1.1
                0x000000000020bcde       0x35 obj_cc2538dk/strformat.o
                                         0x37 (size before relaxing)
 .rodata.str1.1
                0x000000000020bd13        0x5 obj_cc2538dk/csma.o
 .rodata.str1.1
                0x000000000020bd18        0xd obj_cc2538dk/tcpip.o
 .rodata        0x000000000020bd25        0x2 obj_cc2538dk/sicslowpan.o
 .rodata.llprefix
                0x000000000020bd27        0x2 obj_cc2538dk/sicslowpan.o
                0x000000000020bd27                llprefix
 .rodata.str1.1
                0x000000000020bd29        0xb obj_cc2538dk/sicslowpan.o
 .rodata.ttl_values
                0x000000000020bd34        0x4 obj_cc2538dk/sicslowpan.o
 .rodata.unc_ctxconf
                0x000000000020bd38        0x4 obj_cc2538dk/sicslowpan.o
                0x000000000020bd38                unc_ctxconf
 .rodata.unc_llconf
                0x000000000020bd3c        0x4 obj_cc2538dk/sicslowpan.o
                0x000000000020bd3c                unc_llconf
 .rodata.unc_mxconf
                0x000000000020bd40        0x4 obj_cc2538dk/sicslowpan.o
                0x000000000020bd40                unc_mxconf
 .rodata.uiplib_ipaddr_snprint.str1.1
                0x000000000020bd44       0x28 obj_cc2538dk/uiplib.o
                                         0x2a (size before relaxing)
 .rodata.rpl_dag_init_root.str1.1
                0x000000000020bd6c        0xa obj_cc2538dk/rpl-dag.o
 .rodata.rpl_dag_update_state.str1.1
                0x000000000020bd76       0x31 obj_cc2538dk/rpl-dag.o
 .rodata.rpl_global_repair.str1.1
                0x000000000020bda7        0xe obj_cc2538dk/rpl-dag.o
 .rodata.rpl_local_repair.str1.1
                0x000000000020bdb5        0xd obj_cc2538dk/rpl-dag.o
 .rodata.rpl_process_dao_ack.str1.1
                0x000000000020bdc2        0xa obj_cc2538dk/rpl-dag.o
 .rodata.rpl_process_dio.str1.1
                0x000000000020bdcc       0x3a obj_cc2538dk/rpl-dag.o
 .rodata.rpl_process_dis.str1.1
                0x000000000020be06        0xe obj_cc2538dk/rpl-dag.o
 .rodata.handle_dao_timer.str1.1
                0x000000000020be14        0xc obj_cc2538dk/rpl-timers.o
 .rodata.str1.1
                0x000000000020be20        0x9 obj_cc2538dk/rpl.o
 .rodata.process_thread_read_vdd3.str1.1
                0x000000000020be29       0x26 read_vdd3.o
 .rodata.str1.1
                0x000000000020be4f       0x11 read_vdd3.o
                0x000000000020be60                _etext = .

.glue_7         0x000000000020be60        0x0
 .glue_7        0x000000000020be60        0x0 linker stubs

.glue_7t        0x000000000020be60        0x0
 .glue_7t       0x000000000020be60        0x0 linker stubs

.vfp11_veneer   0x000000000020be60        0x0
 .vfp11_veneer  0x000000000020be60        0x0 linker stubs

.v4_bx          0x000000000020be60        0x0
 .v4_bx         0x000000000020be60        0x0 linker stubs

.iplt           0x000000000020be60        0x0
 .iplt          0x000000000020be60        0x0 obj_cc2538dk/startup-gcc.o

.socdata        0x0000000020000000       0x40
 *(SORT_BY_ALIGNMENT(.udma_channel_control_table))
 .udma_channel_control_table
                0x0000000020000000       0x40 obj_cc2538dk/udma.o

.data           0x0000000020000040      0x354 load address 0x000000000020be60
                0x0000000020000040                _data = .
 *(SORT_BY_ALIGNMENT(.data*))
 .data.sensors_process
                0x0000000020000040       0x10 obj_cc2538dk/sensors.o
                0x0000000020000040                sensors_process
 .data.sensors  0x0000000020000050       0x10 obj_cc2538dk/smartrf-sensors.o
                0x0000000020000050                sensors
 .data.button_hal_buttons
                0x0000000020000060       0x18 obj_cc2538dk/board-buttons.o
                0x0000000020000060                button_hal_buttons
 .data.key_down
                0x0000000020000078       0x4c obj_cc2538dk/board-buttons.o
 .data.key_left
                0x00000000200000c4       0x4c obj_cc2538dk/board-buttons.o
 .data.key_right
                0x0000000020000110       0x4c obj_cc2538dk/board-buttons.o
 .data.key_select
                0x000000002000015c       0x4c obj_cc2538dk/board-buttons.o
 .data.key_up   0x00000000200001a8       0x4c obj_cc2538dk/board-buttons.o
 .data.cc2538_rf_process
                0x00000000200001f4       0x10 obj_cc2538dk/cc2538-rf.o
                0x00000000200001f4                cc2538_rf_process
 .data.etimer_process
                0x0000000020000204       0x10 obj_cc2538dk/etimer.o
                0x0000000020000204                etimer_process
 .data.curr_log_level_main
                0x0000000020000214        0x4 obj_cc2538dk/log.o
                0x0000000020000214                curr_log_level_main
 .data.ctimer_process
                0x0000000020000218       0x10 obj_cc2538dk/ctimer.o
                0x0000000020000218                ctimer_process
 .data.stack_check_process
                0x0000000020000228       0x10 obj_cc2538dk/stack-check.o
                0x0000000020000228                stack_check_process
 .data.button_hal_process
                0x0000000020000238       0x10 obj_cc2538dk/button-hal.o
                0x0000000020000238                button_hal_process
 .data.serial_line_process
                0x0000000020000248       0x10 obj_cc2538dk/serial-line.o
                0x0000000020000248                serial_line_process
 .data.bufmem   0x0000000020000258        0xc obj_cc2538dk/queuebuf.o
 .data.buframmem
                0x0000000020000264        0xc obj_cc2538dk/queuebuf.o
 .data.neighbor_addr_mem
                0x0000000020000270        0xc obj_cc2538dk/nbr-table.o
 .data.link_stats_struct
                0x000000002000027c       0x10 obj_cc2538dk/link-stats.o
 .data.ctxt     0x000000002000028c        0x8 obj_cc2538dk/printf.o
 .data.metadata_memb
                0x0000000020000294        0xc obj_cc2538dk/csma-output.o
 .data.neighbor_memb
                0x00000000200002a0        0xc obj_cc2538dk/csma-output.o
 .data.packet_memb
                0x00000000200002ac        0xc obj_cc2538dk/csma-output.o
 .data.echo_reply_handler
                0x00000000200002b8        0xc obj_cc2538dk/uip-icmp6.o
 .data.echo_request_handler
                0x00000000200002c4        0xc obj_cc2538dk/uip-icmp6.o
 .data.nodememb
                0x00000000200002d0        0xc obj_cc2538dk/uip-sr.o
 .data.defaultroutermemb
                0x00000000200002dc        0xc obj_cc2538dk/uip-ds6-route.o
 .data.ds6_neighbors
                0x00000000200002e8        0x4 obj_cc2538dk/uip-ds6-nbr.o
                0x00000000200002e8                ds6_neighbors
 .data.ds6_neighbors_struct
                0x00000000200002ec       0x10 obj_cc2538dk/uip-ds6-nbr.o
 .data.tcpip_process
                0x00000000200002fc       0x10 obj_cc2538dk/tcpip.o
                0x00000000200002fc                tcpip_process
 .data.ns_input_handler
                0x000000002000030c        0xc obj_cc2538dk/uip-nd6.o
 .data.rpl_neighbors
                0x0000000020000318        0x4 obj_cc2538dk/rpl-neighbor.o
                0x0000000020000318                rpl_neighbors
 .data.rpl_neighbors_struct
                0x000000002000031c       0x10 obj_cc2538dk/rpl-neighbor.o
 .data.rpl_mrhof
                0x000000002000032c       0x24 obj_cc2538dk/rpl-mrhof.o
                0x000000002000032c                rpl_mrhof
 .data.dao_ack_handler
                0x0000000020000350        0xc obj_cc2538dk/rpl-icmp6.o
 .data.dao_handler
                0x000000002000035c        0xc obj_cc2538dk/rpl-icmp6.o
 .data.dio_handler
                0x0000000020000368        0xc obj_cc2538dk/rpl-icmp6.o
 .data.dis_handler
                0x0000000020000374        0xc obj_cc2538dk/rpl-icmp6.o
 .data.read_vdd3
                0x0000000020000380       0x10 read_vdd3.o
                0x0000000020000380                read_vdd3
 .data.mac_pan_id
                0x0000000020000390        0x2 obj_cc2538dk/frame802154.o
 .data.rf_channel
                0x0000000020000392        0x1 obj_cc2538dk/cc2538-rf.o
 .data.send_on_cca
                0x0000000020000393        0x1 obj_cc2538dk/cc2538-rf.o
                0x0000000020000394                _edata = .
                0x000000000020be60                _ldata = LOADADDR (.data)

.igot.plt       0x0000000020000394        0x0 load address 0x000000000020c1b4
 .igot.plt      0x0000000020000394        0x0 obj_cc2538dk/startup-gcc.o

.ARM.exidx      0x000000000020c1b4        0x8
 *(SORT_BY_ALIGNMENT(.ARM.exidx*))
 .ARM.exidx     0x000000000020c1b4        0x8 /usr/bin/../lib/gcc/arm-none-eabi/7.3.1/thumb/v7-m/libgcc.a(_udivmoddi4.o)

.bss            0x0000000020000398     0x21f8
                0x0000000020000398                _bss = .
 *(SORT_BY_ALIGNMENT(.bss*))
 .bss.rt_ticks_epoch
                0x0000000020000398        0x8 obj_cc2538dk/clock.o
 .bss.rt_ticks_startup
                0x00000000200003a0        0x8 obj_cc2538dk/clock.o
 .bss.events.5303
                0x00000000200003a8        0x4 obj_cc2538dk/sensors.o
 .bss.i.5302    0x00000000200003ac        0x4 obj_cc2538dk/sensors.o
 .bss.next_trigger
                0x00000000200003b0        0x4 obj_cc2538dk/rtimer-arch.o
 .bss.input_handler
                0x00000000200003b4        0x8 obj_cc2538dk/uart.o
 .bss.ioc_over  0x00000000200003bc        0x4 obj_cc2538dk/ioc.o
 .bss.ioc_sel   0x00000000200003c0        0x4 obj_cc2538dk/ioc.o
 .bss.notification_process
                0x00000000200003c4        0x4 obj_cc2538dk/crypto.o
 .bss.periph_permit_pm1_funcs
                0x00000000200003c8       0x14 obj_cc2538dk/lpm.o
 .bss.notification_process
                0x00000000200003dc        0x4 obj_cc2538dk/pka.o
 .bss.next_expiration
                0x00000000200003e0        0x4 obj_cc2538dk/etimer.o
 .bss.timerlist
                0x00000000200003e4        0x4 obj_cc2538dk/etimer.o
 .bss.ctimer_list_list
                0x00000000200003e8        0x4 obj_cc2538dk/ctimer.o
 .bss.events    0x00000000200003ec      0x180 obj_cc2538dk/process.o
 .bss.process_current
                0x000000002000056c        0x4 obj_cc2538dk/process.o
                0x000000002000056c                process_current
 .bss.process_list
                0x0000000020000570        0x4 obj_cc2538dk/process.o
                0x0000000020000570                process_list
 .bss.next_rtimer
                0x0000000020000574        0x4 obj_cc2538dk/rtimer.o
 .bss.et.5674   0x0000000020000578       0x10 obj_cc2538dk/stack-check.o
 .bss.button_event_handler
                0x0000000020000588        0xc obj_cc2538dk/button-hal.o
 .bss.pmask     0x0000000020000594        0x4 obj_cc2538dk/button-hal.o
 .bss.ptr.5287  0x0000000020000598        0x4 obj_cc2538dk/serial-line.o
 .bss.rxbuf     0x000000002000059c        0x8 obj_cc2538dk/serial-line.o
 .bss.handlers_list
                0x00000000200005a4        0x4 obj_cc2538dk/gpio-hal.o
 .bss.bufmem_memb_mem
                0x00000000200005a8       0x20 obj_cc2538dk/queuebuf.o
 .bss.all_tables
                0x00000000200005c8       0x20 obj_cc2538dk/nbr-table.o
 .bss.nbr_table_keys_list
                0x00000000200005e8        0x4 obj_cc2538dk/nbr-table.o
 .bss.neighbor_addr_mem_memb_mem
                0x00000000200005ec       0xc0 obj_cc2538dk/nbr-table.o
 .bss.num_tables
                0x00000000200006ac        0x4 obj_cc2538dk/nbr-table.o
 .bss.packetbuf_aligned
                0x00000000200006b0       0x80 obj_cc2538dk/packetbuf.o
 .bss.ip_processor_list_list
                0x0000000020000730        0x4 obj_cc2538dk/netstack.o
 .bss._link_stats_mem
                0x0000000020000734       0xc0 obj_cc2538dk/link-stats.o
 .bss.received_seqnos
                0x00000000200007f4      0x100 obj_cc2538dk/mac-sequence.o
 .bss.metadata_memb_memb_mem
                0x00000000200008f4       0x60 obj_cc2538dk/csma-output.o
 .bss.neighbor_list_list
                0x0000000020000954        0x4 obj_cc2538dk/csma-output.o
 .bss.neighbor_memb_memb_mem
                0x0000000020000958       0x70 obj_cc2538dk/csma-output.o
 .bss.packet_memb_memb_mem
                0x00000000200009c8       0x60 obj_cc2538dk/csma-output.o
 .bss.echo_reply_callback_list_list
                0x0000000020000a28        0x4 obj_cc2538dk/uip-icmp6.o
 .bss.input_handler_list_list
                0x0000000020000a2c        0x4 obj_cc2538dk/uip-icmp6.o
 .bss.nodelist_list
                0x0000000020000a30        0x4 obj_cc2538dk/uip-sr.o
 .bss.nodememb_memb_mem
                0x0000000020000a34      0x180 obj_cc2538dk/uip-sr.o
 .bss.num_nodes
                0x0000000020000bb4        0x4 obj_cc2538dk/uip-sr.o
 .bss.locaddr   0x0000000020000bb8        0x4 obj_cc2538dk/uip-ds6.o
 .bss.locmaddr  0x0000000020000bbc        0x4 obj_cc2538dk/uip-ds6.o
 .bss.locprefix
                0x0000000020000bc0        0x4 obj_cc2538dk/uip-ds6.o
 .bss.defaultrouterlist_list
                0x0000000020000bc4        0x4 obj_cc2538dk/uip-ds6-route.o
 .bss.defaultroutermemb_memb_mem
                0x0000000020000bc8       0x40 obj_cc2538dk/uip-ds6-route.o
 .bss.periodic  0x0000000020000c08       0x10 obj_cc2538dk/tcpip.o
 .bss.addr      0x0000000020000c18        0x4 obj_cc2538dk/uip-nd6.o
 .bss.nbr       0x0000000020000c1c        0x4 obj_cc2538dk/uip-nd6.o
 .bss.nd6_opt_llao
                0x0000000020000c20        0x4 obj_cc2538dk/uip-nd6.o
 .bss.callback  0x0000000020000c24        0x4 obj_cc2538dk/sicslowpan.o
 .bss.context   0x0000000020000c28        0x4 obj_cc2538dk/sicslowpan.o
 .bss.frag_info
                0x0000000020000c2c      0x170 obj_cc2538dk/sicslowpan.o
 .bss.hc06_ptr  0x0000000020000d9c        0x4 obj_cc2538dk/sicslowpan.o
 .bss.last_rssi
                0x0000000020000da0        0x4 obj_cc2538dk/sicslowpan.o
 .bss.last_tx_status
                0x0000000020000da4        0x4 obj_cc2538dk/sicslowpan.o
 .bss.mac_max_payload
                0x0000000020000da8        0x4 obj_cc2538dk/sicslowpan.o
 .bss.packetbuf_payload_len
                0x0000000020000dac        0x4 obj_cc2538dk/sicslowpan.o
 .bss.packetbuf_ptr
                0x0000000020000db0        0x4 obj_cc2538dk/sicslowpan.o
 .bss.num_parents
                0x0000000020000db4        0x4 obj_cc2538dk/rpl-nbr-policy.o
 .bss.worst_rank_nbr_lladdr
                0x0000000020000db8        0x4 obj_cc2538dk/rpl-nbr-policy.o
 .bss._rpl_neighbors_mem
                0x0000000020000dbc       0x80 obj_cc2538dk/rpl-neighbor.o
 .bss.dis_timer
                0x0000000020000e3c       0x20 obj_cc2538dk/rpl-timers.o
 .bss.periodic_timer
                0x0000000020000e5c       0x20 obj_cc2538dk/rpl-timers.o
 .bss.timer.5278
                0x0000000020000e7c       0x10 read_vdd3.o
 .bss.node_id   0x0000000020000e8c        0x2 obj_cc2538dk/node-id.o
                0x0000000020000e8c                node_id
 .bss.buframmem_memb_mem
                0x0000000020000e8e      0x560 obj_cc2538dk/queuebuf.o
 .bss.buflen    0x00000000200013ee        0x2 obj_cc2538dk/packetbuf.o
 .bss.bufptr    0x00000000200013f0        0x2 obj_cc2538dk/packetbuf.o
 .bss.uipbuf_attrs
                0x00000000200013f2        0xc obj_cc2538dk/uipbuf.o
 .bss.tmp_ipaddr
                0x00000000200013fe       0x10 obj_cc2538dk/uip-icmp6.o
 .bss.loc_fipaddr
                0x000000002000140e       0x10 obj_cc2538dk/uip-ds6.o
 .bss._ds6_neighbors_mem
                0x000000002000141e      0x120 obj_cc2538dk/uip-ds6-nbr.o
 .bss.lastport  0x000000002000153e        0x2 obj_cc2538dk/uip6.o
 .bss.my_tag    0x0000000020001540        0x2 obj_cc2538dk/sicslowpan.o
 .bss.worst_rank
                0x0000000020001542        0x2 obj_cc2538dk/rpl-nbr-policy.o
 .bss.root_ipaddr.6855
                0x0000000020001544       0x10 obj_cc2538dk/rpl-dag-root.o
 .bss.num_sensors
                0x0000000020001554        0x1 obj_cc2538dk/sensors.o
 .bss.crc_corr  0x0000000020001555        0x1 obj_cc2538dk/cc2538-rf.o
 .bss.poll_mode
                0x0000000020001556        0x1 obj_cc2538dk/cc2538-rf.o
 .bss.rf_flags  0x0000000020001557        0x1 obj_cc2538dk/cc2538-rf.o
 .bss.rssi      0x0000000020001558        0x1 obj_cc2538dk/cc2538-rf.o
 .bss.max_pm    0x0000000020001559        0x1 obj_cc2538dk/lpm.o
 .bss.initialized
                0x000000002000155a        0x1 obj_cc2538dk/ctimer.o
 .bss.fevent    0x000000002000155b        0x1 obj_cc2538dk/process.o
 .bss.lastevent
                0x000000002000155c        0x1 obj_cc2538dk/process.o
 .bss.nevents   0x000000002000155d        0x1 obj_cc2538dk/process.o
 .bss.poll_requested
                0x000000002000155e        0x1 obj_cc2538dk/process.o
 .bss.buf.5286  0x000000002000155f       0x80 obj_cc2538dk/serial-line.o
 .bss.overflow.5280
                0x00000000200015df        0x1 obj_cc2538dk/serial-line.o
 .bss.rxbuf_data
                0x00000000200015e0       0x80 obj_cc2538dk/serial-line.o
 .bss.bufmem_memb_count
                0x0000000020001660        0x8 obj_cc2538dk/queuebuf.o
 .bss.buframmem_memb_count
                0x0000000020001668        0x8 obj_cc2538dk/queuebuf.o
 .bss.locked_map
                0x0000000020001670       0x10 obj_cc2538dk/nbr-table.o
 .bss.neighbor_addr_mem_memb_count
                0x0000000020001680       0x10 obj_cc2538dk/nbr-table.o
 .bss.used_map  0x0000000020001690       0x10 obj_cc2538dk/nbr-table.o
 .bss.hdrlen    0x00000000200016a0        0x1 obj_cc2538dk/packetbuf.o
 .bss.initialized
                0x00000000200016a1        0x1 obj_cc2538dk/framer-802154.o
 .bss.mac_dsn   0x00000000200016a2        0x1 obj_cc2538dk/framer-802154.o
 .bss.initialized.6148
                0x00000000200016a3        0x1 obj_cc2538dk/csma-output.o
 .bss.metadata_memb_memb_count
                0x00000000200016a4        0x8 obj_cc2538dk/csma-output.o
 .bss.neighbor_memb_memb_count
                0x00000000200016ac        0x2 obj_cc2538dk/csma-output.o
 .bss.packet_memb_memb_count
                0x00000000200016ae        0x8 obj_cc2538dk/csma-output.o
 .bss.seqno.6149
                0x00000000200016b6        0x1 obj_cc2538dk/csma-output.o
 .bss.nodememb_memb_count
                0x00000000200016b7       0x10 obj_cc2538dk/uip-sr.o
 .bss.defaultroutermemb_memb_count
                0x00000000200016c7        0x2 obj_cc2538dk/uip-ds6-route.o
 .bss.uip_ext_bitmap
                0x00000000200016c9        0x1 obj_cc2538dk/uip6.o
                0x00000000200016c9                uip_ext_bitmap
 .bss.uip_ext_len
                0x00000000200016ca        0x1 obj_cc2538dk/uip6.o
                0x00000000200016ca                uip_ext_len
 .bss.uip_ext_opt_offset
                0x00000000200016cb        0x1 obj_cc2538dk/uip6.o
                0x00000000200016cb                uip_ext_opt_offset
 .bss.nd6_opt_offset
                0x00000000200016cc        0x1 obj_cc2538dk/uip-nd6.o
 .bss.addr_contexts
                0x00000000200016cd        0xa obj_cc2538dk/sicslowpan.o
 .bss.curr_page
                0x00000000200016d7        0x1 obj_cc2538dk/sicslowpan.o
 .bss.frag_buf  0x00000000200016d8      0x54c obj_cc2538dk/sicslowpan.o
 .bss.packetbuf_hdr_len
                0x0000000020001c24        0x1 obj_cc2538dk/sicslowpan.o
 .bss.uncomp_hdr_len
                0x0000000020001c25        0x1 obj_cc2538dk/sicslowpan.o
 .bss.rpl_leaf_only
                0x0000000020001c26        0x1 obj_cc2538dk/rpl.o
 .bss.initialized.6865
                0x0000000020001c27        0x1 obj_cc2538dk/rpl-dag-root.o
 *(SORT_BY_ALIGNMENT(COMMON))
 COMMON         0x0000000020001c28       0x20 obj_cc2538dk/link-stats.o
                0x0000000020001c28                periodic_timer
 COMMON         0x0000000020001c48      0x174 obj_cc2538dk/uip-ds6.o
                0x0000000020001c48                uip_ds6_timer_ra
                0x0000000020001c50                uip_ds6_if
                0x0000000020001d48                uip_ds6_netif_addr_list_offset
                0x0000000020001d49                uip_ds6_addr_size
                0x0000000020001d4c                uip_ds6_prefix_list